Archive member included to satisfy reference by file (symbol)

mbot/libmbotlib.a(motor.c.obj)
                              CMakeFiles/mbot_teleoperation.dir/tests/mbot_teleoperation.c.obj (mbot_motor_init)
mbot/libmbotlib.a(encoder.c.obj)
                              CMakeFiles/mbot_teleoperation.dir/tests/mbot_teleoperation.c.obj (mbot_encoder_init)
/usr/lib/gcc/arm-none-eabi/10.3.1/thumb/v6-m/nofp/libgcc.a(_dvmd_tls.o)
                              CMakeFiles/mbot_teleoperation.dir/lib/pico-sdk/src/rp2_common/pico_divider/divider.S.obj (__aeabi_idiv0)
/usr/lib/gcc/arm-none-eabi/10.3.1/../../../arm-none-eabi/lib/thumb/v6-m/nofp/libg.a(lib_a-atexit.o)
                              /usr/lib/gcc/arm-none-eabi/10.3.1/../../../arm-none-eabi/lib/thumb/v6-m/nofp/crt0.o (atexit)
/usr/lib/gcc/arm-none-eabi/10.3.1/../../../arm-none-eabi/lib/thumb/v6-m/nofp/libg.a(lib_a-calloc.o)
                              CMakeFiles/mbot_teleoperation.dir/lib/pico-sdk/src/rp2_common/pico_malloc/pico_malloc.c.obj (calloc)
/usr/lib/gcc/arm-none-eabi/10.3.1/../../../arm-none-eabi/lib/thumb/v6-m/nofp/libg.a(lib_a-callocr.o)
                              /usr/lib/gcc/arm-none-eabi/10.3.1/../../../arm-none-eabi/lib/thumb/v6-m/nofp/libg.a(lib_a-calloc.o) (_calloc_r)
/usr/lib/gcc/arm-none-eabi/10.3.1/../../../arm-none-eabi/lib/thumb/v6-m/nofp/libg.a(lib_a-ctype_.o)
                              CMakeFiles/mbot_teleoperation.dir/lib/pico-sdk/lib/tinyusb/src/tusb.c.obj (_ctype_)
/usr/lib/gcc/arm-none-eabi/10.3.1/../../../arm-none-eabi/lib/thumb/v6-m/nofp/libg.a(lib_a-fini.o)
                              /usr/lib/gcc/arm-none-eabi/10.3.1/../../../arm-none-eabi/lib/thumb/v6-m/nofp/crt0.o (__libc_fini_array)
/usr/lib/gcc/arm-none-eabi/10.3.1/../../../arm-none-eabi/lib/thumb/v6-m/nofp/libg.a(lib_a-fwrite.o)
                              mbot/libmbotlib.a(motor.c.obj) (fwrite)
/usr/lib/gcc/arm-none-eabi/10.3.1/../../../arm-none-eabi/lib/thumb/v6-m/nofp/libg.a(lib_a-impure.o)
                              mbot/libmbotlib.a(motor.c.obj) (_impure_ptr)
/usr/lib/gcc/arm-none-eabi/10.3.1/../../../arm-none-eabi/lib/thumb/v6-m/nofp/libg.a(lib_a-init.o)
                              /usr/lib/gcc/arm-none-eabi/10.3.1/../../../arm-none-eabi/lib/thumb/v6-m/nofp/crt0.o (__libc_init_array)
/usr/lib/gcc/arm-none-eabi/10.3.1/../../../arm-none-eabi/lib/thumb/v6-m/nofp/libg.a(lib_a-malloc.o)
                              CMakeFiles/mbot_teleoperation.dir/lib/pico-sdk/src/rp2_common/pico_malloc/pico_malloc.c.obj (malloc)
/usr/lib/gcc/arm-none-eabi/10.3.1/../../../arm-none-eabi/lib/thumb/v6-m/nofp/libg.a(lib_a-mallocr.o)
                              /usr/lib/gcc/arm-none-eabi/10.3.1/../../../arm-none-eabi/lib/thumb/v6-m/nofp/libg.a(lib_a-callocr.o) (_malloc_r)
/usr/lib/gcc/arm-none-eabi/10.3.1/../../../arm-none-eabi/lib/thumb/v6-m/nofp/libg.a(lib_a-mlock.o)
                              /usr/lib/gcc/arm-none-eabi/10.3.1/../../../arm-none-eabi/lib/thumb/v6-m/nofp/libg.a(lib_a-mallocr.o) (__malloc_lock)
/usr/lib/gcc/arm-none-eabi/10.3.1/../../../arm-none-eabi/lib/thumb/v6-m/nofp/libg.a(lib_a-realloc.o)
                              CMakeFiles/mbot_teleoperation.dir/lib/pico-sdk/src/rp2_common/pico_malloc/pico_malloc.c.obj (realloc)
/usr/lib/gcc/arm-none-eabi/10.3.1/../../../arm-none-eabi/lib/thumb/v6-m/nofp/libg.a(lib_a-reallocr.o)
                              /usr/lib/gcc/arm-none-eabi/10.3.1/../../../arm-none-eabi/lib/thumb/v6-m/nofp/libg.a(lib_a-realloc.o) (_realloc_r)
/usr/lib/gcc/arm-none-eabi/10.3.1/../../../arm-none-eabi/lib/thumb/v6-m/nofp/libg.a(lib_a-sbrkr.o)
                              /usr/lib/gcc/arm-none-eabi/10.3.1/../../../arm-none-eabi/lib/thumb/v6-m/nofp/libg.a(lib_a-mallocr.o) (_sbrk_r)
/usr/lib/gcc/arm-none-eabi/10.3.1/../../../arm-none-eabi/lib/thumb/v6-m/nofp/libg.a(lib_a-strlen-stub.o)
                              CMakeFiles/mbot_teleoperation.dir/lib/pico-sdk/src/rp2_common/pico_stdio/stdio.c.obj (strlen)
/usr/lib/gcc/arm-none-eabi/10.3.1/../../../arm-none-eabi/lib/thumb/v6-m/nofp/libg.a(lib_a-__atexit.o)
                              /usr/lib/gcc/arm-none-eabi/10.3.1/../../../arm-none-eabi/lib/thumb/v6-m/nofp/libg.a(lib_a-atexit.o) (__register_exitproc)
/usr/lib/gcc/arm-none-eabi/10.3.1/../../../arm-none-eabi/lib/thumb/v6-m/nofp/libg.a(lib_a-findfp.o)
                              /usr/lib/gcc/arm-none-eabi/10.3.1/../../../arm-none-eabi/lib/thumb/v6-m/nofp/libg.a(lib_a-fwrite.o) (__sinit)
/usr/lib/gcc/arm-none-eabi/10.3.1/../../../arm-none-eabi/lib/thumb/v6-m/nofp/libg.a(lib_a-freer.o)
                              /usr/lib/gcc/arm-none-eabi/10.3.1/../../../arm-none-eabi/lib/thumb/v6-m/nofp/libg.a(lib_a-malloc.o) (_free_r)
/usr/lib/gcc/arm-none-eabi/10.3.1/../../../arm-none-eabi/lib/thumb/v6-m/nofp/libg.a(lib_a-fvwrite.o)
                              /usr/lib/gcc/arm-none-eabi/10.3.1/../../../arm-none-eabi/lib/thumb/v6-m/nofp/libg.a(lib_a-fwrite.o) (__sfvwrite_r)
[...]
Memory Configuration

Name             Origin             Length             Attributes
FLASH            0x0000000010000000 0x0000000000200000 xr
RAM              0x0000000020000000 0x0000000000040000 xrw
SCRATCH_X        0x0000000020040000 0x0000000000001000 xrw
SCRATCH_Y        0x0000000020041000 0x0000000000001000 xrw
*default*        0x0000000000000000 0xffffffffffffffff

Linker script and memory map

LOAD /usr/lib/gcc/arm-none-eabi/10.3.1/thumb/v6-m/nofp/crti.o
LOAD /usr/lib/gcc/arm-none-eabi/10.3.1/thumb/v6-m/nofp/crtbegin.o
LOAD /usr/lib/gcc/arm-none-eabi/10.3.1/../../../arm-none-eabi/lib/thumb/v6-m/nofp/crt0.o

.flash_begin    0x0000000010000000        0x0
                0x0000000010000000                __flash_binary_start = .

.boot2          0x0000000010000000      0x100
                0x0000000010000000                __boot2_start__ = .
 *(.boot2)
 .boot2         0x0000000010000000      0x100 /tmp/ccHlXP8x.o
                0x0000000010000100                __boot2_end__ = .
                0x0000000000000001                ASSERT (((__boot2_end__ - __boot2_start__) == 0x100), ERROR: Pico second stage bootloader must be 256 bytes in size)

.text           0x0000000010000100     0xa4b8
                0x0000000010000100                __logical_binary_start = .
 *(.vectors)
 .vectors       0x0000000010000100       0xd4 CMakeFiles/mbot_teleoperation.dir/lib/pico-sdk/src/rp2_common/pico_standard_link/crt0.S.obj
                0x0000000010000100                __vectors
                0x0000000010000100                __VECTOR_TABLE
                0x00000000100001c0                isr_invalid
                0x00000000100001c0                __default_isrs_start
                0x00000000100001c2                isr_nmi
                0x00000000100001c4                isr_hardfault
                0x00000000100001c6                isr_svcall
                0x00000000100001c8                isr_pendsv
                0x00000000100001ca                isr_systick
                0x00000000100001cc                isr_irq30
                0x00000000100001cc                __unhandled_user_irq
                0x00000000100001cc                isr_irq13
                0x00000000100001cc                isr_irq27
                0x00000000100001cc                isr_irq31
                0x00000000100001cc                isr_irq5
                0x00000000100001cc                isr_irq11
                0x00000000100001cc                isr_irq23
                0x00000000100001cc                isr_irq18
                0x00000000100001cc                isr_irq28
                0x00000000100001cc                isr_irq19
                0x00000000100001cc                isr_irq0
                0x00000000100001cc                isr_irq6
                0x00000000100001cc                isr_irq22
                0x00000000100001cc                isr_irq17
                0x00000000100001cc                isr_irq14
                0x00000000100001cc                isr_irq2
                0x00000000100001cc                isr_irq10
                0x00000000100001cc                isr_irq8
                0x00000000100001cc                isr_irq24
                0x00000000100001cc                isr_irq1
                0x00000000100001cc                isr_irq7
                0x00000000100001cc                isr_irq21
                0x00000000100001cc                isr_irq20
                0x00000000100001cc                isr_irq15
                0x00000000100001cc                isr_irq25
                0x00000000100001cc                isr_irq4
                0x00000000100001cc                isr_irq16
                0x00000000100001cc                isr_irq29
                0x00000000100001cc                isr_irq26
                0x00000000100001cc                __default_isrs_end
                0x00000000100001cc                isr_irq3
                0x00000000100001cc                isr_irq12
                0x00000000100001cc                isr_irq9
                0x00000000100001d2                unhandled_user_irq_num_in_r0
 *(.binary_info_header)
 .binary_info_header
                0x00000000100001d4       0x14 CMakeFiles/mbot_teleoperation.dir/lib/pico-sdk/src/rp2_common/pico_standard_link/crt0.S.obj
                0x00000000100001e8                __binary_info_header_end = .
 *(.reset)
 .reset         0x00000000100001e8       0xa8 CMakeFiles/mbot_teleoperation.dir/lib/pico-sdk/src/rp2_common/pico_standard_link/crt0.S.obj
                0x00000000100001e8                _entry_point
                0x0000000010000266                __get_current_exception
 .reset         0x0000000010000290       0x30 CMakeFiles/mbot_teleoperation.dir/lib/pico-sdk/src/rp2_common/pico_standard_link/binary_info.c.obj
 *(.init)
 .init          0x00000000100002c0        0x4 /usr/lib/gcc/arm-none-eabi/10.3.1/thumb/v6-m/nofp/crti.o
                0x00000000100002c0                _init
 *(EXCLUDE_FILE(*libm.a: *libc.a:*lib_a-mem*.o *libgcc.a:) .text*)
 .text          0x00000000100002c4       0x98 /usr/lib/gcc/arm-none-eabi/10.3.1/thumb/v6-m/nofp/crtbegin.o
 .text.init_buffer
                0x000000001000035c       0x30 CMakeFiles/mbot_teleoperation.dir/tests/mbot_teleoperation.c.obj
                0x000000001000035c                init_buffer
 .text.add_state
                0x000000001000038c       0x40 CMakeFiles/mbot_teleoperation.dir/tests/mbot_teleoperation.c.obj
                0x000000001000038c                add_state
 .text.clipCommand
                0x00000000100003cc       0x2c CMakeFiles/mbot_teleoperation.dir/tests/mbot_teleoperation.c.obj
                0x00000000100003cc                clipCommand
 .text.synchronizeMotors
                0x00000000100003f8      0x2e0 CMakeFiles/mbot_teleoperation.dir/tests/mbot_teleoperation.c.obj
                0x00000000100003f8                synchronizeMotors
 .text.main     0x00000000100006d8       0x40 CMakeFiles/mbot_teleoperation.dir/tests/mbot_teleoperation.c.obj
                0x00000000100006d8                main
 .text.gpio_set_function
                0x0000000010000718       0x30 CMakeFiles/mbot_teleoperation.dir/lib/pico-sdk/src/rp2_common/hardware_gpio/gpio.c.obj
                0x0000000010000718                gpio_set_function
 .text.gpio_get_function
                0x0000000010000748       0x14 CMakeFiles/mbot_teleoperation.dir/lib/pico-sdk/src/rp2_common/hardware_gpio/gpio.c.obj
                0x0000000010000748                gpio_get_function
 .text.gpio_set_pulls
                0x000000001000075c       0x34 CMakeFiles/mbot_teleoperation.dir/lib/pico-sdk/src/rp2_common/hardware_gpio/gpio.c.obj
                0x000000001000075c                gpio_set_pulls
 .text.gpio_init
                0x0000000010000790       0x16 CMakeFiles/mbot_teleoperation.dir/lib/pico-sdk/src/rp2_common/hardware_gpio/gpio.c.obj
                0x0000000010000790                gpio_init
 *fill*         0x00000000100007a6        0x2 
 .text.hw_claim_lock
                0x00000000100007a8       0x18 CMakeFiles/mbot_teleoperation.dir/lib/pico-sdk/src/rp2_common/hardware_claim/claim.c.obj
                0x00000000100007a8                hw_claim_lock
 .text.hw_claim_unlock
                0x00000000100007c0       0x14 CMakeFiles/mbot_teleoperation.dir/lib/pico-sdk/src/rp2_common/hardware_claim/claim.c.obj
                0x00000000100007c0                hw_claim_unlock
 .text.hw_is_claimed
                0x00000000100007d4       0x16 CMakeFiles/mbot_teleoperation.dir/lib/pico-sdk/src/rp2_common/hardware_claim/claim.c.obj
                0x00000000100007d4                hw_is_claimed
 .text.hw_claim_or_assert
                0x00000000100007ea       0x32 CMakeFiles/mbot_teleoperation.dir/lib/pico-sdk/src/rp2_common/hardware_claim/claim.c.obj
                0x00000000100007ea                hw_claim_or_assert
 .text.hw_claim_unused_from_range
                0x000000001000081c       0x50 CMakeFiles/mbot_teleoperation.dir/lib/pico-sdk/src/rp2_common/hardware_claim/claim.c.obj
                0x000000001000081c                hw_claim_unused_from_range
 .text.running_on_fpga
                0x000000001000086c       0x14 CMakeFiles/mbot_teleoperation.dir/lib/pico-sdk/src/rp2_common/pico_platform/platform.c.obj
                0x000000001000086c                running_on_fpga
 .text.spin_locks_reset
                0x0000000010000880       0x20 CMakeFiles/mbot_teleoperation.dir/lib/pico-sdk/src/rp2_common/hardware_sync/sync.c.obj
                0x0000000010000880                spin_locks_reset
 .text.next_striped_spin_lock_num
                0x00000000100008a0       0x1c CMakeFiles/mbot_teleoperation.dir/lib/pico-sdk/src/rp2_common/hardware_sync/sync.c.obj
                0x00000000100008a0                next_striped_spin_lock_num
 .text.spin_lock_claim_unused
                0x00000000100008bc       0x20 CMakeFiles/mbot_teleoperation.dir/lib/pico-sdk/src/rp2_common/hardware_sync/sync.c.obj
                0x00000000100008bc                spin_lock_claim_unused
 .text.set_raw_irq_handler_and_unlock
                0x00000000100008dc       0x28 CMakeFiles/mbot_teleoperation.dir/lib/pico-sdk/src/rp2_common/hardware_irq/irq.c.obj
 .text.make_branch
                0x0000000010000904       0x48 CMakeFiles/mbot_teleoperation.dir/lib/pico-sdk/src/rp2_common/hardware_irq/irq.c.obj
 .text.insert_branch_and_link
                0x000000001000094c       0x40 CMakeFiles/mbot_teleoperation.dir/lib/pico-sdk/src/rp2_common/hardware_irq/irq.c.obj
 .text.irq_is_enabled
                0x000000001000098c       0x18 CMakeFiles/mbot_teleoperation.dir/lib/pico-sdk/src/rp2_common/hardware_irq/irq.c.obj
                0x000000001000098c                irq_is_enabled
 .text.irq_set_mask_enabled
                0x00000000100009a4       0x20 CMakeFiles/mbot_teleoperation.dir/lib/pico-sdk/src/rp2_common/hardware_irq/irq.c.obj
                0x00000000100009a4                irq_set_mask_enabled
 .text.irq_set_enabled
                0x00000000100009c4        0xe CMakeFiles/mbot_teleoperation.dir/lib/pico-sdk/src/rp2_common/hardware_irq/irq.c.obj
                0x00000000100009c4                irq_set_enabled
 *fill*         0x00000000100009d2        0x2 
 .text.irq_set_pending
                0x00000000100009d4       0x10 CMakeFiles/mbot_teleoperation.dir/lib/pico-sdk/src/rp2_common/hardware_irq/irq.c.obj
                0x00000000100009d4                irq_set_pending
 .text.irq_get_vtable_handler
                0x00000000100009e4       0x10 CMakeFiles/mbot_teleoperation.dir/lib/pico-sdk/src/rp2_common/hardware_irq/irq.c.obj
                0x00000000100009e4                irq_get_vtable_handler
 .text.irq_has_shared_handler
                0x00000000100009f4       0x24 CMakeFiles/mbot_teleoperation.dir/lib/pico-sdk/src/rp2_common/hardware_irq/irq.c.obj
                0x00000000100009f4                irq_has_shared_handler
 .text.irq_set_exclusive_handler
                0x0000000010000a18       0x54 CMakeFiles/mbot_teleoperation.dir/lib/pico-sdk/src/rp2_common/hardware_irq/irq.c.obj
                0x0000000010000a18                irq_set_exclusive_handler
 .text.irq_add_shared_handler
                0x0000000010000a6c      0x230 CMakeFiles/mbot_teleoperation.dir/lib/pico-sdk/src/rp2_common/hardware_irq/irq.c.obj
                0x0000000010000a6c                irq_add_shared_handler
 .text.irq_remove_handler
                0x0000000010000c9c      0x1a8 CMakeFiles/mbot_teleoperation.dir/lib/pico-sdk/src/rp2_common/hardware_irq/irq.c.obj
                0x0000000010000c9c                irq_remove_handler
 .text.irq_add_tail_to_free_list
                0x0000000010000e44       0xf0 CMakeFiles/mbot_teleoperation.dir/lib/pico-sdk/src/rp2_common/hardware_irq/irq.c.obj
                0x0000000010000e44                irq_add_tail_to_free_list
 .text.irq_init_priorities
                0x0000000010000f34       0x1c CMakeFiles/mbot_teleoperation.dir/lib/pico-sdk/src/rp2_common/hardware_irq/irq.c.obj
                0x0000000010000f34                irq_init_priorities
 .text.user_irq_claim_unused
                0x0000000010000f50       0x30 CMakeFiles/mbot_teleoperation.dir/lib/pico-sdk/src/rp2_common/hardware_irq/irq.c.obj
                0x0000000010000f50                user_irq_claim_unused
 .text.lock_init
                0x0000000010000f80       0x10 CMakeFiles/mbot_teleoperation.dir/lib/pico-sdk/src/common/pico_sync/lock_core.c.obj
                0x0000000010000f80                lock_init
 .text.alarm_pool_post_alloc_init
                0x0000000010000f90       0x40 CMakeFiles/mbot_teleoperation.dir/lib/pico-sdk/src/common/pico_time/time.c.obj
 .text.sleep_until_callback
                0x0000000010000fd0       0x30 CMakeFiles/mbot_teleoperation.dir/lib/pico-sdk/src/common/pico_time/time.c.obj
 .text.timer_pool_entry_comparator
                0x0000000010001000       0x7c CMakeFiles/mbot_teleoperation.dir/lib/pico-sdk/src/common/pico_time/time.c.obj
                0x0000000010001000                timer_pool_entry_comparator
 .text.ph_add_child_node
                0x000000001000107c       0xa4 CMakeFiles/mbot_teleoperation.dir/lib/pico-sdk/src/common/pico_time/time.c.obj
 .text.ph_merge_nodes
                0x0000000010001120       0x3e CMakeFiles/mbot_teleoperation.dir/lib/pico-sdk/src/common/pico_time/time.c.obj
 *fill*         0x000000001000115e        0x2 
 .text.add_alarm_under_lock
                0x0000000010001160      0x174 CMakeFiles/mbot_teleoperation.dir/lib/pico-sdk/src/common/pico_time/time.c.obj
 .text.alarm_pool_alarm_callback
                0x00000000100012d4      0x328 CMakeFiles/mbot_teleoperation.dir/lib/pico-sdk/src/common/pico_time/time.c.obj
 .text.alarm_pool_init_default
                0x00000000100015fc       0x38 CMakeFiles/mbot_teleoperation.dir/lib/pico-sdk/src/common/pico_time/time.c.obj
                0x00000000100015fc                alarm_pool_init_default
 .text.alarm_pool_get_default
                0x0000000010001634       0x2c CMakeFiles/mbot_teleoperation.dir/lib/pico-sdk/src/common/pico_time/time.c.obj
                0x0000000010001634                alarm_pool_get_default
 .text.alarm_pool_add_alarm_at
                0x0000000010001660      0x170 CMakeFiles/mbot_teleoperation.dir/lib/pico-sdk/src/common/pico_time/time.c.obj
                0x0000000010001660                alarm_pool_add_alarm_at
 .text.alarm_pool_cancel_alarm
                0x00000000100017d0       0xf0 CMakeFiles/mbot_teleoperation.dir/lib/pico-sdk/src/common/pico_time/time.c.obj
                0x00000000100017d0                alarm_pool_cancel_alarm
 .text.sleep_until
                0x00000000100018c0       0xfc CMakeFiles/mbot_teleoperation.dir/lib/pico-sdk/src/common/pico_time/time.c.obj
                0x00000000100018c0                sleep_until
 .text.sleep_us
                0x00000000100019bc       0x58 CMakeFiles/mbot_teleoperation.dir/lib/pico-sdk/src/common/pico_time/time.c.obj
                0x00000000100019bc                sleep_us
 .text.sleep_ms
                0x0000000010001a14       0x14 CMakeFiles/mbot_teleoperation.dir/lib/pico-sdk/src/common/pico_time/time.c.obj
                0x0000000010001a14                sleep_ms
 .text.best_effort_wfe_or_timeout
                0x0000000010001a28       0x80 CMakeFiles/mbot_teleoperation.dir/lib/pico-sdk/src/common/pico_time/time.c.obj
                0x0000000010001a28                best_effort_wfe_or_timeout
 .text.hardware_alarm_irq_handler
                0x0000000010001aa8       0x8c CMakeFiles/mbot_teleoperation.dir/lib/pico-sdk/src/rp2_common/hardware_timer/timer.c.obj
 .text.hardware_alarm_claim
                0x0000000010001b34       0x18 CMakeFiles/mbot_teleoperation.dir/lib/pico-sdk/src/rp2_common/hardware_timer/timer.c.obj
                0x0000000010001b34                hardware_alarm_claim
 .text.time_us_64
                0x0000000010001b4c       0x18 CMakeFiles/mbot_teleoperation.dir/lib/pico-sdk/src/rp2_common/hardware_timer/timer.c.obj
                0x0000000010001b4c                time_us_64
 .text.busy_wait_until
                0x0000000010001b64       0x28 CMakeFiles/mbot_teleoperation.dir/lib/pico-sdk/src/rp2_common/hardware_timer/timer.c.obj
                0x0000000010001b64                busy_wait_until
 .text.busy_wait_us
                0x0000000010001b8c       0x48 CMakeFiles/mbot_teleoperation.dir/lib/pico-sdk/src/rp2_common/hardware_timer/timer.c.obj
                0x0000000010001b8c                busy_wait_us
 .text.hardware_alarm_set_callback
                0x0000000010001bd4       0x90 CMakeFiles/mbot_teleoperation.dir/lib/pico-sdk/src/rp2_common/hardware_timer/timer.c.obj
                0x0000000010001bd4                hardware_alarm_set_callback
 .text.hardware_alarm_set_target
                0x0000000010001c64       0xe8 CMakeFiles/mbot_teleoperation.dir/lib/pico-sdk/src/rp2_common/hardware_timer/timer.c.obj
                0x0000000010001c64                hardware_alarm_set_target
 .text.hardware_alarm_cancel
                0x0000000010001d4c       0x40 CMakeFiles/mbot_teleoperation.dir/lib/pico-sdk/src/rp2_common/hardware_timer/timer.c.obj
                0x0000000010001d4c                hardware_alarm_cancel
 .text.ph_add_child_node
                0x0000000010001d8c       0xa4 CMakeFiles/mbot_teleoperation.dir/lib/pico-sdk/src/common/pico_util/pheap.c.obj
 .text.ph_merge_nodes
                0x0000000010001e30       0x3e CMakeFiles/mbot_teleoperation.dir/lib/pico-sdk/src/common/pico_util/pheap.c.obj
 *fill*         0x0000000010001e6e        0x2 
 .text.ph_clear
                0x0000000010001e70       0x70 CMakeFiles/mbot_teleoperation.dir/lib/pico-sdk/src/common/pico_util/pheap.c.obj
                0x0000000010001e70                ph_clear
 .text.ph_post_alloc_init
                0x0000000010001ee0        0xe CMakeFiles/mbot_teleoperation.dir/lib/pico-sdk/src/common/pico_util/pheap.c.obj
                0x0000000010001ee0                ph_post_alloc_init
 *fill*         0x0000000010001eee        0x2 
 .text.ph_merge_two_pass
                0x0000000010001ef0       0xa8 CMakeFiles/mbot_teleoperation.dir/lib/pico-sdk/src/common/pico_util/pheap.c.obj
                0x0000000010001ef0                ph_merge_two_pass
 .text.ph_remove_any_head
                0x0000000010001f98      0x108 CMakeFiles/mbot_teleoperation.dir/lib/pico-sdk/src/common/pico_util/pheap.c.obj
 .text.ph_remove_head
                0x00000000100020a0       0x14 CMakeFiles/mbot_teleoperation.dir/lib/pico-sdk/src/common/pico_util/pheap.c.obj
                0x00000000100020a0                ph_remove_head
 .text.ph_remove_and_free_node
                0x00000000100020b4       0xf8 CMakeFiles/mbot_teleoperation.dir/lib/pico-sdk/src/common/pico_util/pheap.c.obj
                0x00000000100020b4                ph_remove_and_free_node
 .text.mutex_init
                0x00000000100021ac       0x1a CMakeFiles/mbot_teleoperation.dir/lib/pico-sdk/src/common/pico_sync/mutex.c.obj
                0x00000000100021ac                mutex_init
 .text.recursive_mutex_init
                0x00000000100021c6       0x1e CMakeFiles/mbot_teleoperation.dir/lib/pico-sdk/src/common/pico_sync/mutex.c.obj
                0x00000000100021c6                recursive_mutex_init
 .text.critical_section_init_with_lock_num
                0x00000000100021e4       0x14 CMakeFiles/mbot_teleoperation.dir/lib/pico-sdk/src/common/pico_sync/critical_section.c.obj
                0x00000000100021e4                critical_section_init_with_lock_num
 .text.critical_section_init
                0x00000000100021f8       0x14 CMakeFiles/mbot_teleoperation.dir/lib/pico-sdk/src/common/pico_sync/critical_section.c.obj
                0x00000000100021f8                critical_section_init
 .text._exit    0x000000001000220c        0x4 CMakeFiles/mbot_teleoperation.dir/lib/pico-sdk/src/rp2_common/pico_runtime/runtime.c.obj
                0x000000001000220c                _exit
 .text._sbrk    0x0000000010002210       0x38 CMakeFiles/mbot_teleoperation.dir/lib/pico-sdk/src/rp2_common/pico_runtime/runtime.c.obj
                0x0000000010002210                _sbrk
 .text.exit     0x0000000010002248        0x6 CMakeFiles/mbot_teleoperation.dir/lib/pico-sdk/src/rp2_common/pico_runtime/runtime.c.obj
                0x0000000010002248                exit
 *fill*         0x000000001000224e        0x2 
 .text.__assert_func
                0x0000000010002250       0x3c CMakeFiles/mbot_teleoperation.dir/lib/pico-sdk/src/rp2_common/pico_runtime/runtime.c.obj
                0x0000000010002250                __assert_func
 .text.runtime_init
                0x000000001000228c       0xf8 CMakeFiles/mbot_teleoperation.dir/lib/pico-sdk/src/rp2_common/pico_runtime/runtime.c.obj
                0x000000001000228c                runtime_init
 .text.panic    0x0000000010002384       0x30 CMakeFiles/mbot_teleoperation.dir/lib/pico-sdk/src/rp2_common/pico_runtime/runtime.c.obj
                0x0000000010002384                panic
 .text.clock_configure
                0x00000000100023b4      0x104 CMakeFiles/mbot_teleoperation.dir/lib/pico-sdk/src/rp2_common/hardware_clocks/clocks.c.obj
                0x00000000100023b4                clock_configure
 .text.clocks_init
                0x00000000100024b8      0x100 CMakeFiles/mbot_teleoperation.dir/lib/pico-sdk/src/rp2_common/hardware_clocks/clocks.c.obj
                0x00000000100024b8                clocks_init
 .text.clock_get_hz
                0x00000000100025b8        0xc CMakeFiles/mbot_teleoperation.dir/lib/pico-sdk/src/rp2_common/hardware_clocks/clocks.c.obj
                0x00000000100025b8                clock_get_hz
 .text.pll_init
                0x00000000100025c4      0x140 CMakeFiles/mbot_teleoperation.dir/lib/pico-sdk/src/rp2_common/hardware_pll/pll.c.obj
                0x00000000100025c4                pll_init
 .text.watchdog_start_tick
                0x0000000010002704       0x10 CMakeFiles/mbot_teleoperation.dir/lib/pico-sdk/src/rp2_common/hardware_watchdog/watchdog.c.obj
                0x0000000010002704                watchdog_start_tick
 .text.watchdog_update
                0x0000000010002714       0x14 CMakeFiles/mbot_teleoperation.dir/lib/pico-sdk/src/rp2_common/hardware_watchdog/watchdog.c.obj
                0x0000000010002714                watchdog_update
 .text._watchdog_enable
                0x0000000010002728       0x78 CMakeFiles/mbot_teleoperation.dir/lib/pico-sdk/src/rp2_common/hardware_watchdog/watchdog.c.obj
                0x0000000010002728                _watchdog_enable
 .text.watchdog_reboot
                0x00000000100027a0       0x48 CMakeFiles/mbot_teleoperation.dir/lib/pico-sdk/src/rp2_common/hardware_watchdog/watchdog.c.obj
                0x00000000100027a0                watchdog_reboot
 .text.xosc_init
                0x00000000100027e8       0x28 CMakeFiles/mbot_teleoperation.dir/lib/pico-sdk/src/rp2_common/hardware_xosc/xosc.c.obj
                0x00000000100027e8                xosc_init
 .text._out_null
                0x0000000010002810        0x2 CMakeFiles/mbot_teleoperation.dir/lib/pico-sdk/src/rp2_common/pico_printf/printf.c.obj
 .text._out_fct
                0x0000000010002812        0xe CMakeFiles/mbot_teleoperation.dir/lib/pico-sdk/src/rp2_common/pico_printf/printf.c.obj
 .text._atoi    0x0000000010002820       0x24 CMakeFiles/mbot_teleoperation.dir/lib/pico-sdk/src/rp2_common/pico_printf/printf.c.obj
 .text._out_rev
                0x0000000010002844       0xae CMakeFiles/mbot_teleoperation.dir/lib/pico-sdk/src/rp2_common/pico_printf/printf.c.obj
 .text._ntoa_format
                0x00000000100028f2      0x112 CMakeFiles/mbot_teleoperation.dir/lib/pico-sdk/src/rp2_common/pico_printf/printf.c.obj
 .text._ntoa_long
                0x0000000010002a04       0xbc CMakeFiles/mbot_teleoperation.dir/lib/pico-sdk/src/rp2_common/pico_printf/printf.c.obj
 .text._ntoa_long_long
                0x0000000010002ac0       0xe2 CMakeFiles/mbot_teleoperation.dir/lib/pico-sdk/src/rp2_common/pico_printf/printf.c.obj
 *fill*         0x0000000010002ba2        0x2 
 .text._etoa    0x0000000010002ba4      0x414 CMakeFiles/mbot_teleoperation.dir/lib/pico-sdk/src/rp2_common/pico_printf/printf.c.obj
 .text._ftoa    0x0000000010002fb8      0x354 CMakeFiles/mbot_teleoperation.dir/lib/pico-sdk/src/rp2_common/pico_printf/printf.c.obj
 .text._vsnprintf
                0x000000001000330c      0x624 CMakeFiles/mbot_teleoperation.dir/lib/pico-sdk/src/rp2_common/pico_printf/printf.c.obj
 .text.vfctprintf
                0x0000000010003930       0x20 CMakeFiles/mbot_teleoperation.dir/lib/pico-sdk/src/rp2_common/pico_printf/printf.c.obj
                0x0000000010003930                vfctprintf
 .text          0x0000000010003950       0x10 CMakeFiles/mbot_teleoperation.dir/lib/pico-sdk/src/rp2_common/pico_bit_ops/bit_ops_aeabi.S.obj
 .text.rom_func_lookup
                0x0000000010003960       0x10 CMakeFiles/mbot_teleoperation.dir/lib/pico-sdk/src/rp2_common/pico_bootrom/bootrom.c.obj
                0x0000000010003960                rom_func_lookup
 .text.rom_data_lookup
                0x0000000010003970       0x10 CMakeFiles/mbot_teleoperation.dir/lib/pico-sdk/src/rp2_common/pico_bootrom/bootrom.c.obj
                0x0000000010003970                rom_data_lookup
 .text.rom_funcs_lookup
                0x0000000010003980       0x36 CMakeFiles/mbot_teleoperation.dir/lib/pico-sdk/src/rp2_common/pico_bootrom/bootrom.c.obj
                0x0000000010003980                rom_funcs_lookup
 *fill*         0x00000000100039b6        0x2 
 .text.__wrap___aeabi_idiv
                0x00000000100039b8       0x50 CMakeFiles/mbot_teleoperation.dir/lib/pico-sdk/src/rp2_common/pico_divider/divider.S.obj
                0x00000000100039b8                __wrap___aeabi_idivmod
                0x00000000100039b8                divmod_s32s32
                0x00000000100039b8                div_s32s32
                0x00000000100039b8                __wrap___aeabi_idiv
                0x00000000100039c0                divmod_s32s32_unsafe
                0x00000000100039ec                divmod_s32s32_savestate
 .text.__wrap___aeabi_uidiv
                0x0000000010003a08       0x4c CMakeFiles/mbot_teleoperation.dir/lib/pico-sdk/src/rp2_common/pico_divider/divider.S.obj
                0x0000000010003a08                __wrap___aeabi_uidiv
                0x0000000010003a08                __wrap___aeabi_uidivmod
                0x0000000010003a08                div_u32u32
                0x0000000010003a08                divmod_u32u32
                0x0000000010003a10                divmod_u32u32_unsafe
                0x0000000010003a38                divmod_u32u32_savestate
 .text.__wrap___aeabi_ldiv
                0x0000000010003a54      0x434 CMakeFiles/mbot_teleoperation.dir/lib/pico-sdk/src/rp2_common/pico_divider/divider.S.obj
                0x0000000010003a54                div_s64s64
                0x0000000010003a54                divmod_s64s64
                0x0000000010003a54                __wrap___aeabi_ldivmod
                0x0000000010003a8c                div_u64u64
                0x0000000010003a8c                divmod_u64u64
                0x0000000010003a8c                __wrap___aeabi_uldivmod
                0x0000000010003a9c                divmod_u64u64_savestate
                0x0000000010003ac4                divmod_s64s64_unsafe
                0x0000000010003b4c                divmod_u64u64_unsafe
 .text.push_r8_r11
                0x0000000010003e88        0xc CMakeFiles/mbot_teleoperation.dir/lib/pico-sdk/src/rp2_common/pico_double/double_aeabi.S.obj
                0x0000000010003e88                push_r8_r11
 .text.pop_r8_r11
                0x0000000010003e94        0xc CMakeFiles/mbot_teleoperation.dir/lib/pico-sdk/src/rp2_common/pico_double/double_aeabi.S.obj
                0x0000000010003e94                pop_r8_r11
 .text.__wrap___aeabi_darithmetic
                0x0000000010003ea0       0x80 CMakeFiles/mbot_teleoperation.dir/lib/pico-sdk/src/rp2_common/pico_double/double_aeabi.S.obj
                0x0000000010003ea0                __wrap___aeabi_drsub
                0x0000000010003ea6                __wrap___aeabi_dsub
                0x0000000010003eb8                __wrap___aeabi_dadd
                0x0000000010003eca                __wrap___aeabi_ddiv
                0x0000000010003f06                __wrap___aeabi_dmul
 .text.__wrap___aeabi_cdcmple
                0x0000000010003f20       0x6c CMakeFiles/mbot_teleoperation.dir/lib/pico-sdk/src/rp2_common/pico_double/double_aeabi.S.obj
                0x0000000010003f20                __wrap___aeabi_cdrcmple
                0x0000000010003f30                __wrap___aeabi_cdcmple
                0x0000000010003f30                __wrap___aeabi_cdcmpeq
 .text.__wrap___aeabi_dcmplt
                0x0000000010003f8c        0xc CMakeFiles/mbot_teleoperation.dir/lib/pico-sdk/src/rp2_common/pico_double/double_aeabi.S.obj
                0x0000000010003f8c                __wrap___aeabi_dcmplt
 .text.__wrap___aeabi_dcmple
                0x0000000010003f98       0x10 CMakeFiles/mbot_teleoperation.dir/lib/pico-sdk/src/rp2_common/pico_double/double_aeabi.S.obj
                0x0000000010003f98                __wrap___aeabi_dcmple
 .text.__wrap___aeabi_dcmpge
                0x0000000010003fa8       0x10 CMakeFiles/mbot_teleoperation.dir/lib/pico-sdk/src/rp2_common/pico_double/double_aeabi.S.obj
                0x0000000010003fa8                __wrap___aeabi_dcmpge
 .text.__wrap___aeabi_dcmpgt
                0x0000000010003fb8        0xa CMakeFiles/mbot_teleoperation.dir/lib/pico-sdk/src/rp2_common/pico_double/double_aeabi.S.obj
                0x0000000010003fb8                __wrap___aeabi_dcmpgt
 .text.__wrap___aeabi_dcmpun
                0x0000000010003fc2       0x1c CMakeFiles/mbot_teleoperation.dir/lib/pico-sdk/src/rp2_common/pico_double/double_aeabi.S.obj
                0x0000000010003fc2                __wrap___aeabi_dcmpun
 *fill*         0x0000000010003fde        0x2 
 .text.__wrap___aeabi_i2d
                0x0000000010003fe0       0x38 CMakeFiles/mbot_teleoperation.dir/lib/pico-sdk/src/rp2_common/pico_double/double_aeabi.S.obj
                0x0000000010003fe0                __wrap___aeabi_ui2d
                0x0000000010003fe8                __wrap___aeabi_i2d
 .text.__wrap___aeabi_d2iz
                0x0000000010004018       0x48 CMakeFiles/mbot_teleoperation.dir/lib/pico-sdk/src/rp2_common/pico_double/double_aeabi.S.obj
                0x0000000010004018                __wrap___aeabi_d2iz
                0x0000000010004018                double2int_z
 .text.__wrap___aeabi_d2uiz
                0x0000000010004060       0x18 CMakeFiles/mbot_teleoperation.dir/lib/pico-sdk/src/rp2_common/pico_double/double_aeabi.S.obj
                0x0000000010004060                double2uint
                0x0000000010004060                __wrap___aeabi_d2uiz
 .text.fix642double
                0x0000000010004078       0x18 CMakeFiles/mbot_teleoperation.dir/lib/pico-sdk/src/rp2_common/pico_double/double_aeabi.S.obj
                0x0000000010004078                fix642double
 .text.__wrap___aeabi_d2f
                0x0000000010004090       0x18 CMakeFiles/mbot_teleoperation.dir/lib/pico-sdk/src/rp2_common/pico_double/double_aeabi.S.obj
                0x0000000010004090                __wrap___aeabi_d2f
 .text.__wrap_sincostan_remainder
                0x00000000100040a8       0x14 CMakeFiles/mbot_teleoperation.dir/lib/pico-sdk/src/rp2_common/pico_double/double_aeabi.S.obj
                0x00000000100040a8                sincostan_remainder
 .text.__wrap_sin
                0x00000000100040bc       0x2c CMakeFiles/mbot_teleoperation.dir/lib/pico-sdk/src/rp2_common/pico_double/double_aeabi.S.obj
                0x00000000100040bc                __wrap_sin
 .text.__aeabi_double_init
                0x00000000100040e8       0xc8 CMakeFiles/mbot_teleoperation.dir/lib/pico-sdk/src/rp2_common/pico_double/double_init_rom.c.obj
                0x00000000100040e8                __aeabi_double_init
 .text.drem_0   0x00000000100041b0      0x130 CMakeFiles/mbot_teleoperation.dir/lib/pico-sdk/src/rp2_common/pico_double/double_math.c.obj
 .text.__wrap_remquo
                0x00000000100042e0      0x17c CMakeFiles/mbot_teleoperation.dir/lib/pico-sdk/src/rp2_common/pico_double/double_math.c.obj
                0x00000000100042e0                __wrap_remquo
 .text.__wrap_remainder
                0x000000001000445c       0x10 CMakeFiles/mbot_teleoperation.dir/lib/pico-sdk/src/rp2_common/pico_double/double_math.c.obj
                0x000000001000445c                __wrap_remainder
 .text.double_table_shim_on_use_helper
                0x000000001000446c       0x34 CMakeFiles/mbot_teleoperation.dir/lib/pico-sdk/src/rp2_common/pico_double/double_v1_rom_shim.S.obj
                0x000000001000446c                double_table_shim_on_use_helper
 .text.__wrap___aeabi_dsub
                0x00000000100044a0       0x10 CMakeFiles/mbot_teleoperation.dir/lib/pico-sdk/src/rp2_common/pico_double/double_v1_rom_shim.S.obj
                0x00000000100044a0                drsub_shim
                0x00000000100044a6                dsub_shim
 .text.dadd_shim
                0x00000000100044b0      0x15c CMakeFiles/mbot_teleoperation.dir/lib/pico-sdk/src/rp2_common/pico_double/double_v1_rom_shim.S.obj
                0x00000000100044b0                dadd_shim
 .text.dmul_shim
                0x000000001000460c      0x15c CMakeFiles/mbot_teleoperation.dir/lib/pico-sdk/src/rp2_common/pico_double/double_v1_rom_shim.S.obj
                0x000000001000460c                dmul_shim
 .text.ddiv_shim
                0x0000000010004768      0x1b0 CMakeFiles/mbot_teleoperation.dir/lib/pico-sdk/src/rp2_common/pico_double/double_v1_rom_shim.S.obj
                0x0000000010004768                ddiv_shim
 .text.dcordic_vec_step
                0x0000000010004918        0xe CMakeFiles/mbot_teleoperation.dir/lib/pico-sdk/src/rp2_common/pico_double/double_v1_rom_shim.S.obj
                0x0000000010004918                dcordic_vec_step
 .text.dcordic_rot_step
                0x0000000010004926       0x76 CMakeFiles/mbot_teleoperation.dir/lib/pico-sdk/src/rp2_common/pico_double/double_v1_rom_shim.S.obj
                0x0000000010004926                dcordic_rot_step
 .text.double2uint_shim
                0x000000001000499c        0xe CMakeFiles/mbot_teleoperation.dir/lib/pico-sdk/src/rp2_common/pico_double/double_v1_rom_shim.S.obj
                0x000000001000499c                double2uint_shim
                0x000000001000499e                double2ufix_shim
 .text.double2int64_shim
                0x00000000100049aa       0x1a CMakeFiles/mbot_teleoperation.dir/lib/pico-sdk/src/rp2_common/pico_double/double_v1_rom_shim.S.obj
                0x00000000100049aa                double2int64_shim
                0x00000000100049ac                double2fix64_shim
 .text.double2uint64_shim
                0x00000000100049c4       0x70 CMakeFiles/mbot_teleoperation.dir/lib/pico-sdk/src/rp2_common/pico_double/double_v1_rom_shim.S.obj
                0x00000000100049c4                double2uint64_shim
                0x00000000100049c6                double2ufix64_shim
                0x00000000100049e6                d2fix_a
 .text.double2float_shim
                0x0000000010004a34       0x5c CMakeFiles/mbot_teleoperation.dir/lib/pico-sdk/src/rp2_common/pico_double/double_v1_rom_shim.S.obj
                0x0000000010004a34                double2float_shim
 .text.x2double_shims
                0x0000000010004a90       0x90 CMakeFiles/mbot_teleoperation.dir/lib/pico-sdk/src/rp2_common/pico_double/double_v1_rom_shim.S.obj
                0x0000000010004a90                uint2double_shim
                0x0000000010004a92                ufix2double_shim
                0x0000000010004a98                int2double_shim
                0x0000000010004a9a                fix2double_shim
                0x0000000010004aa0                uint642double_shim
                0x0000000010004aa2                ufix642double_shim
                0x0000000010004aa8                int642double_shim
                0x0000000010004aaa                fix642double_shim
 .text.dunpacks
                0x0000000010004b20       0x3c CMakeFiles/mbot_teleoperation.dir/lib/pico-sdk/src/rp2_common/pico_double/double_v1_rom_shim.S.obj
                0x0000000010004b20                dunpacks
 .text.dreduce  0x0000000010004b5c       0x82 CMakeFiles/mbot_teleoperation.dir/lib/pico-sdk/src/rp2_common/pico_double/double_v1_rom_shim.S.obj
                0x0000000010004b5c                dreduce
 .text.dsin_shim
                0x0000000010004bde       0x14 CMakeFiles/mbot_teleoperation.dir/lib/pico-sdk/src/rp2_common/pico_double/double_v1_rom_shim.S.obj
                0x0000000010004bde                dsin_shim
 *fill*         0x0000000010004bf2        0x2 
 .text.dtrig_guts
                0x0000000010004bf4      0x2ec CMakeFiles/mbot_teleoperation.dir/lib/pico-sdk/src/rp2_common/pico_double/double_v1_rom_shim.S.obj
                0x0000000010004ccc                datan2_shim
 .text.__aeabi_lmul
                0x0000000010004ee0       0x32 CMakeFiles/mbot_teleoperation.dir/lib/pico-sdk/src/rp2_common/pico_int64_ops/pico_int64_ops_aeabi.S.obj
                0x0000000010004ee0                __wrap___aeabi_lmul
 *fill*         0x0000000010004f12        0x2 
 .text.__wrap___aeabi_farithmetic
                0x0000000010004f14       0x58 CMakeFiles/mbot_teleoperation.dir/lib/pico-sdk/src/rp2_common/pico_float/float_aeabi.S.obj
                0x0000000010004f14                __wrap___aeabi_frsub
                0x0000000010004f1a                __wrap___aeabi_fsub
                0x0000000010004f24                __wrap___aeabi_fadd
                0x0000000010004f2e                __wrap___aeabi_fdiv
                0x0000000010004f5a                __wrap___aeabi_fmul
 .text.__wrap___aeabi_cfcmple
                0x0000000010004f6c       0x50 CMakeFiles/mbot_teleoperation.dir/lib/pico-sdk/src/rp2_common/pico_float/float_aeabi.S.obj
                0x0000000010004f6c                __wrap___aeabi_cfrcmple
                0x0000000010004f78                __wrap___aeabi_cfcmpeq
                0x0000000010004f78                __wrap___aeabi_cfcmple
 .text.__wrap___aeabi_fcmplt
                0x0000000010004fbc        0xc CMakeFiles/mbot_teleoperation.dir/lib/pico-sdk/src/rp2_common/pico_float/float_aeabi.S.obj
                0x0000000010004fbc                __wrap___aeabi_fcmplt
 .text.__wrap___aeabi_fcmpge
                0x0000000010004fc8       0x10 CMakeFiles/mbot_teleoperation.dir/lib/pico-sdk/src/rp2_common/pico_float/float_aeabi.S.obj
                0x0000000010004fc8                __wrap___aeabi_fcmpge
 .text.__wrap___aeabi_fcmpgt
                0x0000000010004fd8        0xa CMakeFiles/mbot_teleoperation.dir/lib/pico-sdk/src/rp2_common/pico_float/float_aeabi.S.obj
                0x0000000010004fd8                __wrap___aeabi_fcmpgt
 .text.__wrap___aeabi_ui2f
                0x0000000010004fe2        0xa CMakeFiles/mbot_teleoperation.dir/lib/pico-sdk/src/rp2_common/pico_float/float_aeabi.S.obj
                0x0000000010004fe2                __wrap___aeabi_ui2f
 .text.__wrap___aeabi_i2f
                0x0000000010004fec       0x44 CMakeFiles/mbot_teleoperation.dir/lib/pico-sdk/src/rp2_common/pico_float/float_aeabi.S.obj
                0x0000000010004fec                __wrap___aeabi_i2f
 .text.__wrap___aeabi_f2uiz
                0x0000000010005030       0x10 CMakeFiles/mbot_teleoperation.dir/lib/pico-sdk/src/rp2_common/pico_float/float_aeabi.S.obj
                0x0000000010005030                __wrap___aeabi_f2uiz
 .text.__wrap___aeabi_f2d
                0x0000000010005040       0x14 CMakeFiles/mbot_teleoperation.dir/lib/pico-sdk/src/rp2_common/pico_float/float_aeabi.S.obj
                0x0000000010005040                __wrap___aeabi_f2d
 .text.__aeabi_float_init
                0x0000000010005054       0xfc CMakeFiles/mbot_teleoperation.dir/lib/pico-sdk/src/rp2_common/pico_float/float_init_rom.c.obj
                0x0000000010005054                __aeabi_float_init
 .text.float_table_shim_on_use_helper
                0x0000000010005150       0x34 CMakeFiles/mbot_teleoperation.dir/lib/pico-sdk/src/rp2_common/pico_float/float_v1_rom_shim.S.obj
                0x0000000010005150                float_table_shim_on_use_helper
 .text.float2double_shim
                0x0000000010005184       0x30 CMakeFiles/mbot_teleoperation.dir/lib/pico-sdk/src/rp2_common/pico_float/float_v1_rom_shim.S.obj
                0x0000000010005184                float2double_shim
 .text          0x00000000100051b4       0x10 CMakeFiles/mbot_teleoperation.dir/lib/pico-sdk/src/rp2_common/pico_mem_ops/mem_ops_aeabi.S.obj
                0x00000000100051b4                __aeabi_mem_init
 .text.memset   0x00000000100051c4        0xc CMakeFiles/mbot_teleoperation.dir/lib/pico-sdk/src/rp2_common/pico_mem_ops/mem_ops_aeabi.S.obj
                0x00000000100051c4                __wrap_memset
 .text.memcpy   0x00000000100051d0        0xc CMakeFiles/mbot_teleoperation.dir/lib/pico-sdk/src/rp2_common/pico_mem_ops/mem_ops_aeabi.S.obj
                0x00000000100051d0                __wrap___aeabi_memcpy
                0x00000000100051d0                __wrap_memcpy
 .text.stdio_out_chars_no_crlf
                0x00000000100051dc        0xe CMakeFiles/mbot_teleoperation.dir/lib/pico-sdk/src/rp2_common/pico_stdio/stdio.c.obj
 *fill*         0x00000000100051ea        0x2 
 .text.stdio_out_chars_crlf
                0x00000000100051ec       0x80 CMakeFiles/mbot_teleoperation.dir/lib/pico-sdk/src/rp2_common/pico_stdio/stdio.c.obj
 .text.stdio_stack_buffer_flush
                0x000000001000526c       0x44 CMakeFiles/mbot_teleoperation.dir/lib/pico-sdk/src/rp2_common/pico_stdio/stdio.c.obj
 .text.stdio_buffered_printer
                0x00000000100052b0       0x20 CMakeFiles/mbot_teleoperation.dir/lib/pico-sdk/src/rp2_common/pico_stdio/stdio.c.obj
 .text.stdio_get_until
                0x00000000100052d0       0x80 CMakeFiles/mbot_teleoperation.dir/lib/pico-sdk/src/rp2_common/pico_stdio/stdio.c.obj
 .text.stdout_serialize_begin
                0x0000000010005350       0x30 CMakeFiles/mbot_teleoperation.dir/lib/pico-sdk/src/rp2_common/pico_stdio/stdio.c.obj
                0x0000000010005350                stdout_serialize_begin
 .text.stdout_serialize_end
                0x0000000010005380       0x10 CMakeFiles/mbot_teleoperation.dir/lib/pico-sdk/src/rp2_common/pico_stdio/stdio.c.obj
                0x0000000010005380                stdout_serialize_end
 .text.stdio_put_string
                0x0000000010005390       0x98 CMakeFiles/mbot_teleoperation.dir/lib/pico-sdk/src/rp2_common/pico_stdio/stdio.c.obj
 .text._read    0x0000000010005428       0x24 CMakeFiles/mbot_teleoperation.dir/lib/pico-sdk/src/rp2_common/pico_stdio/stdio.c.obj
                0x0000000010005428                _read
 .text._write   0x000000001000544c       0x22 CMakeFiles/mbot_teleoperation.dir/lib/pico-sdk/src/rp2_common/pico_stdio/stdio.c.obj
                0x000000001000544c                _write
 *fill*         0x000000001000546e        0x2 
 .text.stdio_set_driver_enabled
                0x0000000010005470       0x2c CMakeFiles/mbot_teleoperation.dir/lib/pico-sdk/src/rp2_common/pico_stdio/stdio.c.obj
                0x0000000010005470                stdio_set_driver_enabled
 .text.stdio_flush
                0x000000001000549c       0x20 CMakeFiles/mbot_teleoperation.dir/lib/pico-sdk/src/rp2_common/pico_stdio/stdio.c.obj
                0x000000001000549c                stdio_flush
 .text.__wrap_puts
                0x00000000100054bc       0x1e CMakeFiles/mbot_teleoperation.dir/lib/pico-sdk/src/rp2_common/pico_stdio/stdio.c.obj
                0x00000000100054bc                __wrap_puts
 *fill*         0x00000000100054da        0x2 
 .text.__wrap_vprintf
                0x00000000100054dc       0x44 CMakeFiles/mbot_teleoperation.dir/lib/pico-sdk/src/rp2_common/pico_stdio/stdio.c.obj
                0x00000000100054dc                __wrap_vprintf
 .text.__wrap_printf
                0x0000000010005520       0x18 CMakeFiles/mbot_teleoperation.dir/lib/pico-sdk/src/rp2_common/pico_stdio/stdio.c.obj
                0x0000000010005520                __wrap_printf
 .text.stdio_init_all
                0x0000000010005538        0x8 CMakeFiles/mbot_teleoperation.dir/lib/pico-sdk/src/rp2_common/pico_stdio/stdio.c.obj
                0x0000000010005538                stdio_init_all
 .text.resetd_init
                0x0000000010005540        0x2 CMakeFiles/mbot_teleoperation.dir/lib/pico-sdk/src/rp2_common/pico_stdio_usb/reset_interface.c.obj
 *fill*         0x0000000010005542        0x2 
 .text.resetd_reset
                0x0000000010005544        0xc CMakeFiles/mbot_teleoperation.dir/lib/pico-sdk/src/rp2_common/pico_stdio_usb/reset_interface.c.obj
 .text.resetd_open
                0x0000000010005550       0x34 CMakeFiles/mbot_teleoperation.dir/lib/pico-sdk/src/rp2_common/pico_stdio_usb/reset_interface.c.obj
 .text.resetd_xfer_cb
                0x0000000010005584        0x4 CMakeFiles/mbot_teleoperation.dir/lib/pico-sdk/src/rp2_common/pico_stdio_usb/reset_interface.c.obj
 .text.reset_usb_boot
                0x0000000010005588       0x18 CMakeFiles/mbot_teleoperation.dir/lib/pico-sdk/src/rp2_common/pico_stdio_usb/reset_interface.c.obj
 .text.resetd_control_xfer_cb
                0x00000000100055a0       0x5c CMakeFiles/mbot_teleoperation.dir/lib/pico-sdk/src/rp2_common/pico_stdio_usb/reset_interface.c.obj
 .text.usbd_app_driver_get_cb
                0x00000000100055fc        0xc CMakeFiles/mbot_teleoperation.dir/lib/pico-sdk/src/rp2_common/pico_stdio_usb/reset_interface.c.obj
                0x00000000100055fc                usbd_app_driver_get_cb
 .text.tud_cdc_line_coding_cb
                0x0000000010005608       0x28 CMakeFiles/mbot_teleoperation.dir/lib/pico-sdk/src/rp2_common/pico_stdio_usb/reset_interface.c.obj
                0x0000000010005608                tud_cdc_line_coding_cb
 .text.stdio_usb_in_chars
                0x0000000010005630       0x70 CMakeFiles/mbot_teleoperation.dir/lib/pico-sdk/src/rp2_common/pico_stdio_usb/stdio_usb.c.obj
                0x0000000010005630                stdio_usb_in_chars
 .text.low_priority_worker_irq
                0x00000000100056a0       0x20 CMakeFiles/mbot_teleoperation.dir/lib/pico-sdk/src/rp2_common/pico_stdio_usb/stdio_usb.c.obj
 .text.stdio_usb_out_chars
                0x00000000100056c0       0xd4 CMakeFiles/mbot_teleoperation.dir/lib/pico-sdk/src/rp2_common/pico_stdio_usb/stdio_usb.c.obj
 .text.timer_task
                0x0000000010005794       0x40 CMakeFiles/mbot_teleoperation.dir/lib/pico-sdk/src/rp2_common/pico_stdio_usb/stdio_usb.c.obj
 .text.usb_irq  0x00000000100057d4       0x10 CMakeFiles/mbot_teleoperation.dir/lib/pico-sdk/src/rp2_common/pico_stdio_usb/stdio_usb.c.obj
 .text.stdio_usb_init
                0x00000000100057e4       0xec CMakeFiles/mbot_teleoperation.dir/lib/pico-sdk/src/rp2_common/pico_stdio_usb/stdio_usb.c.obj
                0x00000000100057e4                stdio_usb_init
 .text.tud_descriptor_device_cb
                0x00000000100058d0        0x8 CMakeFiles/mbot_teleoperation.dir/lib/pico-sdk/src/rp2_common/pico_stdio_usb/stdio_usb_descriptors.c.obj
                0x00000000100058d0                tud_descriptor_device_cb
 .text.tud_descriptor_configuration_cb
                0x00000000100058d8        0x8 CMakeFiles/mbot_teleoperation.dir/lib/pico-sdk/src/rp2_common/pico_stdio_usb/stdio_usb_descriptors.c.obj
                0x00000000100058d8                tud_descriptor_configuration_cb
 .text.tud_descriptor_string_cb
                0x00000000100058e0       0x6c CMakeFiles/mbot_teleoperation.dir/lib/pico-sdk/src/rp2_common/pico_stdio_usb/stdio_usb_descriptors.c.obj
                0x00000000100058e0                tud_descriptor_string_cb
 .text.hw_endpoint_get_by_addr
                0x000000001000594c       0x18 CMakeFiles/mbot_teleoperation.dir/lib/pico-sdk/lib/tinyusb/src/portable/raspberrypi/rp2040/dcd_rp2040.c.obj
 .text.reset_ep0_pid
                0x0000000010005964       0x28 CMakeFiles/mbot_teleoperation.dir/lib/pico-sdk/lib/tinyusb/src/portable/raspberrypi/rp2040/dcd_rp2040.c.obj
 .text._hw_endpoint_alloc
                0x000000001000598c       0x70 CMakeFiles/mbot_teleoperation.dir/lib/pico-sdk/lib/tinyusb/src/portable/raspberrypi/rp2040/dcd_rp2040.c.obj
 .text.hw_endpoint_init
                0x00000000100059fc       0x88 CMakeFiles/mbot_teleoperation.dir/lib/pico-sdk/lib/tinyusb/src/portable/raspberrypi/rp2040/dcd_rp2040.c.obj
 .text.reset_non_control_endpoints
                0x0000000010005a84       0x40 CMakeFiles/mbot_teleoperation.dir/lib/pico-sdk/lib/tinyusb/src/portable/raspberrypi/rp2040/dcd_rp2040.c.obj
 .text.hw_handle_buff_status
                0x0000000010005ac4       0x8c CMakeFiles/mbot_teleoperation.dir/lib/pico-sdk/lib/tinyusb/src/portable/raspberrypi/rp2040/dcd_rp2040.c.obj
 .text.dcd_rp2040_irq
                0x0000000010005b50       0xc0 CMakeFiles/mbot_teleoperation.dir/lib/pico-sdk/lib/tinyusb/src/portable/raspberrypi/rp2040/dcd_rp2040.c.obj
 .text.hw_endpoint_xfer
                0x0000000010005c10       0x14 CMakeFiles/mbot_teleoperation.dir/lib/pico-sdk/lib/tinyusb/src/portable/raspberrypi/rp2040/dcd_rp2040.c.obj
 .text.dcd_int_enable
                0x0000000010005c24       0x2c CMakeFiles/mbot_teleoperation.dir/lib/pico-sdk/lib/tinyusb/src/portable/raspberrypi/rp2040/dcd_rp2040.c.obj
                0x0000000010005c24                dcd_int_enable
 .text.dcd_set_address
                0x0000000010005c50       0x2c CMakeFiles/mbot_teleoperation.dir/lib/pico-sdk/lib/tinyusb/src/portable/raspberrypi/rp2040/dcd_rp2040.c.obj
                0x0000000010005c50                dcd_set_address
 .text.dcd_connect
                0x0000000010005c7c       0x10 CMakeFiles/mbot_teleoperation.dir/lib/pico-sdk/lib/tinyusb/src/portable/raspberrypi/rp2040/dcd_rp2040.c.obj
                0x0000000010005c7c                dcd_connect
 .text.dcd_init
                0x0000000010005c8c       0x7c CMakeFiles/mbot_teleoperation.dir/lib/pico-sdk/lib/tinyusb/src/portable/raspberrypi/rp2040/dcd_rp2040.c.obj
                0x0000000010005c8c                dcd_init
 .text.dcd_edpt0_status_complete
                0x0000000010005d08       0x1c CMakeFiles/mbot_teleoperation.dir/lib/pico-sdk/lib/tinyusb/src/portable/raspberrypi/rp2040/dcd_rp2040.c.obj
                0x0000000010005d08                dcd_edpt0_status_complete
 .text.dcd_edpt_open
                0x0000000010005d24       0x40 CMakeFiles/mbot_teleoperation.dir/lib/pico-sdk/lib/tinyusb/src/portable/raspberrypi/rp2040/dcd_rp2040.c.obj
                0x0000000010005d24                dcd_edpt_open
 .text.dcd_edpt_close_all
                0x0000000010005d64        0x8 CMakeFiles/mbot_teleoperation.dir/lib/pico-sdk/lib/tinyusb/src/portable/raspberrypi/rp2040/dcd_rp2040.c.obj
                0x0000000010005d64                dcd_edpt_close_all
 .text.dcd_edpt_xfer
                0x0000000010005d6c       0x30 CMakeFiles/mbot_teleoperation.dir/lib/pico-sdk/lib/tinyusb/src/portable/raspberrypi/rp2040/dcd_rp2040.c.obj
                0x0000000010005d6c                dcd_edpt_xfer
 .text.dcd_edpt_stall
                0x0000000010005d9c       0x2c CMakeFiles/mbot_teleoperation.dir/lib/pico-sdk/lib/tinyusb/src/portable/raspberrypi/rp2040/dcd_rp2040.c.obj
                0x0000000010005d9c                dcd_edpt_stall
 .text.dcd_edpt_clear_stall
                0x0000000010005dc8       0x20 CMakeFiles/mbot_teleoperation.dir/lib/pico-sdk/lib/tinyusb/src/portable/raspberrypi/rp2040/dcd_rp2040.c.obj
                0x0000000010005dc8                dcd_edpt_clear_stall
 .text.prepare_ep_buffer
                0x0000000010005de8       0x70 CMakeFiles/mbot_teleoperation.dir/lib/pico-sdk/lib/tinyusb/src/portable/raspberrypi/rp2040/rp2040_usb.c.obj
 .text.sync_ep_buffer
                0x0000000010005e58       0x7c CMakeFiles/mbot_teleoperation.dir/lib/pico-sdk/lib/tinyusb/src/portable/raspberrypi/rp2040/rp2040_usb.c.obj
 .text._hw_endpoint_xfer_sync
                0x0000000010005ed4       0x28 CMakeFiles/mbot_teleoperation.dir/lib/pico-sdk/lib/tinyusb/src/portable/raspberrypi/rp2040/rp2040_usb.c.obj
 .text.rp2040_usb_init
                0x0000000010005efc       0x4c CMakeFiles/mbot_teleoperation.dir/lib/pico-sdk/lib/tinyusb/src/portable/raspberrypi/rp2040/rp2040_usb.c.obj
                0x0000000010005efc                rp2040_usb_init
 .text.hw_endpoint_reset_transfer
                0x0000000010005f48        0xc CMakeFiles/mbot_teleoperation.dir/lib/pico-sdk/lib/tinyusb/src/portable/raspberrypi/rp2040/rp2040_usb.c.obj
                0x0000000010005f48                hw_endpoint_reset_transfer
 .text._hw_endpoint_buffer_control_update32
                0x0000000010005f54       0x58 CMakeFiles/mbot_teleoperation.dir/lib/pico-sdk/lib/tinyusb/src/portable/raspberrypi/rp2040/rp2040_usb.c.obj
                0x0000000010005f54                _hw_endpoint_buffer_control_update32
 .text._hw_endpoint_start_next_buffer
                0x0000000010005fac       0x74 CMakeFiles/mbot_teleoperation.dir/lib/pico-sdk/lib/tinyusb/src/portable/raspberrypi/rp2040/rp2040_usb.c.obj
 .text.hw_endpoint_xfer_start
                0x0000000010006020       0x48 CMakeFiles/mbot_teleoperation.dir/lib/pico-sdk/lib/tinyusb/src/portable/raspberrypi/rp2040/rp2040_usb.c.obj
                0x0000000010006020                hw_endpoint_xfer_start
 .text.hw_endpoint_xfer_continue
                0x0000000010006068       0x38 CMakeFiles/mbot_teleoperation.dir/lib/pico-sdk/lib/tinyusb/src/portable/raspberrypi/rp2040/rp2040_usb.c.obj
                0x0000000010006068                hw_endpoint_xfer_continue
 .text.configuration_reset
                0x00000000100060a0       0x84 CMakeFiles/mbot_teleoperation.dir/lib/pico-sdk/lib/tinyusb/src/device/usbd.c.obj
 .text.usbd_reset
                0x0000000010006124        0xc CMakeFiles/mbot_teleoperation.dir/lib/pico-sdk/lib/tinyusb/src/device/usbd.c.obj
 .text.invoke_class_control
                0x0000000010006130       0x1a CMakeFiles/mbot_teleoperation.dir/lib/pico-sdk/lib/tinyusb/src/device/usbd.c.obj
 *fill*         0x000000001000614a        0x2 
 .text.process_set_config
                0x000000001000614c      0x1b0 CMakeFiles/mbot_teleoperation.dir/lib/pico-sdk/lib/tinyusb/src/device/usbd.c.obj
 .text.process_get_descriptor
                0x00000000100062fc       0xec CMakeFiles/mbot_teleoperation.dir/lib/pico-sdk/lib/tinyusb/src/device/usbd.c.obj
 .text.tud_mounted
                0x00000000100063e8       0x10 CMakeFiles/mbot_teleoperation.dir/lib/pico-sdk/lib/tinyusb/src/device/usbd.c.obj
                0x00000000100063e8                tud_mounted
 .text.tud_suspended
                0x00000000100063f8       0x10 CMakeFiles/mbot_teleoperation.dir/lib/pico-sdk/lib/tinyusb/src/device/usbd.c.obj
                0x00000000100063f8                tud_suspended
 .text.tud_inited
                0x0000000010006408        0xc CMakeFiles/mbot_teleoperation.dir/lib/pico-sdk/lib/tinyusb/src/device/usbd.c.obj
                0x0000000010006408                tud_inited
 .text.tud_init
                0x0000000010006414       0xcc CMakeFiles/mbot_teleoperation.dir/lib/pico-sdk/lib/tinyusb/src/device/usbd.c.obj
                0x0000000010006414                tud_init
 .text.dcd_event_handler
                0x00000000100064e0      0x1e0 CMakeFiles/mbot_teleoperation.dir/lib/pico-sdk/lib/tinyusb/src/device/usbd.c.obj
                0x00000000100064e0                dcd_event_handler
 .text.dcd_event_bus_signal
                0x00000000100066c0       0x26 CMakeFiles/mbot_teleoperation.dir/lib/pico-sdk/lib/tinyusb/src/device/usbd.c.obj
                0x00000000100066c0                dcd_event_bus_signal
 .text.dcd_event_bus_reset
                0x00000000100066e6       0x2a CMakeFiles/mbot_teleoperation.dir/lib/pico-sdk/lib/tinyusb/src/device/usbd.c.obj
                0x00000000100066e6                dcd_event_bus_reset
 .text.dcd_event_setup_received
                0x0000000010006710       0x34 CMakeFiles/mbot_teleoperation.dir/lib/pico-sdk/lib/tinyusb/src/device/usbd.c.obj
                0x0000000010006710                dcd_event_setup_received
 .text.dcd_event_xfer_complete
                0x0000000010006744       0x44 CMakeFiles/mbot_teleoperation.dir/lib/pico-sdk/lib/tinyusb/src/device/usbd.c.obj
                0x0000000010006744                dcd_event_xfer_complete
 .text.usbd_edpt_open
                0x0000000010006788       0x58 CMakeFiles/mbot_teleoperation.dir/lib/pico-sdk/lib/tinyusb/src/device/usbd.c.obj
                0x0000000010006788                usbd_edpt_open
 .text.usbd_open_edpt_pair
                0x00000000100067e0       0x8c CMakeFiles/mbot_teleoperation.dir/lib/pico-sdk/lib/tinyusb/src/device/usbd.c.obj
                0x00000000100067e0                usbd_open_edpt_pair
 .text.usbd_edpt_claim
                0x000000001000686c       0x8c CMakeFiles/mbot_teleoperation.dir/lib/pico-sdk/lib/tinyusb/src/device/usbd.c.obj
                0x000000001000686c                usbd_edpt_claim
 .text.usbd_edpt_release
                0x00000000100068f8       0x68 CMakeFiles/mbot_teleoperation.dir/lib/pico-sdk/lib/tinyusb/src/device/usbd.c.obj
                0x00000000100068f8                usbd_edpt_release
 .text.usbd_edpt_xfer
                0x0000000010006960       0x80 CMakeFiles/mbot_teleoperation.dir/lib/pico-sdk/lib/tinyusb/src/device/usbd.c.obj
                0x0000000010006960                usbd_edpt_xfer
 .text.usbd_edpt_stall
                0x00000000100069e0       0x40 CMakeFiles/mbot_teleoperation.dir/lib/pico-sdk/lib/tinyusb/src/device/usbd.c.obj
                0x00000000100069e0                usbd_edpt_stall
 .text.usbd_edpt_clear_stall
                0x0000000010006a20       0x40 CMakeFiles/mbot_teleoperation.dir/lib/pico-sdk/lib/tinyusb/src/device/usbd.c.obj
                0x0000000010006a20                usbd_edpt_clear_stall
 .text.usbd_edpt_stalled
                0x0000000010006a60       0x1c CMakeFiles/mbot_teleoperation.dir/lib/pico-sdk/lib/tinyusb/src/device/usbd.c.obj
                0x0000000010006a60                usbd_edpt_stalled
 .text.process_control_request
                0x0000000010006a7c      0x3b8 CMakeFiles/mbot_teleoperation.dir/lib/pico-sdk/lib/tinyusb/src/device/usbd.c.obj
 .text.tud_task
                0x0000000010006e34      0x218 CMakeFiles/mbot_teleoperation.dir/lib/pico-sdk/lib/tinyusb/src/device/usbd.c.obj
                0x0000000010006e34                tud_task
 .text._data_stage_xact
                0x000000001000704c       0x58 CMakeFiles/mbot_teleoperation.dir/lib/pico-sdk/lib/tinyusb/src/device/usbd_control.c.obj
 .text.tud_control_status
                0x00000000100070a4       0x38 CMakeFiles/mbot_teleoperation.dir/lib/pico-sdk/lib/tinyusb/src/device/usbd_control.c.obj
                0x00000000100070a4                tud_control_status
 .text.tud_control_xfer
                0x00000000100070dc       0xa8 CMakeFiles/mbot_teleoperation.dir/lib/pico-sdk/lib/tinyusb/src/device/usbd_control.c.obj
                0x00000000100070dc                tud_control_xfer
 .text.usbd_control_reset
                0x0000000010007184       0x14 CMakeFiles/mbot_teleoperation.dir/lib/pico-sdk/lib/tinyusb/src/device/usbd_control.c.obj
                0x0000000010007184                usbd_control_reset
 .text.usbd_control_set_complete_callback
                0x0000000010007198        0xc CMakeFiles/mbot_teleoperation.dir/lib/pico-sdk/lib/tinyusb/src/device/usbd_control.c.obj
                0x0000000010007198                usbd_control_set_complete_callback
 .text.usbd_control_set_request
                0x00000000100071a4       0x1c CMakeFiles/mbot_teleoperation.dir/lib/pico-sdk/lib/tinyusb/src/device/usbd_control.c.obj
                0x00000000100071a4                usbd_control_set_request
 .text.usbd_control_xfer_cb
                0x00000000100071c0       0xfc CMakeFiles/mbot_teleoperation.dir/lib/pico-sdk/lib/tinyusb/src/device/usbd_control.c.obj
                0x00000000100071c0                usbd_control_xfer_cb
 .text._prep_out_transaction
                0x00000000100072bc       0x50 CMakeFiles/mbot_teleoperation.dir/lib/pico-sdk/lib/tinyusb/src/class/cdc/cdc_device.c.obj
 .text.tud_cdc_n_connected
                0x000000001000730c       0x44 CMakeFiles/mbot_teleoperation.dir/lib/pico-sdk/lib/tinyusb/src/class/cdc/cdc_device.c.obj
                0x000000001000730c                tud_cdc_n_connected
 .text.tud_cdc_n_available
                0x0000000010007350       0x1c CMakeFiles/mbot_teleoperation.dir/lib/pico-sdk/lib/tinyusb/src/class/cdc/cdc_device.c.obj
                0x0000000010007350                tud_cdc_n_available
 .text.tud_cdc_n_read
                0x000000001000736c       0x28 CMakeFiles/mbot_teleoperation.dir/lib/pico-sdk/lib/tinyusb/src/class/cdc/cdc_device.c.obj
                0x000000001000736c                tud_cdc_n_read
 .text.tud_cdc_n_write_flush
                0x0000000010007394       0xc8 CMakeFiles/mbot_teleoperation.dir/lib/pico-sdk/lib/tinyusb/src/class/cdc/cdc_device.c.obj
                0x0000000010007394                tud_cdc_n_write_flush
 .text.tud_cdc_n_write
                0x000000001000745c       0x38 CMakeFiles/mbot_teleoperation.dir/lib/pico-sdk/lib/tinyusb/src/class/cdc/cdc_device.c.obj
                0x000000001000745c                tud_cdc_n_write
 .text.tud_cdc_n_write_available
                0x0000000010007494       0x1c CMakeFiles/mbot_teleoperation.dir/lib/pico-sdk/lib/tinyusb/src/class/cdc/cdc_device.c.obj
                0x0000000010007494                tud_cdc_n_write_available
 .text.cdcd_init
                0x00000000100074b0       0xc0 CMakeFiles/mbot_teleoperation.dir/lib/pico-sdk/lib/tinyusb/src/class/cdc/cdc_device.c.obj
                0x00000000100074b0                cdcd_init
 .text.cdcd_reset
                0x0000000010007570       0x48 CMakeFiles/mbot_teleoperation.dir/lib/pico-sdk/lib/tinyusb/src/class/cdc/cdc_device.c.obj
                0x0000000010007570                cdcd_reset
 .text.cdcd_open
                0x00000000100075b8       0xf8 CMakeFiles/mbot_teleoperation.dir/lib/pico-sdk/lib/tinyusb/src/class/cdc/cdc_device.c.obj
                0x00000000100075b8                cdcd_open
 .text.cdcd_control_xfer_cb
                0x00000000100076b0      0x134 CMakeFiles/mbot_teleoperation.dir/lib/pico-sdk/lib/tinyusb/src/class/cdc/cdc_device.c.obj
                0x00000000100076b0                cdcd_control_xfer_cb
 .text.cdcd_xfer_cb
                0x00000000100077e4      0x144 CMakeFiles/mbot_teleoperation.dir/lib/pico-sdk/lib/tinyusb/src/class/cdc/cdc_device.c.obj
                0x00000000100077e4                cdcd_xfer_cb
 .text.tusb_init
                0x0000000010007928       0x24 CMakeFiles/mbot_teleoperation.dir/lib/pico-sdk/lib/tinyusb/src/tusb.c.obj
                0x0000000010007928                tusb_init
 .text.tusb_inited
                0x000000001000794c        0xe CMakeFiles/mbot_teleoperation.dir/lib/pico-sdk/lib/tinyusb/src/tusb.c.obj
                0x000000001000794c                tusb_inited
 *fill*         0x000000001000795a        0x2 
 .text.tu_edpt_validate
                0x000000001000795c       0xa8 CMakeFiles/mbot_teleoperation.dir/lib/pico-sdk/lib/tinyusb/src/tusb.c.obj
                0x000000001000795c                tu_edpt_validate
 .text.tu_edpt_bind_driver
                0x0000000010007a04       0x2a CMakeFiles/mbot_teleoperation.dir/lib/pico-sdk/lib/tinyusb/src/tusb.c.obj
                0x0000000010007a04                tu_edpt_bind_driver
 .text.advance_pointer
                0x0000000010007a2e       0x18 CMakeFiles/mbot_teleoperation.dir/lib/pico-sdk/lib/tinyusb/src/common/tusb_fifo.c.obj
 .text.backward_pointer
                0x0000000010007a46       0x1e CMakeFiles/mbot_teleoperation.dir/lib/pico-sdk/lib/tinyusb/src/common/tusb_fifo.c.obj
 .text.get_relative_pointer
                0x0000000010007a64       0x10 CMakeFiles/mbot_teleoperation.dir/lib/pico-sdk/lib/tinyusb/src/common/tusb_fifo.c.obj
 .text._tu_fifo_peek
                0x0000000010007a74       0x50 CMakeFiles/mbot_teleoperation.dir/lib/pico-sdk/lib/tinyusb/src/common/tusb_fifo.c.obj
 .text._ff_pull_const_addr
                0x0000000010007ac4       0x4c CMakeFiles/mbot_teleoperation.dir/lib/pico-sdk/lib/tinyusb/src/common/tusb_fifo.c.obj
 .text._ff_pull_n
                0x0000000010007b10      0x10c CMakeFiles/mbot_teleoperation.dir/lib/pico-sdk/lib/tinyusb/src/common/tusb_fifo.c.obj
 .text._tu_fifo_peek_n
                0x0000000010007c1c       0x5e CMakeFiles/mbot_teleoperation.dir/lib/pico-sdk/lib/tinyusb/src/common/tusb_fifo.c.obj
 .text._tu_fifo_read_n
                0x0000000010007c7a       0x4e CMakeFiles/mbot_teleoperation.dir/lib/pico-sdk/lib/tinyusb/src/common/tusb_fifo.c.obj
 .text._ff_push_const_addr
                0x0000000010007cc8       0x40 CMakeFiles/mbot_teleoperation.dir/lib/pico-sdk/lib/tinyusb/src/common/tusb_fifo.c.obj
 .text._ff_push_n
                0x0000000010007d08      0x108 CMakeFiles/mbot_teleoperation.dir/lib/pico-sdk/lib/tinyusb/src/common/tusb_fifo.c.obj
 .text._tu_fifo_write_n
                0x0000000010007e10       0x9e CMakeFiles/mbot_teleoperation.dir/lib/pico-sdk/lib/tinyusb/src/common/tusb_fifo.c.obj
 .text.tu_fifo_config
                0x0000000010007eae       0x72 CMakeFiles/mbot_teleoperation.dir/lib/pico-sdk/lib/tinyusb/src/common/tusb_fifo.c.obj
                0x0000000010007eae                tu_fifo_config
 .text.tu_fifo_count
                0x0000000010007f20       0x26 CMakeFiles/mbot_teleoperation.dir/lib/pico-sdk/lib/tinyusb/src/common/tusb_fifo.c.obj
                0x0000000010007f20                tu_fifo_count
 .text.tu_fifo_empty
                0x0000000010007f46       0x10 CMakeFiles/mbot_teleoperation.dir/lib/pico-sdk/lib/tinyusb/src/common/tusb_fifo.c.obj
                0x0000000010007f46                tu_fifo_empty
 .text.tu_fifo_remaining
                0x0000000010007f56       0x20 CMakeFiles/mbot_teleoperation.dir/lib/pico-sdk/lib/tinyusb/src/common/tusb_fifo.c.obj
                0x0000000010007f56                tu_fifo_remaining
 .text.tu_fifo_read
                0x0000000010007f76       0x42 CMakeFiles/mbot_teleoperation.dir/lib/pico-sdk/lib/tinyusb/src/common/tusb_fifo.c.obj
                0x0000000010007f76                tu_fifo_read
 .text.tu_fifo_read_n
                0x0000000010007fb8        0xa CMakeFiles/mbot_teleoperation.dir/lib/pico-sdk/lib/tinyusb/src/common/tusb_fifo.c.obj
                0x0000000010007fb8                tu_fifo_read_n
 .text.tu_fifo_write
                0x0000000010007fc2       0x6c CMakeFiles/mbot_teleoperation.dir/lib/pico-sdk/lib/tinyusb/src/common/tusb_fifo.c.obj
                0x0000000010007fc2                tu_fifo_write
 .text.tu_fifo_write_n
                0x000000001000802e        0xa CMakeFiles/mbot_teleoperation.dir/lib/pico-sdk/lib/tinyusb/src/common/tusb_fifo.c.obj
                0x000000001000802e                tu_fifo_write_n
 .text.tu_fifo_clear
                0x0000000010008038       0x4c CMakeFiles/mbot_teleoperation.dir/lib/pico-sdk/lib/tinyusb/src/common/tusb_fifo.c.obj
                0x0000000010008038                tu_fifo_clear
 .text.tu_fifo_set_overwritable
                0x0000000010008084       0x3c CMakeFiles/mbot_teleoperation.dir/lib/pico-sdk/lib/tinyusb/src/common/tusb_fifo.c.obj
                0x0000000010008084                tu_fifo_set_overwritable
 .text._retrieve_unique_id_on_boot
                0x00000000100080c0       0x10 CMakeFiles/mbot_teleoperation.dir/lib/pico-sdk/src/rp2_common/pico_unique_id/unique_id.c.obj
 .text.pico_get_unique_board_id_string
                0x00000000100080d0       0x60 CMakeFiles/mbot_teleoperation.dir/lib/pico-sdk/src/rp2_common/pico_unique_id/unique_id.c.obj
                0x00000000100080d0                pico_get_unique_board_id_string
 .text.flash_get_unique_id
                0x0000000010008130       0x46 CMakeFiles/mbot_teleoperation.dir/lib/pico-sdk/src/rp2_common/hardware_flash/flash.c.obj
                0x0000000010008130                flash_get_unique_id
 *fill*         0x0000000010008176        0x2 
 .text._pio_can_add_program_at_offset
                0x0000000010008178       0x3c CMakeFiles/mbot_teleoperation.dir/lib/pico-sdk/src/rp2_common/hardware_pio/pio.c.obj
 .text._pio_find_offset_for_program
                0x00000000100081b4       0x7c CMakeFiles/mbot_teleoperation.dir/lib/pico-sdk/src/rp2_common/hardware_pio/pio.c.obj
 .text._pio_add_program_at_offset
                0x0000000010008230       0x78 CMakeFiles/mbot_teleoperation.dir/lib/pico-sdk/src/rp2_common/hardware_pio/pio.c.obj
 .text.pio_claim_unused_sm
                0x00000000100082a8       0x3c CMakeFiles/mbot_teleoperation.dir/lib/pico-sdk/src/rp2_common/hardware_pio/pio.c.obj
                0x00000000100082a8                pio_claim_unused_sm
 .text.pio_sm_is_claimed
                0x00000000100082e4       0x20 CMakeFiles/mbot_teleoperation.dir/lib/pico-sdk/src/rp2_common/hardware_pio/pio.c.obj
                0x00000000100082e4                pio_sm_is_claimed
 .text.pio_add_program
                0x0000000010008304       0x38 CMakeFiles/mbot_teleoperation.dir/lib/pico-sdk/src/rp2_common/hardware_pio/pio.c.obj
                0x0000000010008304                pio_add_program
 .text.pio_sm_set_consecutive_pindirs
                0x000000001000833c       0x70 CMakeFiles/mbot_teleoperation.dir/lib/pico-sdk/src/rp2_common/hardware_pio/pio.c.obj
                0x000000001000833c                pio_sm_set_consecutive_pindirs
 .text.pio_sm_init
                0x00000000100083ac       0xe4 CMakeFiles/mbot_teleoperation.dir/lib/pico-sdk/src/rp2_common/hardware_pio/pio.c.obj
                0x00000000100083ac                pio_sm_init
 .text.mbot_motor_init_freq
                0x0000000010008490      0x12c mbot/libmbotlib.a(motor.c.obj)
                0x0000000010008490                mbot_motor_init_freq
 .text.mbot_motor_init
                0x00000000100085bc       0x10 mbot/libmbotlib.a(motor.c.obj)
                0x00000000100085bc                mbot_motor_init
 .text.mbot_motor_set_duty
                0x00000000100085cc      0x130 mbot/libmbotlib.a(motor.c.obj)
                0x00000000100085cc                mbot_motor_set_duty
 .text.quadrature_encoder_set_count
                0x00000000100086fc        0xc mbot/libmbotlib.a(encoder.c.obj)
 .text.quadrature_encoder_program_init
                0x0000000010008708      0x160 mbot/libmbotlib.a(encoder.c.obj)
 .text.mbot_encoder_init
                0x0000000010008868      0x188 mbot/libmbotlib.a(encoder.c.obj)
                0x0000000010008868                mbot_encoder_init
 .text.mbot_encoder_read_delta
                0x00000000100089f0       0xcc mbot/libmbotlib.a(encoder.c.obj)
                0x00000000100089f0                mbot_encoder_read_delta
 .text.mbot_encoder_read_count
                0x0000000010008abc       0x60 mbot/libmbotlib.a(encoder.c.obj)
                0x0000000010008abc                mbot_encoder_read_count
 .text          0x0000000010008b1c       0xfc /usr/lib/gcc/arm-none-eabi/10.3.1/../../../arm-none-eabi/lib/thumb/v6-m/nofp/libg.a(lib_a-fwrite.o)
                0x0000000010008b1c                _fwrite_r
                0x0000000010008b98                fwrite
 .text          0x0000000010008c18      0x574 /usr/lib/gcc/arm-none-eabi/10.3.1/../../../arm-none-eabi/lib/thumb/v6-m/nofp/libg.a(lib_a-mallocr.o)
                0x0000000010008c18                _malloc_r
 .text          0x000000001000918c        0x8 /usr/lib/gcc/arm-none-eabi/10.3.1/../../../arm-none-eabi/lib/thumb/v6-m/nofp/libg.a(lib_a-mlock.o)
                0x000000001000918c                __malloc_lock
                0x0000000010009190                __malloc_unlock
 .text          0x0000000010009194      0x354 /usr/lib/gcc/arm-none-eabi/10.3.1/../../../arm-none-eabi/lib/thumb/v6-m/nofp/libg.a(lib_a-reallocr.o)
                0x0000000010009194                _realloc_r
 .text          0x00000000100094e8       0x24 /usr/lib/gcc/arm-none-eabi/10.3.1/../../../arm-none-eabi/lib/thumb/v6-m/nofp/libg.a(lib_a-sbrkr.o)
                0x00000000100094e8                _sbrk_r
 .text          0x000000001000950c       0x5c /usr/lib/gcc/arm-none-eabi/10.3.1/../../../arm-none-eabi/lib/thumb/v6-m/nofp/libg.a(lib_a-strlen-stub.o)
                0x000000001000950c                strlen
 .text          0x0000000010009568      0x248 /usr/lib/gcc/arm-none-eabi/10.3.1/../../../arm-none-eabi/lib/thumb/v6-m/nofp/libg.a(lib_a-findfp.o)
                0x000000001000956c                _cleanup_r
                0x0000000010009668                __sfmoreglue
                0x0000000010009698                __sfp
                0x0000000010009748                _cleanup
                0x0000000010009760                __sinit
                0x0000000010009770                __sfp_lock_acquire
                0x0000000010009774                __sfp_lock_release
                0x0000000010009778                __sinit_lock_acquire
                0x000000001000977c                __sinit_lock_release
                0x0000000010009780                __fp_lock_all
                0x0000000010009798                __fp_unlock_all
 .text          0x00000000100097b0      0x260 /usr/lib/gcc/arm-none-eabi/10.3.1/../../../arm-none-eabi/lib/thumb/v6-m/nofp/libg.a(lib_a-freer.o)
                0x00000000100097b0                _malloc_trim_r
                0x000000001000984c                _free_r
 .text          0x0000000010009a10      0x2f4 /usr/lib/gcc/arm-none-eabi/10.3.1/../../../arm-none-eabi/lib/thumb/v6-m/nofp/libg.a(lib_a-fvwrite.o)
                0x0000000010009a10                __sfvwrite_r
 .text          0x0000000010009d04       0x88 /usr/lib/gcc/arm-none-eabi/10.3.1/../../../arm-none-eabi/lib/thumb/v6-m/nofp/libg.a(lib_a-fwalk.o)
                0x0000000010009d04                _fwalk
                0x0000000010009d44                _fwalk_reent
 .text          0x0000000010009d8c       0x74 /usr/lib/gcc/arm-none-eabi/10.3.1/../../../arm-none-eabi/lib/thumb/v6-m/nofp/libg.a(lib_a-memchr-stub.o)
                0x0000000010009d8c                memchr
 .text          0x0000000010009e00       0xac /usr/lib/gcc/arm-none-eabi/10.3.1/../../../arm-none-eabi/lib/thumb/v6-m/nofp/libg.a(lib_a-memmove.o)
                0x0000000010009e00                memmove
 .text          0x0000000010009eac       0xa4 /usr/lib/gcc/arm-none-eabi/10.3.1/../../../arm-none-eabi/lib/thumb/v6-m/nofp/libg.a(lib_a-stdio.o)
                0x0000000010009eac                __sread
                0x0000000010009ed4                __seofread
                0x0000000010009ed8                __swrite
                0x0000000010009f18                __sseek
                0x0000000010009f44                __sclose
 .text          0x0000000010009f50       0x28 /usr/lib/gcc/arm-none-eabi/10.3.1/../../../arm-none-eabi/lib/thumb/v6-m/nofp/libg.a(lib_a-writer.o)
                0x0000000010009f50                _write_r
 .text          0x0000000010009f78       0xdc /usr/lib/gcc/arm-none-eabi/10.3.1/../../../arm-none-eabi/lib/thumb/v6-m/nofp/libg.a(lib_a-wsetup.o)
                0x0000000010009f78                __swsetup_r
 .text          0x000000001000a054       0x24 /usr/lib/gcc/arm-none-eabi/10.3.1/../../../arm-none-eabi/lib/thumb/v6-m/nofp/libg.a(lib_a-closer.o)
                0x000000001000a054                _close_r
 .text          0x000000001000a078       0xe8 /usr/lib/gcc/arm-none-eabi/10.3.1/../../../arm-none-eabi/lib/thumb/v6-m/nofp/libg.a(lib_a-fclose.o)
                0x000000001000a0e8                _fclose_r
                0x000000001000a120                fclose
 .text          0x000000001000a160      0x1c0 /usr/lib/gcc/arm-none-eabi/10.3.1/../../../arm-none-eabi/lib/thumb/v6-m/nofp/libg.a(lib_a-fflush.o)
                0x000000001000a160                __sflush_r
                0x000000001000a2a0                _fflush_r
                0x000000001000a2cc                fflush
 .text          0x000000001000a320       0x28 /usr/lib/gcc/arm-none-eabi/10.3.1/../../../arm-none-eabi/lib/thumb/v6-m/nofp/libg.a(lib_a-lseekr.o)
                0x000000001000a320                _lseek_r
 .text          0x000000001000a348      0x144 /usr/lib/gcc/arm-none-eabi/10.3.1/../../../arm-none-eabi/lib/thumb/v6-m/nofp/libg.a(lib_a-makebuf.o)
                0x000000001000a348                __smakebuf_r
                0x000000001000a42c                __swhatbuf_r
 .text          0x000000001000a48c       0x28 /usr/lib/gcc/arm-none-eabi/10.3.1/../../../arm-none-eabi/lib/thumb/v6-m/nofp/libg.a(lib_a-readr.o)
                0x000000001000a48c                _read_r
 .text          0x000000001000a4b4       0x28 /usr/lib/gcc/arm-none-eabi/10.3.1/../../../arm-none-eabi/lib/thumb/v6-m/nofp/libg.a(lib_a-fstatr.o)
                0x000000001000a4b4                _fstat_r
 .text          0x000000001000a4dc       0x24 /usr/lib/gcc/arm-none-eabi/10.3.1/../../../arm-none-eabi/lib/thumb/v6-m/nofp/libg.a(lib_a-isattyr.o)
                0x000000001000a4dc                _isatty_r
 .text          0x000000001000a500       0x10 /usr/lib/gcc/arm-none-eabi/10.3.1/../../../arm-none-eabi/lib/thumb/v6-m/nofp/libnosys.a(close.o)
                0x000000001000a500                _close
 .text          0x000000001000a510       0x10 /usr/lib/gcc/arm-none-eabi/10.3.1/../../../arm-none-eabi/lib/thumb/v6-m/nofp/libnosys.a(fstat.o)
                0x000000001000a510                _fstat
 .text          0x000000001000a520       0x10 /usr/lib/gcc/arm-none-eabi/10.3.1/../../../arm-none-eabi/lib/thumb/v6-m/nofp/libnosys.a(isatty.o)
                0x000000001000a520                _isatty
 .text          0x000000001000a530       0x10 /usr/lib/gcc/arm-none-eabi/10.3.1/../../../arm-none-eabi/lib/thumb/v6-m/nofp/libnosys.a(lseek.o)
                0x000000001000a530                _lseek
 *(.fini)
 .fini          0x000000001000a540        0x4 /usr/lib/gcc/arm-none-eabi/10.3.1/thumb/v6-m/nofp/crti.o
                0x000000001000a540                _fini
 *fill*         0x000000001000a544        0x4 
 .fini.__stub   0x000000001000a548       0x70 linker stubs
 *crtbegin.o(.ctors)
 *crtbegin?.o(.ctors)
 *(EXCLUDE_FILE(*crtend.o *crtend?.o) .ctors)
 *(SORT_BY_NAME(.ctors.*))
 *(.ctors)
 *crtbegin.o(.dtors)
 *crtbegin?.o(.dtors)
 *(EXCLUDE_FILE(*crtend.o *crtend?.o) .dtors)
 *(SORT_BY_NAME(.dtors.*))
 *(.dtors)
 *(.eh_frame*)
 .eh_frame      0x000000001000a5b8        0x0 /usr/lib/gcc/arm-none-eabi/10.3.1/thumb/v6-m/nofp/crtbegin.o
                0x000000001000a5b8                . = ALIGN (0x4)

.glue_7         0x000000001000a5b8        0x0
 .glue_7        0x000000001000a5b8        0x0 linker stubs

.glue_7t        0x000000001000a5b8        0x0
 .glue_7t       0x000000001000a5b8        0x0 linker stubs

.vfp11_veneer   0x000000001000a5b8        0x0
 .vfp11_veneer  0x000000001000a5b8        0x0 linker stubs

.v4_bx          0x000000001000a5b8        0x0
 .v4_bx         0x000000001000a5b8        0x0 linker stubs

.iplt           0x000000001000a5b8        0x0
 .iplt          0x000000001000a5b8        0x0 /usr/lib/gcc/arm-none-eabi/10.3.1/thumb/v6-m/nofp/crtbegin.o

.rodata         0x000000001000a5b8     0x19c0
 *(EXCLUDE_FILE(*libm.a: *libc.a:*lib_a-mem*.o *libgcc.a:) .rodata*)
 .rodata.synchronizeMotors.str1.4
                0x000000001000a5b8       0x31 CMakeFiles/mbot_teleoperation.dir/tests/mbot_teleoperation.c.obj
 *fill*         0x000000001000a5e9        0x3 
 .rodata.main.str1.4
                0x000000001000a5ec       0x40 CMakeFiles/mbot_teleoperation.dir/tests/mbot_teleoperation.c.obj
 .rodata.spin_lock_claim_unused.str1.4
                0x000000001000a62c       0x1b CMakeFiles/mbot_teleoperation.dir/lib/pico-sdk/src/rp2_common/hardware_sync/sync.c.obj
 *fill*         0x000000001000a647        0x1 
 .rodata.make_branch.str1.4
                0x000000001000a648       0x72 CMakeFiles/mbot_teleoperation.dir/lib/pico-sdk/src/rp2_common/hardware_irq/irq.c.obj
 *fill*         0x000000001000a6ba        0x2 
 .rodata.insert_branch_and_link.str1.4
                0x000000001000a6bc       0x10 CMakeFiles/mbot_teleoperation.dir/lib/pico-sdk/src/rp2_common/hardware_irq/irq.c.obj
 .rodata.irq_set_exclusive_handler.str1.4
                0x000000001000a6cc       0x36 CMakeFiles/mbot_teleoperation.dir/lib/pico-sdk/src/rp2_common/hardware_irq/irq.c.obj
 *fill*         0x000000001000a702        0x2 
 .rodata.irq_add_shared_handler.str1.4
                0x000000001000a704       0xd9 CMakeFiles/mbot_teleoperation.dir/lib/pico-sdk/src/rp2_common/hardware_irq/irq.c.obj
 *fill*         0x000000001000a7dd        0x3 
 .rodata.irq_remove_handler.str1.4
                0x000000001000a7e0       0x2a CMakeFiles/mbot_teleoperation.dir/lib/pico-sdk/src/rp2_common/hardware_irq/irq.c.obj
 *fill*         0x000000001000a80a        0x2 
 .rodata.irq_add_tail_to_free_list.str1.4
                0x000000001000a80c       0x3a CMakeFiles/mbot_teleoperation.dir/lib/pico-sdk/src/rp2_common/hardware_irq/irq.c.obj
 *fill*         0x000000001000a846        0x2 
 .rodata.user_irq_claim_unused.str1.4
                0x000000001000a848       0x1b CMakeFiles/mbot_teleoperation.dir/lib/pico-sdk/src/rp2_common/hardware_irq/irq.c.obj
 *fill*         0x000000001000a863        0x1 
 .rodata.__func__.0
                0x000000001000a864       0x1a CMakeFiles/mbot_teleoperation.dir/lib/pico-sdk/src/rp2_common/hardware_irq/irq.c.obj
 *fill*         0x000000001000a87e        0x2 
 .rodata.__func__.1
                0x000000001000a880       0x17 CMakeFiles/mbot_teleoperation.dir/lib/pico-sdk/src/rp2_common/hardware_irq/irq.c.obj
 *fill*         0x000000001000a897        0x1 
 .rodata.__func__.2
                0x000000001000a898       0x13 CMakeFiles/mbot_teleoperation.dir/lib/pico-sdk/src/rp2_common/hardware_irq/irq.c.obj
 *fill*         0x000000001000a8ab        0x1 
 .rodata.__func__.3
                0x000000001000a8ac        0xc CMakeFiles/mbot_teleoperation.dir/lib/pico-sdk/src/rp2_common/hardware_irq/irq.c.obj
 .rodata.__func__.4
                0x000000001000a8b8        0xf CMakeFiles/mbot_teleoperation.dir/lib/pico-sdk/src/rp2_common/hardware_irq/irq.c.obj
 *fill*         0x000000001000a8c7        0x1 
 .rodata.__func__.5
                0x000000001000a8c8       0x17 CMakeFiles/mbot_teleoperation.dir/lib/pico-sdk/src/rp2_common/hardware_irq/irq.c.obj
 *fill*         0x000000001000a8df        0x1 
 .rodata.__func__.6
                0x000000001000a8e0       0x1a CMakeFiles/mbot_teleoperation.dir/lib/pico-sdk/src/rp2_common/hardware_irq/irq.c.obj
 *fill*         0x000000001000a8fa        0x2 
 .rodata.repeating_timer_callback.str1.4
                0x000000001000a8fc       0x50 CMakeFiles/mbot_teleoperation.dir/lib/pico-sdk/src/common/pico_time/time.c.obj
 .rodata.alarm_pool_dump_key.str1.4
                0x000000001000a94c       0x33 CMakeFiles/mbot_teleoperation.dir/lib/pico-sdk/src/common/pico_time/time.c.obj
 *fill*         0x000000001000a97f        0x1 
 .rodata.ph_add_child_node.str1.4
                0x000000001000a980       0x9a CMakeFiles/mbot_teleoperation.dir/lib/pico-sdk/src/common/pico_time/time.c.obj
 *fill*         0x000000001000aa1a        0x2 
 .rodata.add_alarm_under_lock.str1.4
                0x000000001000aa1c       0x28 CMakeFiles/mbot_teleoperation.dir/lib/pico-sdk/src/common/pico_time/time.c.obj
                                         0x2b (size before relaxing)
 .rodata.alarm_pool_alarm_callback.str1.4
                0x000000001000aa44       0xea CMakeFiles/mbot_teleoperation.dir/lib/pico-sdk/src/common/pico_time/time.c.obj
 *fill*         0x000000001000ab2e        0x2 
 .rodata.alarm_pool_get_default.str1.4
                0x000000001000ab30       0x21 CMakeFiles/mbot_teleoperation.dir/lib/pico-sdk/src/common/pico_time/time.c.obj
 *fill*         0x000000001000ab51        0x3 
 .rodata.alarm_pool_cancel_alarm.str1.4
                0x000000001000ab54       0x27 CMakeFiles/mbot_teleoperation.dir/lib/pico-sdk/src/common/pico_time/time.c.obj
 *fill*         0x000000001000ab7b        0x1 
 .rodata.sleep_until.str1.4
                0x000000001000ab7c       0x4d CMakeFiles/mbot_teleoperation.dir/lib/pico-sdk/src/common/pico_time/time.c.obj
 *fill*         0x000000001000abc9        0x3 
 .rodata.__func__.1
                0x000000001000abcc       0x18 CMakeFiles/mbot_teleoperation.dir/lib/pico-sdk/src/common/pico_time/time.c.obj
 .rodata.__func__.10
                0x000000001000abe4       0x15 CMakeFiles/mbot_teleoperation.dir/lib/pico-sdk/src/common/pico_time/time.c.obj
 *fill*         0x000000001000abf9        0x3 
 .rodata.__func__.11
                0x000000001000abfc       0x1a CMakeFiles/mbot_teleoperation.dir/lib/pico-sdk/src/common/pico_time/time.c.obj
 *fill*         0x000000001000ac16        0x2 
 .rodata.__func__.12
                0x000000001000ac18        0xa CMakeFiles/mbot_teleoperation.dir/lib/pico-sdk/src/common/pico_time/time.c.obj
 *fill*         0x000000001000ac22        0x2 
 .rodata.__func__.3
                0x000000001000ac24       0x17 CMakeFiles/mbot_teleoperation.dir/lib/pico-sdk/src/common/pico_time/time.c.obj
 *fill*         0x000000001000ac3b        0x1 
 .rodata.__func__.4
                0x000000001000ac3c       0x12 CMakeFiles/mbot_teleoperation.dir/lib/pico-sdk/src/common/pico_time/time.c.obj
 *fill*         0x000000001000ac4e        0x2 
 .rodata.__func__.5
                0x000000001000ac50        0xd CMakeFiles/mbot_teleoperation.dir/lib/pico-sdk/src/common/pico_time/time.c.obj
 *fill*         0x000000001000ac5d        0x3 
 .rodata.__func__.6
                0x000000001000ac60       0x12 CMakeFiles/mbot_teleoperation.dir/lib/pico-sdk/src/common/pico_time/time.c.obj
 *fill*         0x000000001000ac72        0x2 
 .rodata.__func__.7
                0x000000001000ac74        0xf CMakeFiles/mbot_teleoperation.dir/lib/pico-sdk/src/common/pico_time/time.c.obj
 *fill*         0x000000001000ac83        0x1 
 .rodata.__func__.8
                0x000000001000ac84        0xc CMakeFiles/mbot_teleoperation.dir/lib/pico-sdk/src/common/pico_time/time.c.obj
 .rodata.__func__.9
                0x000000001000ac90       0x15 CMakeFiles/mbot_teleoperation.dir/lib/pico-sdk/src/common/pico_time/time.c.obj
 *fill*         0x000000001000aca5        0x3 
 .rodata.at_the_end_of_time
                0x000000001000aca8        0x8 CMakeFiles/mbot_teleoperation.dir/lib/pico-sdk/src/common/pico_time/time.c.obj
                0x000000001000aca8                at_the_end_of_time
 .rodata.hardware_alarm_claim.str1.4
                0x000000001000acb0       0x22 CMakeFiles/mbot_teleoperation.dir/lib/pico-sdk/src/rp2_common/hardware_timer/timer.c.obj
 .rodata.busy_wait_us.str1.4
                0x000000001000acd2       0x66 CMakeFiles/mbot_teleoperation.dir/lib/pico-sdk/src/rp2_common/hardware_timer/timer.c.obj
 *fill*         0x000000001000acd2        0x2 
 .rodata.hardware_alarm_set_target.str1.4
                0x000000001000acd4       0x6a CMakeFiles/mbot_teleoperation.dir/lib/pico-sdk/src/rp2_common/hardware_timer/timer.c.obj
 *fill*         0x000000001000ad3e        0x2 
 .rodata.__func__.0
                0x000000001000ad40       0x1a CMakeFiles/mbot_teleoperation.dir/lib/pico-sdk/src/rp2_common/hardware_timer/timer.c.obj
 *fill*         0x000000001000ad5a        0x2 
 .rodata.__func__.1
                0x000000001000ad5c       0x15 CMakeFiles/mbot_teleoperation.dir/lib/pico-sdk/src/rp2_common/hardware_timer/timer.c.obj
 .rodata.ph_add_child_node.str1.4
                0x000000001000ad71       0x9a CMakeFiles/mbot_teleoperation.dir/lib/pico-sdk/src/common/pico_util/pheap.c.obj
 *fill*         0x000000001000ad71        0x3 
 .rodata.ph_remove_any_head.str1.4
                0x000000001000ad74       0x94 CMakeFiles/mbot_teleoperation.dir/lib/pico-sdk/src/common/pico_util/pheap.c.obj
 .rodata.ph_remove_and_free_node.str1.4
                0x000000001000ae08       0x1e CMakeFiles/mbot_teleoperation.dir/lib/pico-sdk/src/common/pico_util/pheap.c.obj
                                         0x26 (size before relaxing)
 *fill*         0x000000001000ae26        0x2 
 .rodata.__func__.0
                0x000000001000ae28       0x18 CMakeFiles/mbot_teleoperation.dir/lib/pico-sdk/src/common/pico_util/pheap.c.obj
 .rodata.__func__.1
                0x000000001000ae40       0x13 CMakeFiles/mbot_teleoperation.dir/lib/pico-sdk/src/common/pico_util/pheap.c.obj
 *fill*         0x000000001000ae53        0x1 
 .rodata.__func__.2
                0x000000001000ae54       0x12 CMakeFiles/mbot_teleoperation.dir/lib/pico-sdk/src/common/pico_util/pheap.c.obj
 *fill*         0x000000001000ae66        0x2 
 .rodata.__func__.3
                0x000000001000ae68        0xc CMakeFiles/mbot_teleoperation.dir/lib/pico-sdk/src/common/pico_util/pheap.c.obj
 .rodata.str1.4
                0x000000001000ae74       0x91 CMakeFiles/mbot_teleoperation.dir/lib/pico-sdk/src/common/pico_sync/mutex.c.obj
                                         0xf9 (size before relaxing)
 *fill*         0x000000001000af05        0x3 
 .rodata.__func__.1
                0x000000001000af08        0xb CMakeFiles/mbot_teleoperation.dir/lib/pico-sdk/src/common/pico_sync/mutex.c.obj
 *fill*         0x000000001000af13        0x1 
 .rodata.__func__.3
                0x000000001000af14       0x18 CMakeFiles/mbot_teleoperation.dir/lib/pico-sdk/src/common/pico_sync/mutex.c.obj
 .rodata.__func__.4
                0x000000001000af2c       0x15 CMakeFiles/mbot_teleoperation.dir/lib/pico-sdk/src/common/pico_sync/mutex.c.obj
 *fill*         0x000000001000af41        0x3 
 .rodata.__assert_func.str1.4
                0x000000001000af44       0x3f CMakeFiles/mbot_teleoperation.dir/lib/pico-sdk/src/rp2_common/pico_runtime/runtime.c.obj
                                         0x43 (size before relaxing)
 *fill*         0x000000001000af83        0x1 
 .rodata.runtime_init.str1.4
                0x000000001000af84       0x66 CMakeFiles/mbot_teleoperation.dir/lib/pico-sdk/src/rp2_common/pico_runtime/runtime.c.obj
 *fill*         0x000000001000afea        0x2 
 .rodata.panic.str1.4
                0x000000001000afec       0x10 CMakeFiles/mbot_teleoperation.dir/lib/pico-sdk/src/rp2_common/pico_runtime/runtime.c.obj
                                         0x12 (size before relaxing)
 .rodata.__func__.1
                0x000000001000affc        0xd CMakeFiles/mbot_teleoperation.dir/lib/pico-sdk/src/rp2_common/pico_runtime/runtime.c.obj
 *fill*         0x000000001000b009        0x3 
 .rodata.clock_configure.str1.4
                0x000000001000b00c       0x5c CMakeFiles/mbot_teleoperation.dir/lib/pico-sdk/src/rp2_common/hardware_clocks/clocks.c.obj
 .rodata.__func__.1
                0x000000001000b068       0x10 CMakeFiles/mbot_teleoperation.dir/lib/pico-sdk/src/rp2_common/hardware_clocks/clocks.c.obj
 .rodata.pll_init.str1.4
                0x000000001000b078      0x13f CMakeFiles/mbot_teleoperation.dir/lib/pico-sdk/src/rp2_common/hardware_pll/pll.c.obj
 *fill*         0x000000001000b1b7        0x1 
 .rodata.__func__.0
                0x000000001000b1b8        0x9 CMakeFiles/mbot_teleoperation.dir/lib/pico-sdk/src/rp2_common/hardware_pll/pll.c.obj
 *fill*         0x000000001000b1c1        0x3 
 .rodata._ftoa.str1.4
                0x000000001000b1c4       0x15 CMakeFiles/mbot_teleoperation.dir/lib/pico-sdk/src/rp2_common/pico_printf/printf.c.obj
 *fill*         0x000000001000b1d9        0x3 
 .rodata._vsnprintf
                0x000000001000b1dc      0x1e0 CMakeFiles/mbot_teleoperation.dir/lib/pico-sdk/src/rp2_common/pico_printf/printf.c.obj
 *fill*         0x000000001000b3bc        0x4 
 .rodata.pow10.0
                0x000000001000b3c0       0x50 CMakeFiles/mbot_teleoperation.dir/lib/pico-sdk/src/rp2_common/pico_printf/printf.c.obj
 .rodata.__aeabi_double_init.str1.4
                0x000000001000b410       0xad CMakeFiles/mbot_teleoperation.dir/lib/pico-sdk/src/rp2_common/pico_double/double_init_rom.c.obj
 *fill*         0x000000001000b4bd        0x3 
 .rodata.__func__.0
                0x000000001000b4c0       0x14 CMakeFiles/mbot_teleoperation.dir/lib/pico-sdk/src/rp2_common/pico_double/double_init_rom.c.obj
 .rodata.__aeabi_float_init.str1.4
                0x000000001000b4d4       0x7f CMakeFiles/mbot_teleoperation.dir/lib/pico-sdk/src/rp2_common/pico_float/float_init_rom.c.obj
                                         0x83 (size before relaxing)
 *fill*         0x000000001000b553        0x1 
 .rodata.__func__.0
                0x000000001000b554       0x13 CMakeFiles/mbot_teleoperation.dir/lib/pico-sdk/src/rp2_common/pico_float/float_init_rom.c.obj
 *fill*         0x000000001000b567        0x1 
 .rodata.str1.4
                0x000000001000b568       0x48 CMakeFiles/mbot_teleoperation.dir/lib/pico-sdk/src/rp2_common/pico_standard_link/binary_info.c.obj
 .rodata.__bi_44
                0x000000001000b5b0        0xc CMakeFiles/mbot_teleoperation.dir/lib/pico-sdk/src/rp2_common/pico_standard_link/binary_info.c.obj
 .rodata.__bi_75
                0x000000001000b5bc        0xc CMakeFiles/mbot_teleoperation.dir/lib/pico-sdk/src/rp2_common/pico_standard_link/binary_info.c.obj
 .rodata.__bi_81
                0x000000001000b5c8        0xc CMakeFiles/mbot_teleoperation.dir/lib/pico-sdk/src/rp2_common/pico_standard_link/binary_info.c.obj
 .rodata.crlf_str.3
                0x000000001000b5d4        0x2 CMakeFiles/mbot_teleoperation.dir/lib/pico-sdk/src/rp2_common/pico_stdio/stdio.c.obj
 *fill*         0x000000001000b5d6        0x2 
 .rodata._resetd_driver
                0x000000001000b5d8       0x18 CMakeFiles/mbot_teleoperation.dir/lib/pico-sdk/src/rp2_common/pico_stdio_usb/reset_interface.c.obj
 .rodata.timer_task.str1.4
                0x000000001000b5f0       0x72 CMakeFiles/mbot_teleoperation.dir/lib/pico-sdk/src/rp2_common/pico_stdio_usb/stdio_usb.c.obj
 .rodata.stdio_usb_init.str1.4
                0x000000001000b662       0x66 CMakeFiles/mbot_teleoperation.dir/lib/pico-sdk/src/rp2_common/pico_stdio_usb/stdio_usb.c.obj