Archive member included to satisfy reference by file (symbol)

mbot/libmbotlib.a(encoder.c.obj)
                              CMakeFiles/mbot_encoder_test.dir/tests/mbot_encoder_test.c.obj (mbot_encoder_init)
/usr/lib/gcc/arm-none-eabi/10.3.1/thumb/v6-m/nofp/libgcc.a(_dvmd_tls.o)
                              CMakeFiles/mbot_encoder_test.dir/lib/pico-sdk/src/rp2_common/pico_divider/divider.S.obj (__aeabi_idiv0)
/usr/lib/gcc/arm-none-eabi/10.3.1/../../../arm-none-eabi/lib/thumb/v6-m/nofp/libg.a(lib_a-atexit.o)
                              /usr/lib/gcc/arm-none-eabi/10.3.1/../../../arm-none-eabi/lib/thumb/v6-m/nofp/crt0.o (atexit)
/usr/lib/gcc/arm-none-eabi/10.3.1/../../../arm-none-eabi/lib/thumb/v6-m/nofp/libg.a(lib_a-calloc.o)
                              CMakeFiles/mbot_encoder_test.dir/lib/pico-sdk/src/rp2_common/pico_malloc/pico_malloc.c.obj (calloc)
/usr/lib/gcc/arm-none-eabi/10.3.1/../../../arm-none-eabi/lib/thumb/v6-m/nofp/libg.a(lib_a-callocr.o)
                              /usr/lib/gcc/arm-none-eabi/10.3.1/../../../arm-none-eabi/lib/thumb/v6-m/nofp/libg.a(lib_a-calloc.o) (_calloc_r)
/usr/lib/gcc/arm-none-eabi/10.3.1/../../../arm-none-eabi/lib/thumb/v6-m/nofp/libg.a(lib_a-ctype_.o)
                              CMakeFiles/mbot_encoder_test.dir/lib/pico-sdk/lib/tinyusb/src/tusb.c.obj (_ctype_)
/usr/lib/gcc/arm-none-eabi/10.3.1/../../../arm-none-eabi/lib/thumb/v6-m/nofp/libg.a(lib_a-fini.o)
                              /usr/lib/gcc/arm-none-eabi/10.3.1/../../../arm-none-eabi/lib/thumb/v6-m/nofp/crt0.o (__libc_fini_array)
/usr/lib/gcc/arm-none-eabi/10.3.1/../../../arm-none-eabi/lib/thumb/v6-m/nofp/libg.a(lib_a-fwrite.o)
                              mbot/libmbotlib.a(encoder.c.obj) (fwrite)
/usr/lib/gcc/arm-none-eabi/10.3.1/../../../arm-none-eabi/lib/thumb/v6-m/nofp/libg.a(lib_a-impure.o)
                              mbot/libmbotlib.a(encoder.c.obj) (_impure_ptr)
/usr/lib/gcc/arm-none-eabi/10.3.1/../../../arm-none-eabi/lib/thumb/v6-m/nofp/libg.a(lib_a-init.o)
                              /usr/lib/gcc/arm-none-eabi/10.3.1/../../../arm-none-eabi/lib/thumb/v6-m/nofp/crt0.o (__libc_init_array)
/usr/lib/gcc/arm-none-eabi/10.3.1/../../../arm-none-eabi/lib/thumb/v6-m/nofp/libg.a(lib_a-malloc.o)
                              CMakeFiles/mbot_encoder_test.dir/lib/pico-sdk/src/rp2_common/pico_malloc/pico_malloc.c.obj (malloc)
/usr/lib/gcc/arm-none-eabi/10.3.1/../../../arm-none-eabi/lib/thumb/v6-m/nofp/libg.a(lib_a-mallocr.o)
                              /usr/lib/gcc/arm-none-eabi/10.3.1/../../../arm-none-eabi/lib/thumb/v6-m/nofp/libg.a(lib_a-callocr.o) (_malloc_r)
/usr/lib/gcc/arm-none-eabi/10.3.1/../../../arm-none-eabi/lib/thumb/v6-m/nofp/libg.a(lib_a-mlock.o)
                              /usr/lib/gcc/arm-none-eabi/10.3.1/../../../arm-none-eabi/lib/thumb/v6-m/nofp/libg.a(lib_a-mallocr.o) (__malloc_lock)
/usr/lib/gcc/arm-none-eabi/10.3.1/../../../arm-none-eabi/lib/thumb/v6-m/nofp/libg.a(lib_a-realloc.o)
                              CMakeFiles/mbot_encoder_test.dir/lib/pico-sdk/src/rp2_common/pico_malloc/pico_malloc.c.obj (realloc)
/usr/lib/gcc/arm-none-eabi/10.3.1/../../../arm-none-eabi/lib/thumb/v6-m/nofp/libg.a(lib_a-reallocr.o)
                              /usr/lib/gcc/arm-none-eabi/10.3.1/../../../arm-none-eabi/lib/thumb/v6-m/nofp/libg.a(lib_a-realloc.o) (_realloc_r)
/usr/lib/gcc/arm-none-eabi/10.3.1/../../../arm-none-eabi/lib/thumb/v6-m/nofp/libg.a(lib_a-sbrkr.o)
                              /usr/lib/gcc/arm-none-eabi/10.3.1/../../../arm-none-eabi/lib/thumb/v6-m/nofp/libg.a(lib_a-mallocr.o) (_sbrk_r)
/usr/lib/gcc/arm-none-eabi/10.3.1/../../../arm-none-eabi/lib/thumb/v6-m/nofp/libg.a(lib_a-strlen-stub.o)
                              CMakeFiles/mbot_encoder_test.dir/lib/pico-sdk/src/rp2_common/pico_stdio/stdio.c.obj (strlen)
/usr/lib/gcc/arm-none-eabi/10.3.1/../../../arm-none-eabi/lib/thumb/v6-m/nofp/libg.a(lib_a-__atexit.o)
                              /usr/lib/gcc/arm-none-eabi/10.3.1/../../../arm-none-eabi/lib/thumb/v6-m/nofp/libg.a(lib_a-atexit.o) (__register_exitproc)
/usr/lib/gcc/arm-none-eabi/10.3.1/../../../arm-none-eabi/lib/thumb/v6-m/nofp/libg.a(lib_a-findfp.o)
                              /usr/lib/gcc/arm-none-eabi/10.3.1/../../../arm-none-eabi/lib/thumb/v6-m/nofp/libg.a(lib_a-fwrite.o) (__sinit)
/usr/lib/gcc/arm-none-eabi/10.3.1/../../../arm-none-eabi/lib/thumb/v6-m/nofp/libg.a(lib_a-freer.o)
                              /usr/lib/gcc/arm-none-eabi/10.3.1/../../../arm-none-eabi/lib/thumb/v6-m/nofp/libg.a(lib_a-malloc.o) (_free_r)
/usr/lib/gcc/arm-none-eabi/10.3.1/../../../arm-none-eabi/lib/thumb/v6-m/nofp/libg.a(lib_a-fvwrite.o)
                              /usr/lib/gcc/arm-none-eabi/10.3.1/../../../arm-none-eabi/lib/thumb/v6-m/nofp/libg.a(lib_a-fwrite.o) (__sfvwrite_r)
/usr/lib/gcc/arm-none-eabi/10.3.1/../../../arm-none-eabi/lib/thumb/v6-m/nofp/libg.a(lib_a-fwalk.o)
[...]
Memory Configuration

Name             Origin             Length             Attributes
FLASH            0x0000000010000000 0x0000000000200000 xr
RAM              0x0000000020000000 0x0000000000040000 xrw
SCRATCH_X        0x0000000020040000 0x0000000000001000 xrw
SCRATCH_Y        0x0000000020041000 0x0000000000001000 xrw
*default*        0x0000000000000000 0xffffffffffffffff

Linker script and memory map

LOAD /usr/lib/gcc/arm-none-eabi/10.3.1/thumb/v6-m/nofp/crti.o
LOAD /usr/lib/gcc/arm-none-eabi/10.3.1/thumb/v6-m/nofp/crtbegin.o
LOAD /usr/lib/gcc/arm-none-eabi/10.3.1/../../../arm-none-eabi/lib/thumb/v6-m/nofp/crt0.o

.flash_begin    0x0000000010000000        0x0
                0x0000000010000000                __flash_binary_start = .

.boot2          0x0000000010000000      0x100
                0x0000000010000000                __boot2_start__ = .
 *(.boot2)
 .boot2         0x0000000010000000      0x100 /tmp/ccMzHWcq.o
                0x0000000010000100                __boot2_end__ = .
                0x0000000000000001                ASSERT (((__boot2_end__ - __boot2_start__) == 0x100), ERROR: Pico second stage bootloader must be 256 bytes in size)

.text           0x0000000010000100     0x95e0
                0x0000000010000100                __logical_binary_start = .
 *(.vectors)
 .vectors       0x0000000010000100       0xd4 CMakeFiles/mbot_encoder_test.dir/lib/pico-sdk/src/rp2_common/pico_standard_link/crt0.S.obj
                0x0000000010000100                __vectors
                0x0000000010000100                __VECTOR_TABLE
                0x00000000100001c0                isr_invalid
                0x00000000100001c0                __default_isrs_start
                0x00000000100001c2                isr_nmi
                0x00000000100001c4                isr_hardfault
                0x00000000100001c6                isr_svcall
                0x00000000100001c8                isr_pendsv
                0x00000000100001ca                isr_systick
                0x00000000100001cc                isr_irq30
                0x00000000100001cc                __unhandled_user_irq
                0x00000000100001cc                isr_irq13
                0x00000000100001cc                isr_irq27
                0x00000000100001cc                isr_irq31
                0x00000000100001cc                isr_irq5
                0x00000000100001cc                isr_irq11
                0x00000000100001cc                isr_irq23
                0x00000000100001cc                isr_irq18
                0x00000000100001cc                isr_irq28
                0x00000000100001cc                isr_irq19
                0x00000000100001cc                isr_irq0
                0x00000000100001cc                isr_irq6
                0x00000000100001cc                isr_irq22
                0x00000000100001cc                isr_irq17
                0x00000000100001cc                isr_irq14
                0x00000000100001cc                isr_irq2
                0x00000000100001cc                isr_irq10
                0x00000000100001cc                isr_irq8
                0x00000000100001cc                isr_irq24
                0x00000000100001cc                isr_irq1
                0x00000000100001cc                isr_irq7
                0x00000000100001cc                isr_irq21
                0x00000000100001cc                isr_irq20
                0x00000000100001cc                isr_irq15
                0x00000000100001cc                isr_irq25
                0x00000000100001cc                isr_irq4
                0x00000000100001cc                isr_irq16
                0x00000000100001cc                isr_irq29
                0x00000000100001cc                isr_irq26
                0x00000000100001cc                __default_isrs_end
                0x00000000100001cc                isr_irq3
                0x00000000100001cc                isr_irq12
                0x00000000100001cc                isr_irq9
                0x00000000100001d2                unhandled_user_irq_num_in_r0
 *(.binary_info_header)
 .binary_info_header
                0x00000000100001d4       0x14 CMakeFiles/mbot_encoder_test.dir/lib/pico-sdk/src/rp2_common/pico_standard_link/crt0.S.obj
                0x00000000100001e8                __binary_info_header_end = .
 *(.reset)
 .reset         0x00000000100001e8       0xa8 CMakeFiles/mbot_encoder_test.dir/lib/pico-sdk/src/rp2_common/pico_standard_link/crt0.S.obj
                0x00000000100001e8                _entry_point
                0x0000000010000266                __get_current_exception
 .reset         0x0000000010000290       0x30 CMakeFiles/mbot_encoder_test.dir/lib/pico-sdk/src/rp2_common/pico_standard_link/binary_info.c.obj
 *(.init)
 .init          0x00000000100002c0        0x4 /usr/lib/gcc/arm-none-eabi/10.3.1/thumb/v6-m/nofp/crti.o
                0x00000000100002c0                _init
 *(EXCLUDE_FILE(*libm.a: *libc.a:*lib_a-mem*.o *libgcc.a:) .text*)
 .text          0x00000000100002c4       0x98 /usr/lib/gcc/arm-none-eabi/10.3.1/thumb/v6-m/nofp/crtbegin.o
 .text.main     0x000000001000035c       0x88 CMakeFiles/mbot_encoder_test.dir/tests/mbot_encoder_test.c.obj
                0x000000001000035c                main
 .text.gpio_set_function
                0x00000000100003e4       0x30 CMakeFiles/mbot_encoder_test.dir/lib/pico-sdk/src/rp2_common/hardware_gpio/gpio.c.obj
                0x00000000100003e4                gpio_set_function
 .text.gpio_set_pulls
                0x0000000010000414       0x34 CMakeFiles/mbot_encoder_test.dir/lib/pico-sdk/src/rp2_common/hardware_gpio/gpio.c.obj
                0x0000000010000414                gpio_set_pulls
 .text.hw_claim_lock
                0x0000000010000448       0x18 CMakeFiles/mbot_encoder_test.dir/lib/pico-sdk/src/rp2_common/hardware_claim/claim.c.obj
                0x0000000010000448                hw_claim_lock
 .text.hw_claim_unlock
                0x0000000010000460       0x14 CMakeFiles/mbot_encoder_test.dir/lib/pico-sdk/src/rp2_common/hardware_claim/claim.c.obj
                0x0000000010000460                hw_claim_unlock
 .text.hw_is_claimed
                0x0000000010000474       0x16 CMakeFiles/mbot_encoder_test.dir/lib/pico-sdk/src/rp2_common/hardware_claim/claim.c.obj
                0x0000000010000474                hw_is_claimed
 .text.hw_claim_or_assert
                0x000000001000048a       0x32 CMakeFiles/mbot_encoder_test.dir/lib/pico-sdk/src/rp2_common/hardware_claim/claim.c.obj
                0x000000001000048a                hw_claim_or_assert
 .text.hw_claim_unused_from_range
                0x00000000100004bc       0x50 CMakeFiles/mbot_encoder_test.dir/lib/pico-sdk/src/rp2_common/hardware_claim/claim.c.obj
                0x00000000100004bc                hw_claim_unused_from_range
 .text.running_on_fpga
                0x000000001000050c       0x14 CMakeFiles/mbot_encoder_test.dir/lib/pico-sdk/src/rp2_common/pico_platform/platform.c.obj
                0x000000001000050c                running_on_fpga
 .text.spin_locks_reset
                0x0000000010000520       0x20 CMakeFiles/mbot_encoder_test.dir/lib/pico-sdk/src/rp2_common/hardware_sync/sync.c.obj
                0x0000000010000520                spin_locks_reset
 .text.next_striped_spin_lock_num
                0x0000000010000540       0x1c CMakeFiles/mbot_encoder_test.dir/lib/pico-sdk/src/rp2_common/hardware_sync/sync.c.obj
                0x0000000010000540                next_striped_spin_lock_num
 .text.spin_lock_claim_unused
                0x000000001000055c       0x20 CMakeFiles/mbot_encoder_test.dir/lib/pico-sdk/src/rp2_common/hardware_sync/sync.c.obj
                0x000000001000055c                spin_lock_claim_unused
 .text.set_raw_irq_handler_and_unlock
                0x000000001000057c       0x28 CMakeFiles/mbot_encoder_test.dir/lib/pico-sdk/src/rp2_common/hardware_irq/irq.c.obj
 .text.make_branch
                0x00000000100005a4       0x48 CMakeFiles/mbot_encoder_test.dir/lib/pico-sdk/src/rp2_common/hardware_irq/irq.c.obj
 .text.insert_branch_and_link
                0x00000000100005ec       0x40 CMakeFiles/mbot_encoder_test.dir/lib/pico-sdk/src/rp2_common/hardware_irq/irq.c.obj
 .text.irq_is_enabled
                0x000000001000062c       0x18 CMakeFiles/mbot_encoder_test.dir/lib/pico-sdk/src/rp2_common/hardware_irq/irq.c.obj
                0x000000001000062c                irq_is_enabled
 .text.irq_set_mask_enabled
                0x0000000010000644       0x20 CMakeFiles/mbot_encoder_test.dir/lib/pico-sdk/src/rp2_common/hardware_irq/irq.c.obj
                0x0000000010000644                irq_set_mask_enabled
 .text.irq_set_enabled
                0x0000000010000664        0xe CMakeFiles/mbot_encoder_test.dir/lib/pico-sdk/src/rp2_common/hardware_irq/irq.c.obj
                0x0000000010000664                irq_set_enabled
 *fill*         0x0000000010000672        0x2 
 .text.irq_set_pending
                0x0000000010000674       0x10 CMakeFiles/mbot_encoder_test.dir/lib/pico-sdk/src/rp2_common/hardware_irq/irq.c.obj
                0x0000000010000674                irq_set_pending
 .text.irq_get_vtable_handler
                0x0000000010000684       0x10 CMakeFiles/mbot_encoder_test.dir/lib/pico-sdk/src/rp2_common/hardware_irq/irq.c.obj
                0x0000000010000684                irq_get_vtable_handler
 .text.irq_has_shared_handler
                0x0000000010000694       0x24 CMakeFiles/mbot_encoder_test.dir/lib/pico-sdk/src/rp2_common/hardware_irq/irq.c.obj
                0x0000000010000694                irq_has_shared_handler
 .text.irq_set_exclusive_handler
                0x00000000100006b8       0x54 CMakeFiles/mbot_encoder_test.dir/lib/pico-sdk/src/rp2_common/hardware_irq/irq.c.obj
                0x00000000100006b8                irq_set_exclusive_handler
 .text.irq_add_shared_handler
                0x000000001000070c      0x230 CMakeFiles/mbot_encoder_test.dir/lib/pico-sdk/src/rp2_common/hardware_irq/irq.c.obj
                0x000000001000070c                irq_add_shared_handler
 .text.irq_remove_handler
                0x000000001000093c      0x1a8 CMakeFiles/mbot_encoder_test.dir/lib/pico-sdk/src/rp2_common/hardware_irq/irq.c.obj
                0x000000001000093c                irq_remove_handler
 .text.irq_add_tail_to_free_list
                0x0000000010000ae4       0xf0 CMakeFiles/mbot_encoder_test.dir/lib/pico-sdk/src/rp2_common/hardware_irq/irq.c.obj
                0x0000000010000ae4                irq_add_tail_to_free_list
 .text.irq_init_priorities
                0x0000000010000bd4       0x1c CMakeFiles/mbot_encoder_test.dir/lib/pico-sdk/src/rp2_common/hardware_irq/irq.c.obj
                0x0000000010000bd4                irq_init_priorities
 .text.user_irq_claim_unused
                0x0000000010000bf0       0x30 CMakeFiles/mbot_encoder_test.dir/lib/pico-sdk/src/rp2_common/hardware_irq/irq.c.obj
                0x0000000010000bf0                user_irq_claim_unused
 .text.lock_init
                0x0000000010000c20       0x10 CMakeFiles/mbot_encoder_test.dir/lib/pico-sdk/src/common/pico_sync/lock_core.c.obj
                0x0000000010000c20                lock_init
 .text.alarm_pool_post_alloc_init
                0x0000000010000c30       0x40 CMakeFiles/mbot_encoder_test.dir/lib/pico-sdk/src/common/pico_time/time.c.obj
 .text.sleep_until_callback
                0x0000000010000c70       0x30 CMakeFiles/mbot_encoder_test.dir/lib/pico-sdk/src/common/pico_time/time.c.obj
 .text.timer_pool_entry_comparator
                0x0000000010000ca0       0x7c CMakeFiles/mbot_encoder_test.dir/lib/pico-sdk/src/common/pico_time/time.c.obj
                0x0000000010000ca0                timer_pool_entry_comparator
 .text.ph_add_child_node
                0x0000000010000d1c       0xa4 CMakeFiles/mbot_encoder_test.dir/lib/pico-sdk/src/common/pico_time/time.c.obj
 .text.ph_merge_nodes
                0x0000000010000dc0       0x3e CMakeFiles/mbot_encoder_test.dir/lib/pico-sdk/src/common/pico_time/time.c.obj
 *fill*         0x0000000010000dfe        0x2 
 .text.add_alarm_under_lock
                0x0000000010000e00      0x174 CMakeFiles/mbot_encoder_test.dir/lib/pico-sdk/src/common/pico_time/time.c.obj
 .text.alarm_pool_alarm_callback
                0x0000000010000f74      0x328 CMakeFiles/mbot_encoder_test.dir/lib/pico-sdk/src/common/pico_time/time.c.obj
 .text.alarm_pool_init_default
                0x000000001000129c       0x38 CMakeFiles/mbot_encoder_test.dir/lib/pico-sdk/src/common/pico_time/time.c.obj
                0x000000001000129c                alarm_pool_init_default
 .text.alarm_pool_get_default
                0x00000000100012d4       0x2c CMakeFiles/mbot_encoder_test.dir/lib/pico-sdk/src/common/pico_time/time.c.obj
                0x00000000100012d4                alarm_pool_get_default
 .text.alarm_pool_add_alarm_at
                0x0000000010001300      0x170 CMakeFiles/mbot_encoder_test.dir/lib/pico-sdk/src/common/pico_time/time.c.obj
                0x0000000010001300                alarm_pool_add_alarm_at
 .text.alarm_pool_cancel_alarm
                0x0000000010001470       0xf0 CMakeFiles/mbot_encoder_test.dir/lib/pico-sdk/src/common/pico_time/time.c.obj
                0x0000000010001470                alarm_pool_cancel_alarm
 .text.sleep_until
                0x0000000010001560       0xfc CMakeFiles/mbot_encoder_test.dir/lib/pico-sdk/src/common/pico_time/time.c.obj
                0x0000000010001560                sleep_until
 .text.sleep_us
                0x000000001000165c       0x58 CMakeFiles/mbot_encoder_test.dir/lib/pico-sdk/src/common/pico_time/time.c.obj
                0x000000001000165c                sleep_us
 .text.sleep_ms
                0x00000000100016b4       0x14 CMakeFiles/mbot_encoder_test.dir/lib/pico-sdk/src/common/pico_time/time.c.obj
                0x00000000100016b4                sleep_ms
 .text.best_effort_wfe_or_timeout
                0x00000000100016c8       0x80 CMakeFiles/mbot_encoder_test.dir/lib/pico-sdk/src/common/pico_time/time.c.obj
                0x00000000100016c8                best_effort_wfe_or_timeout
 .text.hardware_alarm_irq_handler
                0x0000000010001748       0x8c CMakeFiles/mbot_encoder_test.dir/lib/pico-sdk/src/rp2_common/hardware_timer/timer.c.obj
 .text.hardware_alarm_claim
                0x00000000100017d4       0x18 CMakeFiles/mbot_encoder_test.dir/lib/pico-sdk/src/rp2_common/hardware_timer/timer.c.obj
                0x00000000100017d4                hardware_alarm_claim
 .text.time_us_64
                0x00000000100017ec       0x18 CMakeFiles/mbot_encoder_test.dir/lib/pico-sdk/src/rp2_common/hardware_timer/timer.c.obj
                0x00000000100017ec                time_us_64
 .text.busy_wait_until
                0x0000000010001804       0x28 CMakeFiles/mbot_encoder_test.dir/lib/pico-sdk/src/rp2_common/hardware_timer/timer.c.obj
                0x0000000010001804                busy_wait_until
 .text.busy_wait_us
                0x000000001000182c       0x48 CMakeFiles/mbot_encoder_test.dir/lib/pico-sdk/src/rp2_common/hardware_timer/timer.c.obj
                0x000000001000182c                busy_wait_us
 .text.hardware_alarm_set_callback
                0x0000000010001874       0x90 CMakeFiles/mbot_encoder_test.dir/lib/pico-sdk/src/rp2_common/hardware_timer/timer.c.obj
                0x0000000010001874                hardware_alarm_set_callback
 .text.hardware_alarm_set_target
                0x0000000010001904       0xe8 CMakeFiles/mbot_encoder_test.dir/lib/pico-sdk/src/rp2_common/hardware_timer/timer.c.obj
                0x0000000010001904                hardware_alarm_set_target
 .text.hardware_alarm_cancel
                0x00000000100019ec       0x40 CMakeFiles/mbot_encoder_test.dir/lib/pico-sdk/src/rp2_common/hardware_timer/timer.c.obj
                0x00000000100019ec                hardware_alarm_cancel
 .text.ph_add_child_node
                0x0000000010001a2c       0xa4 CMakeFiles/mbot_encoder_test.dir/lib/pico-sdk/src/common/pico_util/pheap.c.obj
 .text.ph_merge_nodes
                0x0000000010001ad0       0x3e CMakeFiles/mbot_encoder_test.dir/lib/pico-sdk/src/common/pico_util/pheap.c.obj
 *fill*         0x0000000010001b0e        0x2 
 .text.ph_clear
                0x0000000010001b10       0x70 CMakeFiles/mbot_encoder_test.dir/lib/pico-sdk/src/common/pico_util/pheap.c.obj
                0x0000000010001b10                ph_clear
 .text.ph_post_alloc_init
                0x0000000010001b80        0xe CMakeFiles/mbot_encoder_test.dir/lib/pico-sdk/src/common/pico_util/pheap.c.obj
                0x0000000010001b80                ph_post_alloc_init
 *fill*         0x0000000010001b8e        0x2 
 .text.ph_merge_two_pass
                0x0000000010001b90       0xa8 CMakeFiles/mbot_encoder_test.dir/lib/pico-sdk/src/common/pico_util/pheap.c.obj
                0x0000000010001b90                ph_merge_two_pass
 .text.ph_remove_any_head
                0x0000000010001c38      0x108 CMakeFiles/mbot_encoder_test.dir/lib/pico-sdk/src/common/pico_util/pheap.c.obj
 .text.ph_remove_head
                0x0000000010001d40       0x14 CMakeFiles/mbot_encoder_test.dir/lib/pico-sdk/src/common/pico_util/pheap.c.obj
                0x0000000010001d40                ph_remove_head
 .text.ph_remove_and_free_node
                0x0000000010001d54       0xf8 CMakeFiles/mbot_encoder_test.dir/lib/pico-sdk/src/common/pico_util/pheap.c.obj
                0x0000000010001d54                ph_remove_and_free_node
 .text.mutex_init
                0x0000000010001e4c       0x1a CMakeFiles/mbot_encoder_test.dir/lib/pico-sdk/src/common/pico_sync/mutex.c.obj
                0x0000000010001e4c                mutex_init
 .text.recursive_mutex_init
                0x0000000010001e66       0x1e CMakeFiles/mbot_encoder_test.dir/lib/pico-sdk/src/common/pico_sync/mutex.c.obj
                0x0000000010001e66                recursive_mutex_init
 .text.critical_section_init_with_lock_num
                0x0000000010001e84       0x14 CMakeFiles/mbot_encoder_test.dir/lib/pico-sdk/src/common/pico_sync/critical_section.c.obj
                0x0000000010001e84                critical_section_init_with_lock_num
 .text.critical_section_init
                0x0000000010001e98       0x14 CMakeFiles/mbot_encoder_test.dir/lib/pico-sdk/src/common/pico_sync/critical_section.c.obj
                0x0000000010001e98                critical_section_init
 .text._exit    0x0000000010001eac        0x4 CMakeFiles/mbot_encoder_test.dir/lib/pico-sdk/src/rp2_common/pico_runtime/runtime.c.obj
                0x0000000010001eac                _exit
 .text._sbrk    0x0000000010001eb0       0x38 CMakeFiles/mbot_encoder_test.dir/lib/pico-sdk/src/rp2_common/pico_runtime/runtime.c.obj
                0x0000000010001eb0                _sbrk
 .text.exit     0x0000000010001ee8        0x6 CMakeFiles/mbot_encoder_test.dir/lib/pico-sdk/src/rp2_common/pico_runtime/runtime.c.obj
                0x0000000010001ee8                exit
 *fill*         0x0000000010001eee        0x2 
 .text.__assert_func
                0x0000000010001ef0       0x3c CMakeFiles/mbot_encoder_test.dir/lib/pico-sdk/src/rp2_common/pico_runtime/runtime.c.obj
                0x0000000010001ef0                __assert_func
 .text.runtime_init
                0x0000000010001f2c       0xf8 CMakeFiles/mbot_encoder_test.dir/lib/pico-sdk/src/rp2_common/pico_runtime/runtime.c.obj
                0x0000000010001f2c                runtime_init
 .text.panic    0x0000000010002024       0x30 CMakeFiles/mbot_encoder_test.dir/lib/pico-sdk/src/rp2_common/pico_runtime/runtime.c.obj
                0x0000000010002024                panic
 .text.clock_configure
                0x0000000010002054      0x104 CMakeFiles/mbot_encoder_test.dir/lib/pico-sdk/src/rp2_common/hardware_clocks/clocks.c.obj
                0x0000000010002054                clock_configure
 .text.clocks_init
                0x0000000010002158      0x100 CMakeFiles/mbot_encoder_test.dir/lib/pico-sdk/src/rp2_common/hardware_clocks/clocks.c.obj
                0x0000000010002158                clocks_init
 .text.clock_get_hz
                0x0000000010002258        0xc CMakeFiles/mbot_encoder_test.dir/lib/pico-sdk/src/rp2_common/hardware_clocks/clocks.c.obj
                0x0000000010002258                clock_get_hz
 .text.pll_init
                0x0000000010002264      0x140 CMakeFiles/mbot_encoder_test.dir/lib/pico-sdk/src/rp2_common/hardware_pll/pll.c.obj
                0x0000000010002264                pll_init
 .text.watchdog_start_tick
                0x00000000100023a4       0x10 CMakeFiles/mbot_encoder_test.dir/lib/pico-sdk/src/rp2_common/hardware_watchdog/watchdog.c.obj
                0x00000000100023a4                watchdog_start_tick
 .text.watchdog_update
                0x00000000100023b4       0x14 CMakeFiles/mbot_encoder_test.dir/lib/pico-sdk/src/rp2_common/hardware_watchdog/watchdog.c.obj
                0x00000000100023b4                watchdog_update
 .text._watchdog_enable
                0x00000000100023c8       0x78 CMakeFiles/mbot_encoder_test.dir/lib/pico-sdk/src/rp2_common/hardware_watchdog/watchdog.c.obj
                0x00000000100023c8                _watchdog_enable
 .text.watchdog_reboot
                0x0000000010002440       0x48 CMakeFiles/mbot_encoder_test.dir/lib/pico-sdk/src/rp2_common/hardware_watchdog/watchdog.c.obj
                0x0000000010002440                watchdog_reboot
 .text.xosc_init
                0x0000000010002488       0x28 CMakeFiles/mbot_encoder_test.dir/lib/pico-sdk/src/rp2_common/hardware_xosc/xosc.c.obj
                0x0000000010002488                xosc_init
 .text._out_null
                0x00000000100024b0        0x2 CMakeFiles/mbot_encoder_test.dir/lib/pico-sdk/src/rp2_common/pico_printf/printf.c.obj
 .text._out_fct
                0x00000000100024b2        0xe CMakeFiles/mbot_encoder_test.dir/lib/pico-sdk/src/rp2_common/pico_printf/printf.c.obj
 .text._atoi    0x00000000100024c0       0x24 CMakeFiles/mbot_encoder_test.dir/lib/pico-sdk/src/rp2_common/pico_printf/printf.c.obj
 .text._out_rev
                0x00000000100024e4       0xae CMakeFiles/mbot_encoder_test.dir/lib/pico-sdk/src/rp2_common/pico_printf/printf.c.obj
 .text._ntoa_format
                0x0000000010002592      0x112 CMakeFiles/mbot_encoder_test.dir/lib/pico-sdk/src/rp2_common/pico_printf/printf.c.obj
 .text._ntoa_long
                0x00000000100026a4       0xbc CMakeFiles/mbot_encoder_test.dir/lib/pico-sdk/src/rp2_common/pico_printf/printf.c.obj
 .text._ntoa_long_long
                0x0000000010002760       0xe2 CMakeFiles/mbot_encoder_test.dir/lib/pico-sdk/src/rp2_common/pico_printf/printf.c.obj
 *fill*         0x0000000010002842        0x2 
 .text._etoa    0x0000000010002844      0x414 CMakeFiles/mbot_encoder_test.dir/lib/pico-sdk/src/rp2_common/pico_printf/printf.c.obj
 .text._ftoa    0x0000000010002c58      0x354 CMakeFiles/mbot_encoder_test.dir/lib/pico-sdk/src/rp2_common/pico_printf/printf.c.obj
 .text._vsnprintf
                0x0000000010002fac      0x624 CMakeFiles/mbot_encoder_test.dir/lib/pico-sdk/src/rp2_common/pico_printf/printf.c.obj
 .text.vfctprintf
                0x00000000100035d0       0x20 CMakeFiles/mbot_encoder_test.dir/lib/pico-sdk/src/rp2_common/pico_printf/printf.c.obj
                0x00000000100035d0                vfctprintf
 .text          0x00000000100035f0       0x10 CMakeFiles/mbot_encoder_test.dir/lib/pico-sdk/src/rp2_common/pico_bit_ops/bit_ops_aeabi.S.obj
 .text.rom_func_lookup
                0x0000000010003600       0x10 CMakeFiles/mbot_encoder_test.dir/lib/pico-sdk/src/rp2_common/pico_bootrom/bootrom.c.obj
                0x0000000010003600                rom_func_lookup
 .text.rom_data_lookup
                0x0000000010003610       0x10 CMakeFiles/mbot_encoder_test.dir/lib/pico-sdk/src/rp2_common/pico_bootrom/bootrom.c.obj
                0x0000000010003610                rom_data_lookup
 .text.rom_funcs_lookup
                0x0000000010003620       0x36 CMakeFiles/mbot_encoder_test.dir/lib/pico-sdk/src/rp2_common/pico_bootrom/bootrom.c.obj
                0x0000000010003620                rom_funcs_lookup
 *fill*         0x0000000010003656        0x2 
 .text.__wrap___aeabi_idiv
                0x0000000010003658       0x50 CMakeFiles/mbot_encoder_test.dir/lib/pico-sdk/src/rp2_common/pico_divider/divider.S.obj
                0x0000000010003658                __wrap___aeabi_idivmod
                0x0000000010003658                divmod_s32s32
                0x0000000010003658                div_s32s32
                0x0000000010003658                __wrap___aeabi_idiv
                0x0000000010003660                divmod_s32s32_unsafe
                0x000000001000368c                divmod_s32s32_savestate
 .text.__wrap___aeabi_uidiv
                0x00000000100036a8       0x4c CMakeFiles/mbot_encoder_test.dir/lib/pico-sdk/src/rp2_common/pico_divider/divider.S.obj
                0x00000000100036a8                __wrap___aeabi_uidiv
                0x00000000100036a8                __wrap___aeabi_uidivmod
                0x00000000100036a8                div_u32u32
                0x00000000100036a8                divmod_u32u32
                0x00000000100036b0                divmod_u32u32_unsafe
                0x00000000100036d8                divmod_u32u32_savestate
 .text.__wrap___aeabi_ldiv
                0x00000000100036f4      0x434 CMakeFiles/mbot_encoder_test.dir/lib/pico-sdk/src/rp2_common/pico_divider/divider.S.obj
                0x00000000100036f4                div_s64s64
                0x00000000100036f4                divmod_s64s64
                0x00000000100036f4                __wrap___aeabi_ldivmod
                0x000000001000372c                div_u64u64
                0x000000001000372c                divmod_u64u64
                0x000000001000372c                __wrap___aeabi_uldivmod
                0x000000001000373c                divmod_u64u64_savestate
                0x0000000010003764                divmod_s64s64_unsafe
                0x00000000100037ec                divmod_u64u64_unsafe
 .text.__wrap___aeabi_darithmetic
                0x0000000010003b28       0x80 CMakeFiles/mbot_encoder_test.dir/lib/pico-sdk/src/rp2_common/pico_double/double_aeabi.S.obj
                0x0000000010003b28                __wrap___aeabi_drsub
                0x0000000010003b2e                __wrap___aeabi_dsub
                0x0000000010003b40                __wrap___aeabi_dadd
                0x0000000010003b52                __wrap___aeabi_ddiv
                0x0000000010003b8e                __wrap___aeabi_dmul
 .text.__wrap___aeabi_cdcmple
                0x0000000010003ba8       0x6c CMakeFiles/mbot_encoder_test.dir/lib/pico-sdk/src/rp2_common/pico_double/double_aeabi.S.obj
                0x0000000010003ba8                __wrap___aeabi_cdrcmple
                0x0000000010003bb8                __wrap___aeabi_cdcmple
                0x0000000010003bb8                __wrap___aeabi_cdcmpeq
 .text.__wrap___aeabi_dcmplt
                0x0000000010003c14        0xc CMakeFiles/mbot_encoder_test.dir/lib/pico-sdk/src/rp2_common/pico_double/double_aeabi.S.obj
                0x0000000010003c14                __wrap___aeabi_dcmplt
 .text.__wrap___aeabi_dcmple
                0x0000000010003c20       0x10 CMakeFiles/mbot_encoder_test.dir/lib/pico-sdk/src/rp2_common/pico_double/double_aeabi.S.obj
                0x0000000010003c20                __wrap___aeabi_dcmple
 .text.__wrap___aeabi_dcmpge
                0x0000000010003c30       0x10 CMakeFiles/mbot_encoder_test.dir/lib/pico-sdk/src/rp2_common/pico_double/double_aeabi.S.obj
                0x0000000010003c30                __wrap___aeabi_dcmpge
 .text.__wrap___aeabi_dcmpgt
                0x0000000010003c40        0xa CMakeFiles/mbot_encoder_test.dir/lib/pico-sdk/src/rp2_common/pico_double/double_aeabi.S.obj
                0x0000000010003c40                __wrap___aeabi_dcmpgt
 .text.__wrap___aeabi_dcmpun
                0x0000000010003c4a       0x1c CMakeFiles/mbot_encoder_test.dir/lib/pico-sdk/src/rp2_common/pico_double/double_aeabi.S.obj
                0x0000000010003c4a                __wrap___aeabi_dcmpun
 *fill*         0x0000000010003c66        0x2 
 .text.__wrap___aeabi_i2d
                0x0000000010003c68       0x38 CMakeFiles/mbot_encoder_test.dir/lib/pico-sdk/src/rp2_common/pico_double/double_aeabi.S.obj
                0x0000000010003c68                __wrap___aeabi_ui2d
                0x0000000010003c70                __wrap___aeabi_i2d
 .text.__wrap___aeabi_d2iz
                0x0000000010003ca0       0x48 CMakeFiles/mbot_encoder_test.dir/lib/pico-sdk/src/rp2_common/pico_double/double_aeabi.S.obj
                0x0000000010003ca0                __wrap___aeabi_d2iz
                0x0000000010003ca0                double2int_z
 .text.__wrap___aeabi_d2uiz
                0x0000000010003ce8       0x18 CMakeFiles/mbot_encoder_test.dir/lib/pico-sdk/src/rp2_common/pico_double/double_aeabi.S.obj
                0x0000000010003ce8                double2uint
                0x0000000010003ce8                __wrap___aeabi_d2uiz
 .text.__aeabi_double_init
                0x0000000010003d00       0xc8 CMakeFiles/mbot_encoder_test.dir/lib/pico-sdk/src/rp2_common/pico_double/double_init_rom.c.obj
                0x0000000010003d00                __aeabi_double_init
 .text.double_table_shim_on_use_helper
                0x0000000010003dc8       0x34 CMakeFiles/mbot_encoder_test.dir/lib/pico-sdk/src/rp2_common/pico_double/double_v1_rom_shim.S.obj
                0x0000000010003dc8                double_table_shim_on_use_helper
 .text.__wrap___aeabi_dsub
                0x0000000010003dfc       0x10 CMakeFiles/mbot_encoder_test.dir/lib/pico-sdk/src/rp2_common/pico_double/double_v1_rom_shim.S.obj
                0x0000000010003dfc                drsub_shim
                0x0000000010003e02                dsub_shim
 .text.dadd_shim
                0x0000000010003e0c      0x15c CMakeFiles/mbot_encoder_test.dir/lib/pico-sdk/src/rp2_common/pico_double/double_v1_rom_shim.S.obj
                0x0000000010003e0c                dadd_shim
 .text.dmul_shim
                0x0000000010003f68      0x15c CMakeFiles/mbot_encoder_test.dir/lib/pico-sdk/src/rp2_common/pico_double/double_v1_rom_shim.S.obj
                0x0000000010003f68                dmul_shim
 .text.ddiv_shim
                0x00000000100040c4      0x1b0 CMakeFiles/mbot_encoder_test.dir/lib/pico-sdk/src/rp2_common/pico_double/double_v1_rom_shim.S.obj
                0x00000000100040c4                ddiv_shim
 .text.double2uint_shim
                0x0000000010004274        0xe CMakeFiles/mbot_encoder_test.dir/lib/pico-sdk/src/rp2_common/pico_double/double_v1_rom_shim.S.obj
                0x0000000010004274                double2uint_shim
                0x0000000010004276                double2ufix_shim
 *fill*         0x0000000010004282        0x2 
 .text.double2uint64_shim
                0x0000000010004284       0x70 CMakeFiles/mbot_encoder_test.dir/lib/pico-sdk/src/rp2_common/pico_double/double_v1_rom_shim.S.obj
                0x0000000010004284                double2uint64_shim
                0x0000000010004286                double2ufix64_shim
                0x00000000100042a6                d2fix_a
 .text.dunpacks
                0x00000000100042f4       0x3c CMakeFiles/mbot_encoder_test.dir/lib/pico-sdk/src/rp2_common/pico_double/double_v1_rom_shim.S.obj
                0x00000000100042f4                dunpacks
 .text.__aeabi_lmul
                0x0000000010004330       0x32 CMakeFiles/mbot_encoder_test.dir/lib/pico-sdk/src/rp2_common/pico_int64_ops/pico_int64_ops_aeabi.S.obj
                0x0000000010004330                __wrap___aeabi_lmul
 *fill*         0x0000000010004362        0x2 
 .text.__wrap___aeabi_farithmetic
                0x0000000010004364       0x58 CMakeFiles/mbot_encoder_test.dir/lib/pico-sdk/src/rp2_common/pico_float/float_aeabi.S.obj
                0x0000000010004364                __wrap___aeabi_frsub
                0x000000001000436a                __wrap___aeabi_fsub
                0x0000000010004374                __wrap___aeabi_fadd
                0x000000001000437e                __wrap___aeabi_fdiv
                0x00000000100043aa                __wrap___aeabi_fmul
 .text.__wrap___aeabi_ui2f
                0x00000000100043bc        0xa CMakeFiles/mbot_encoder_test.dir/lib/pico-sdk/src/rp2_common/pico_float/float_aeabi.S.obj
                0x00000000100043bc                __wrap___aeabi_ui2f
 *fill*         0x00000000100043c6        0x2 
 .text.__wrap___aeabi_i2f
                0x00000000100043c8       0x44 CMakeFiles/mbot_encoder_test.dir/lib/pico-sdk/src/rp2_common/pico_float/float_aeabi.S.obj
                0x00000000100043c8                __wrap___aeabi_i2f
 .text.__wrap___aeabi_f2uiz
                0x000000001000440c       0x10 CMakeFiles/mbot_encoder_test.dir/lib/pico-sdk/src/rp2_common/pico_float/float_aeabi.S.obj
                0x000000001000440c                __wrap___aeabi_f2uiz
 .text.__aeabi_float_init
                0x000000001000441c       0xfc CMakeFiles/mbot_encoder_test.dir/lib/pico-sdk/src/rp2_common/pico_float/float_init_rom.c.obj
                0x000000001000441c                __aeabi_float_init
 .text.float_table_shim_on_use_helper
                0x0000000010004518       0x34 CMakeFiles/mbot_encoder_test.dir/lib/pico-sdk/src/rp2_common/pico_float/float_v1_rom_shim.S.obj
                0x0000000010004518                float_table_shim_on_use_helper
 .text          0x000000001000454c       0x10 CMakeFiles/mbot_encoder_test.dir/lib/pico-sdk/src/rp2_common/pico_mem_ops/mem_ops_aeabi.S.obj
                0x000000001000454c                __aeabi_mem_init
 .text.memset   0x000000001000455c        0xc CMakeFiles/mbot_encoder_test.dir/lib/pico-sdk/src/rp2_common/pico_mem_ops/mem_ops_aeabi.S.obj
                0x000000001000455c                __wrap_memset
 .text.memcpy   0x0000000010004568        0xc CMakeFiles/mbot_encoder_test.dir/lib/pico-sdk/src/rp2_common/pico_mem_ops/mem_ops_aeabi.S.obj
                0x0000000010004568                __wrap___aeabi_memcpy
                0x0000000010004568                __wrap_memcpy
 .text.stdio_out_chars_no_crlf
                0x0000000010004574        0xe CMakeFiles/mbot_encoder_test.dir/lib/pico-sdk/src/rp2_common/pico_stdio/stdio.c.obj
 *fill*         0x0000000010004582        0x2 
 .text.stdio_out_chars_crlf
                0x0000000010004584       0x80 CMakeFiles/mbot_encoder_test.dir/lib/pico-sdk/src/rp2_common/pico_stdio/stdio.c.obj
 .text.stdio_stack_buffer_flush
                0x0000000010004604       0x44 CMakeFiles/mbot_encoder_test.dir/lib/pico-sdk/src/rp2_common/pico_stdio/stdio.c.obj
 .text.stdio_buffered_printer
                0x0000000010004648       0x20 CMakeFiles/mbot_encoder_test.dir/lib/pico-sdk/src/rp2_common/pico_stdio/stdio.c.obj
 .text.stdio_get_until
                0x0000000010004668       0x80 CMakeFiles/mbot_encoder_test.dir/lib/pico-sdk/src/rp2_common/pico_stdio/stdio.c.obj
 .text.stdout_serialize_begin
                0x00000000100046e8       0x30 CMakeFiles/mbot_encoder_test.dir/lib/pico-sdk/src/rp2_common/pico_stdio/stdio.c.obj
                0x00000000100046e8                stdout_serialize_begin
 .text.stdout_serialize_end
                0x0000000010004718       0x10 CMakeFiles/mbot_encoder_test.dir/lib/pico-sdk/src/rp2_common/pico_stdio/stdio.c.obj
                0x0000000010004718                stdout_serialize_end
 .text.stdio_put_string
                0x0000000010004728       0x98 CMakeFiles/mbot_encoder_test.dir/lib/pico-sdk/src/rp2_common/pico_stdio/stdio.c.obj
 .text._read    0x00000000100047c0       0x24 CMakeFiles/mbot_encoder_test.dir/lib/pico-sdk/src/rp2_common/pico_stdio/stdio.c.obj
                0x00000000100047c0                _read
 .text._write   0x00000000100047e4       0x22 CMakeFiles/mbot_encoder_test.dir/lib/pico-sdk/src/rp2_common/pico_stdio/stdio.c.obj
                0x00000000100047e4                _write
 *fill*         0x0000000010004806        0x2 
 .text.stdio_set_driver_enabled
                0x0000000010004808       0x2c CMakeFiles/mbot_encoder_test.dir/lib/pico-sdk/src/rp2_common/pico_stdio/stdio.c.obj
                0x0000000010004808                stdio_set_driver_enabled
 .text.stdio_flush
                0x0000000010004834       0x20 CMakeFiles/mbot_encoder_test.dir/lib/pico-sdk/src/rp2_common/pico_stdio/stdio.c.obj
                0x0000000010004834                stdio_flush
 .text.__wrap_puts
                0x0000000010004854       0x1e CMakeFiles/mbot_encoder_test.dir/lib/pico-sdk/src/rp2_common/pico_stdio/stdio.c.obj
                0x0000000010004854                __wrap_puts
 *fill*         0x0000000010004872        0x2 
 .text.__wrap_vprintf
                0x0000000010004874       0x44 CMakeFiles/mbot_encoder_test.dir/lib/pico-sdk/src/rp2_common/pico_stdio/stdio.c.obj
                0x0000000010004874                __wrap_vprintf
 .text.__wrap_printf
                0x00000000100048b8       0x18 CMakeFiles/mbot_encoder_test.dir/lib/pico-sdk/src/rp2_common/pico_stdio/stdio.c.obj
                0x00000000100048b8                __wrap_printf
 .text.stdio_init_all
                0x00000000100048d0        0x8 CMakeFiles/mbot_encoder_test.dir/lib/pico-sdk/src/rp2_common/pico_stdio/stdio.c.obj
                0x00000000100048d0                stdio_init_all
 .text.resetd_init
                0x00000000100048d8        0x2 CMakeFiles/mbot_encoder_test.dir/lib/pico-sdk/src/rp2_common/pico_stdio_usb/reset_interface.c.obj
 *fill*         0x00000000100048da        0x2 
 .text.resetd_reset
                0x00000000100048dc        0xc CMakeFiles/mbot_encoder_test.dir/lib/pico-sdk/src/rp2_common/pico_stdio_usb/reset_interface.c.obj
 .text.resetd_open
                0x00000000100048e8       0x34 CMakeFiles/mbot_encoder_test.dir/lib/pico-sdk/src/rp2_common/pico_stdio_usb/reset_interface.c.obj
 .text.resetd_xfer_cb
                0x000000001000491c        0x4 CMakeFiles/mbot_encoder_test.dir/lib/pico-sdk/src/rp2_common/pico_stdio_usb/reset_interface.c.obj
 .text.reset_usb_boot
                0x0000000010004920       0x18 CMakeFiles/mbot_encoder_test.dir/lib/pico-sdk/src/rp2_common/pico_stdio_usb/reset_interface.c.obj
 .text.resetd_control_xfer_cb
                0x0000000010004938       0x5c CMakeFiles/mbot_encoder_test.dir/lib/pico-sdk/src/rp2_common/pico_stdio_usb/reset_interface.c.obj
 .text.usbd_app_driver_get_cb
                0x0000000010004994        0xc CMakeFiles/mbot_encoder_test.dir/lib/pico-sdk/src/rp2_common/pico_stdio_usb/reset_interface.c.obj
                0x0000000010004994                usbd_app_driver_get_cb
 .text.tud_cdc_line_coding_cb
                0x00000000100049a0       0x28 CMakeFiles/mbot_encoder_test.dir/lib/pico-sdk/src/rp2_common/pico_stdio_usb/reset_interface.c.obj
                0x00000000100049a0                tud_cdc_line_coding_cb
 .text.stdio_usb_in_chars
                0x00000000100049c8       0x70 CMakeFiles/mbot_encoder_test.dir/lib/pico-sdk/src/rp2_common/pico_stdio_usb/stdio_usb.c.obj
                0x00000000100049c8                stdio_usb_in_chars
 .text.low_priority_worker_irq
                0x0000000010004a38       0x20 CMakeFiles/mbot_encoder_test.dir/lib/pico-sdk/src/rp2_common/pico_stdio_usb/stdio_usb.c.obj
 .text.stdio_usb_out_chars
                0x0000000010004a58       0xd4 CMakeFiles/mbot_encoder_test.dir/lib/pico-sdk/src/rp2_common/pico_stdio_usb/stdio_usb.c.obj
 .text.timer_task
                0x0000000010004b2c       0x40 CMakeFiles/mbot_encoder_test.dir/lib/pico-sdk/src/rp2_common/pico_stdio_usb/stdio_usb.c.obj
 .text.usb_irq  0x0000000010004b6c       0x10 CMakeFiles/mbot_encoder_test.dir/lib/pico-sdk/src/rp2_common/pico_stdio_usb/stdio_usb.c.obj
 .text.stdio_usb_init
                0x0000000010004b7c       0xec CMakeFiles/mbot_encoder_test.dir/lib/pico-sdk/src/rp2_common/pico_stdio_usb/stdio_usb.c.obj
                0x0000000010004b7c                stdio_usb_init
 .text.tud_descriptor_device_cb
                0x0000000010004c68        0x8 CMakeFiles/mbot_encoder_test.dir/lib/pico-sdk/src/rp2_common/pico_stdio_usb/stdio_usb_descriptors.c.obj
                0x0000000010004c68                tud_descriptor_device_cb
 .text.tud_descriptor_configuration_cb
                0x0000000010004c70        0x8 CMakeFiles/mbot_encoder_test.dir/lib/pico-sdk/src/rp2_common/pico_stdio_usb/stdio_usb_descriptors.c.obj
                0x0000000010004c70                tud_descriptor_configuration_cb
 .text.tud_descriptor_string_cb
                0x0000000010004c78       0x6c CMakeFiles/mbot_encoder_test.dir/lib/pico-sdk/src/rp2_common/pico_stdio_usb/stdio_usb_descriptors.c.obj
                0x0000000010004c78                tud_descriptor_string_cb
 .text.hw_endpoint_get_by_addr
                0x0000000010004ce4       0x18 CMakeFiles/mbot_encoder_test.dir/lib/pico-sdk/lib/tinyusb/src/portable/raspberrypi/rp2040/dcd_rp2040.c.obj
 .text.reset_ep0_pid
                0x0000000010004cfc       0x28 CMakeFiles/mbot_encoder_test.dir/lib/pico-sdk/lib/tinyusb/src/portable/raspberrypi/rp2040/dcd_rp2040.c.obj
 .text._hw_endpoint_alloc
                0x0000000010004d24       0x70 CMakeFiles/mbot_encoder_test.dir/lib/pico-sdk/lib/tinyusb/src/portable/raspberrypi/rp2040/dcd_rp2040.c.obj
 .text.hw_endpoint_init
                0x0000000010004d94       0x88 CMakeFiles/mbot_encoder_test.dir/lib/pico-sdk/lib/tinyusb/src/portable/raspberrypi/rp2040/dcd_rp2040.c.obj
 .text.reset_non_control_endpoints
                0x0000000010004e1c       0x40 CMakeFiles/mbot_encoder_test.dir/lib/pico-sdk/lib/tinyusb/src/portable/raspberrypi/rp2040/dcd_rp2040.c.obj
 .text.hw_handle_buff_status
                0x0000000010004e5c       0x8c CMakeFiles/mbot_encoder_test.dir/lib/pico-sdk/lib/tinyusb/src/portable/raspberrypi/rp2040/dcd_rp2040.c.obj
 .text.dcd_rp2040_irq
                0x0000000010004ee8       0xc0 CMakeFiles/mbot_encoder_test.dir/lib/pico-sdk/lib/tinyusb/src/portable/raspberrypi/rp2040/dcd_rp2040.c.obj
 .text.hw_endpoint_xfer
                0x0000000010004fa8       0x14 CMakeFiles/mbot_encoder_test.dir/lib/pico-sdk/lib/tinyusb/src/portable/raspberrypi/rp2040/dcd_rp2040.c.obj
 .text.dcd_int_enable
                0x0000000010004fbc       0x2c CMakeFiles/mbot_encoder_test.dir/lib/pico-sdk/lib/tinyusb/src/portable/raspberrypi/rp2040/dcd_rp2040.c.obj
                0x0000000010004fbc                dcd_int_enable
 .text.dcd_set_address
                0x0000000010004fe8       0x2c CMakeFiles/mbot_encoder_test.dir/lib/pico-sdk/lib/tinyusb/src/portable/raspberrypi/rp2040/dcd_rp2040.c.obj
                0x0000000010004fe8                dcd_set_address
 .text.dcd_connect
                0x0000000010005014       0x10 CMakeFiles/mbot_encoder_test.dir/lib/pico-sdk/lib/tinyusb/src/portable/raspberrypi/rp2040/dcd_rp2040.c.obj
                0x0000000010005014                dcd_connect
 .text.dcd_init
                0x0000000010005024       0x7c CMakeFiles/mbot_encoder_test.dir/lib/pico-sdk/lib/tinyusb/src/portable/raspberrypi/rp2040/dcd_rp2040.c.obj
                0x0000000010005024                dcd_init
 .text.dcd_edpt0_status_complete
                0x00000000100050a0       0x1c CMakeFiles/mbot_encoder_test.dir/lib/pico-sdk/lib/tinyusb/src/portable/raspberrypi/rp2040/dcd_rp2040.c.obj
                0x00000000100050a0                dcd_edpt0_status_complete
 .text.dcd_edpt_open
                0x00000000100050bc       0x40 CMakeFiles/mbot_encoder_test.dir/lib/pico-sdk/lib/tinyusb/src/portable/raspberrypi/rp2040/dcd_rp2040.c.obj
                0x00000000100050bc                dcd_edpt_open
 .text.dcd_edpt_close_all
                0x00000000100050fc        0x8 CMakeFiles/mbot_encoder_test.dir/lib/pico-sdk/lib/tinyusb/src/portable/raspberrypi/rp2040/dcd_rp2040.c.obj
                0x00000000100050fc                dcd_edpt_close_all
 .text.dcd_edpt_xfer
                0x0000000010005104       0x30 CMakeFiles/mbot_encoder_test.dir/lib/pico-sdk/lib/tinyusb/src/portable/raspberrypi/rp2040/dcd_rp2040.c.obj
                0x0000000010005104                dcd_edpt_xfer
 .text.dcd_edpt_stall
                0x0000000010005134       0x2c CMakeFiles/mbot_encoder_test.dir/lib/pico-sdk/lib/tinyusb/src/portable/raspberrypi/rp2040/dcd_rp2040.c.obj
                0x0000000010005134                dcd_edpt_stall
 .text.dcd_edpt_clear_stall
                0x0000000010005160       0x20 CMakeFiles/mbot_encoder_test.dir/lib/pico-sdk/lib/tinyusb/src/portable/raspberrypi/rp2040/dcd_rp2040.c.obj
                0x0000000010005160                dcd_edpt_clear_stall
 .text.prepare_ep_buffer
                0x0000000010005180       0x70 CMakeFiles/mbot_encoder_test.dir/lib/pico-sdk/lib/tinyusb/src/portable/raspberrypi/rp2040/rp2040_usb.c.obj
 .text.sync_ep_buffer
                0x00000000100051f0       0x7c CMakeFiles/mbot_encoder_test.dir/lib/pico-sdk/lib/tinyusb/src/portable/raspberrypi/rp2040/rp2040_usb.c.obj
 .text._hw_endpoint_xfer_sync
                0x000000001000526c       0x28 CMakeFiles/mbot_encoder_test.dir/lib/pico-sdk/lib/tinyusb/src/portable/raspberrypi/rp2040/rp2040_usb.c.obj
 .text.rp2040_usb_init
                0x0000000010005294       0x4c CMakeFiles/mbot_encoder_test.dir/lib/pico-sdk/lib/tinyusb/src/portable/raspberrypi/rp2040/rp2040_usb.c.obj
                0x0000000010005294                rp2040_usb_init
 .text.hw_endpoint_reset_transfer
                0x00000000100052e0        0xc CMakeFiles/mbot_encoder_test.dir/lib/pico-sdk/lib/tinyusb/src/portable/raspberrypi/rp2040/rp2040_usb.c.obj
                0x00000000100052e0                hw_endpoint_reset_transfer
 .text._hw_endpoint_buffer_control_update32
                0x00000000100052ec       0x58 CMakeFiles/mbot_encoder_test.dir/lib/pico-sdk/lib/tinyusb/src/portable/raspberrypi/rp2040/rp2040_usb.c.obj
                0x00000000100052ec                _hw_endpoint_buffer_control_update32
 .text._hw_endpoint_start_next_buffer
                0x0000000010005344       0x74 CMakeFiles/mbot_encoder_test.dir/lib/pico-sdk/lib/tinyusb/src/portable/raspberrypi/rp2040/rp2040_usb.c.obj
 .text.hw_endpoint_xfer_start
                0x00000000100053b8       0x48 CMakeFiles/mbot_encoder_test.dir/lib/pico-sdk/lib/tinyusb/src/portable/raspberrypi/rp2040/rp2040_usb.c.obj
                0x00000000100053b8                hw_endpoint_xfer_start
 .text.hw_endpoint_xfer_continue
                0x0000000010005400       0x38 CMakeFiles/mbot_encoder_test.dir/lib/pico-sdk/lib/tinyusb/src/portable/raspberrypi/rp2040/rp2040_usb.c.obj
                0x0000000010005400                hw_endpoint_xfer_continue
 .text.configuration_reset
                0x0000000010005438       0x84 CMakeFiles/mbot_encoder_test.dir/lib/pico-sdk/lib/tinyusb/src/device/usbd.c.obj
 .text.usbd_reset
                0x00000000100054bc        0xc CMakeFiles/mbot_encoder_test.dir/lib/pico-sdk/lib/tinyusb/src/device/usbd.c.obj
 .text.invoke_class_control
                0x00000000100054c8       0x1a CMakeFiles/mbot_encoder_test.dir/lib/pico-sdk/lib/tinyusb/src/device/usbd.c.obj
 *fill*         0x00000000100054e2        0x2 
 .text.process_set_config
                0x00000000100054e4      0x1b0 CMakeFiles/mbot_encoder_test.dir/lib/pico-sdk/lib/tinyusb/src/device/usbd.c.obj
 .text.process_get_descriptor
                0x0000000010005694       0xec CMakeFiles/mbot_encoder_test.dir/lib/pico-sdk/lib/tinyusb/src/device/usbd.c.obj
 .text.tud_mounted
                0x0000000010005780       0x10 CMakeFiles/mbot_encoder_test.dir/lib/pico-sdk/lib/tinyusb/src/device/usbd.c.obj
                0x0000000010005780                tud_mounted
 .text.tud_suspended
                0x0000000010005790       0x10 CMakeFiles/mbot_encoder_test.dir/lib/pico-sdk/lib/tinyusb/src/device/usbd.c.obj
                0x0000000010005790                tud_suspended
 .text.tud_inited
                0x00000000100057a0        0xc CMakeFiles/mbot_encoder_test.dir/lib/pico-sdk/lib/tinyusb/src/device/usbd.c.obj
                0x00000000100057a0                tud_inited
 .text.tud_init
                0x00000000100057ac       0xcc CMakeFiles/mbot_encoder_test.dir/lib/pico-sdk/lib/tinyusb/src/device/usbd.c.obj
                0x00000000100057ac                tud_init
 .text.dcd_event_handler
                0x0000000010005878      0x1e0 CMakeFiles/mbot_encoder_test.dir/lib/pico-sdk/lib/tinyusb/src/device/usbd.c.obj
                0x0000000010005878                dcd_event_handler
 .text.dcd_event_bus_signal
                0x0000000010005a58       0x26 CMakeFiles/mbot_encoder_test.dir/lib/pico-sdk/lib/tinyusb/src/device/usbd.c.obj
                0x0000000010005a58                dcd_event_bus_signal
 .text.dcd_event_bus_reset
                0x0000000010005a7e       0x2a CMakeFiles/mbot_encoder_test.dir/lib/pico-sdk/lib/tinyusb/src/device/usbd.c.obj
                0x0000000010005a7e                dcd_event_bus_reset
 .text.dcd_event_setup_received
                0x0000000010005aa8       0x34 CMakeFiles/mbot_encoder_test.dir/lib/pico-sdk/lib/tinyusb/src/device/usbd.c.obj
                0x0000000010005aa8                dcd_event_setup_received
 .text.dcd_event_xfer_complete
                0x0000000010005adc       0x44 CMakeFiles/mbot_encoder_test.dir/lib/pico-sdk/lib/tinyusb/src/device/usbd.c.obj
                0x0000000010005adc                dcd_event_xfer_complete
 .text.usbd_edpt_open
                0x0000000010005b20       0x58 CMakeFiles/mbot_encoder_test.dir/lib/pico-sdk/lib/tinyusb/src/device/usbd.c.obj
                0x0000000010005b20                usbd_edpt_open
 .text.usbd_open_edpt_pair
                0x0000000010005b78       0x8c CMakeFiles/mbot_encoder_test.dir/lib/pico-sdk/lib/tinyusb/src/device/usbd.c.obj
                0x0000000010005b78                usbd_open_edpt_pair
 .text.usbd_edpt_claim
                0x0000000010005c04       0x8c CMakeFiles/mbot_encoder_test.dir/lib/pico-sdk/lib/tinyusb/src/device/usbd.c.obj
                0x0000000010005c04                usbd_edpt_claim
 .text.usbd_edpt_release
                0x0000000010005c90       0x68 CMakeFiles/mbot_encoder_test.dir/lib/pico-sdk/lib/tinyusb/src/device/usbd.c.obj
                0x0000000010005c90                usbd_edpt_release
 .text.usbd_edpt_xfer
                0x0000000010005cf8       0x80 CMakeFiles/mbot_encoder_test.dir/lib/pico-sdk/lib/tinyusb/src/device/usbd.c.obj
                0x0000000010005cf8                usbd_edpt_xfer
 .text.usbd_edpt_stall
                0x0000000010005d78       0x40 CMakeFiles/mbot_encoder_test.dir/lib/pico-sdk/lib/tinyusb/src/device/usbd.c.obj
                0x0000000010005d78                usbd_edpt_stall
 .text.usbd_edpt_clear_stall
                0x0000000010005db8       0x40 CMakeFiles/mbot_encoder_test.dir/lib/pico-sdk/lib/tinyusb/src/device/usbd.c.obj
                0x0000000010005db8                usbd_edpt_clear_stall
 .text.usbd_edpt_stalled
                0x0000000010005df8       0x1c CMakeFiles/mbot_encoder_test.dir/lib/pico-sdk/lib/tinyusb/src/device/usbd.c.obj
                0x0000000010005df8                usbd_edpt_stalled
 .text.process_control_request
                0x0000000010005e14      0x3b8 CMakeFiles/mbot_encoder_test.dir/lib/pico-sdk/lib/tinyusb/src/device/usbd.c.obj
 .text.tud_task
                0x00000000100061cc      0x218 CMakeFiles/mbot_encoder_test.dir/lib/pico-sdk/lib/tinyusb/src/device/usbd.c.obj
                0x00000000100061cc                tud_task
 .text._data_stage_xact
                0x00000000100063e4       0x58 CMakeFiles/mbot_encoder_test.dir/lib/pico-sdk/lib/tinyusb/src/device/usbd_control.c.obj
 .text.tud_control_status
                0x000000001000643c       0x38 CMakeFiles/mbot_encoder_test.dir/lib/pico-sdk/lib/tinyusb/src/device/usbd_control.c.obj
                0x000000001000643c                tud_control_status
 .text.tud_control_xfer
                0x0000000010006474       0xa8 CMakeFiles/mbot_encoder_test.dir/lib/pico-sdk/lib/tinyusb/src/device/usbd_control.c.obj
                0x0000000010006474                tud_control_xfer
 .text.usbd_control_reset
                0x000000001000651c       0x14 CMakeFiles/mbot_encoder_test.dir/lib/pico-sdk/lib/tinyusb/src/device/usbd_control.c.obj
                0x000000001000651c                usbd_control_reset
 .text.usbd_control_set_complete_callback
                0x0000000010006530        0xc CMakeFiles/mbot_encoder_test.dir/lib/pico-sdk/lib/tinyusb/src/device/usbd_control.c.obj
                0x0000000010006530                usbd_control_set_complete_callback
 .text.usbd_control_set_request
                0x000000001000653c       0x1c CMakeFiles/mbot_encoder_test.dir/lib/pico-sdk/lib/tinyusb/src/device/usbd_control.c.obj
                0x000000001000653c                usbd_control_set_request
 .text.usbd_control_xfer_cb
                0x0000000010006558       0xfc CMakeFiles/mbot_encoder_test.dir/lib/pico-sdk/lib/tinyusb/src/device/usbd_control.c.obj
                0x0000000010006558                usbd_control_xfer_cb
 .text._prep_out_transaction
                0x0000000010006654       0x50 CMakeFiles/mbot_encoder_test.dir/lib/pico-sdk/lib/tinyusb/src/class/cdc/cdc_device.c.obj
 .text.tud_cdc_n_connected
                0x00000000100066a4       0x44 CMakeFiles/mbot_encoder_test.dir/lib/pico-sdk/lib/tinyusb/src/class/cdc/cdc_device.c.obj
                0x00000000100066a4                tud_cdc_n_connected
 .text.tud_cdc_n_available
                0x00000000100066e8       0x1c CMakeFiles/mbot_encoder_test.dir/lib/pico-sdk/lib/tinyusb/src/class/cdc/cdc_device.c.obj
                0x00000000100066e8                tud_cdc_n_available
 .text.tud_cdc_n_read
                0x0000000010006704       0x28 CMakeFiles/mbot_encoder_test.dir/lib/pico-sdk/lib/tinyusb/src/class/cdc/cdc_device.c.obj
                0x0000000010006704                tud_cdc_n_read
 .text.tud_cdc_n_write_flush
                0x000000001000672c       0xc8 CMakeFiles/mbot_encoder_test.dir/lib/pico-sdk/lib/tinyusb/src/class/cdc/cdc_device.c.obj
                0x000000001000672c                tud_cdc_n_write_flush
 .text.tud_cdc_n_write
                0x00000000100067f4       0x38 CMakeFiles/mbot_encoder_test.dir/lib/pico-sdk/lib/tinyusb/src/class/cdc/cdc_device.c.obj
                0x00000000100067f4                tud_cdc_n_write
 .text.tud_cdc_n_write_available
                0x000000001000682c       0x1c CMakeFiles/mbot_encoder_test.dir/lib/pico-sdk/lib/tinyusb/src/class/cdc/cdc_device.c.obj
                0x000000001000682c                tud_cdc_n_write_available
 .text.cdcd_init
                0x0000000010006848       0xc0 CMakeFiles/mbot_encoder_test.dir/lib/pico-sdk/lib/tinyusb/src/class/cdc/cdc_device.c.obj
                0x0000000010006848                cdcd_init
 .text.cdcd_reset
                0x0000000010006908       0x48 CMakeFiles/mbot_encoder_test.dir/lib/pico-sdk/lib/tinyusb/src/class/cdc/cdc_device.c.obj
                0x0000000010006908                cdcd_reset
 .text.cdcd_open
                0x0000000010006950       0xf8 CMakeFiles/mbot_encoder_test.dir/lib/pico-sdk/lib/tinyusb/src/class/cdc/cdc_device.c.obj
                0x0000000010006950                cdcd_open
 .text.cdcd_control_xfer_cb
                0x0000000010006a48      0x134 CMakeFiles/mbot_encoder_test.dir/lib/pico-sdk/lib/tinyusb/src/class/cdc/cdc_device.c.obj
                0x0000000010006a48                cdcd_control_xfer_cb
 .text.cdcd_xfer_cb
                0x0000000010006b7c      0x144 CMakeFiles/mbot_encoder_test.dir/lib/pico-sdk/lib/tinyusb/src/class/cdc/cdc_device.c.obj
                0x0000000010006b7c                cdcd_xfer_cb
 .text.tusb_init
                0x0000000010006cc0       0x24 CMakeFiles/mbot_encoder_test.dir/lib/pico-sdk/lib/tinyusb/src/tusb.c.obj
                0x0000000010006cc0                tusb_init
 .text.tusb_inited
                0x0000000010006ce4        0xe CMakeFiles/mbot_encoder_test.dir/lib/pico-sdk/lib/tinyusb/src/tusb.c.obj
                0x0000000010006ce4                tusb_inited
 *fill*         0x0000000010006cf2        0x2 
 .text.tu_edpt_validate
                0x0000000010006cf4       0xa8 CMakeFiles/mbot_encoder_test.dir/lib/pico-sdk/lib/tinyusb/src/tusb.c.obj
                0x0000000010006cf4                tu_edpt_validate
 .text.tu_edpt_bind_driver
                0x0000000010006d9c       0x2a CMakeFiles/mbot_encoder_test.dir/lib/pico-sdk/lib/tinyusb/src/tusb.c.obj
                0x0000000010006d9c                tu_edpt_bind_driver
 .text.advance_pointer
                0x0000000010006dc6       0x18 CMakeFiles/mbot_encoder_test.dir/lib/pico-sdk/lib/tinyusb/src/common/tusb_fifo.c.obj
 .text.backward_pointer
                0x0000000010006dde       0x1e CMakeFiles/mbot_encoder_test.dir/lib/pico-sdk/lib/tinyusb/src/common/tusb_fifo.c.obj
 .text.get_relative_pointer
                0x0000000010006dfc       0x10 CMakeFiles/mbot_encoder_test.dir/lib/pico-sdk/lib/tinyusb/src/common/tusb_fifo.c.obj
 .text._tu_fifo_peek
                0x0000000010006e0c       0x50 CMakeFiles/mbot_encoder_test.dir/lib/pico-sdk/lib/tinyusb/src/common/tusb_fifo.c.obj
 .text._ff_pull_const_addr
                0x0000000010006e5c       0x4c CMakeFiles/mbot_encoder_test.dir/lib/pico-sdk/lib/tinyusb/src/common/tusb_fifo.c.obj
 .text._ff_pull_n
                0x0000000010006ea8      0x10c CMakeFiles/mbot_encoder_test.dir/lib/pico-sdk/lib/tinyusb/src/common/tusb_fifo.c.obj
 .text._tu_fifo_peek_n
                0x0000000010006fb4       0x5e CMakeFiles/mbot_encoder_test.dir/lib/pico-sdk/lib/tinyusb/src/common/tusb_fifo.c.obj
 .text._tu_fifo_read_n
                0x0000000010007012       0x4e CMakeFiles/mbot_encoder_test.dir/lib/pico-sdk/lib/tinyusb/src/common/tusb_fifo.c.obj
 .text._ff_push_const_addr
                0x0000000010007060       0x40 CMakeFiles/mbot_encoder_test.dir/lib/pico-sdk/lib/tinyusb/src/common/tusb_fifo.c.obj
 .text._ff_push_n
                0x00000000100070a0      0x108 CMakeFiles/mbot_encoder_test.dir/lib/pico-sdk/lib/tinyusb/src/common/tusb_fifo.c.obj
 .text._tu_fifo_write_n
                0x00000000100071a8       0x9e CMakeFiles/mbot_encoder_test.dir/lib/pico-sdk/lib/tinyusb/src/common/tusb_fifo.c.obj
 .text.tu_fifo_config
                0x0000000010007246       0x72 CMakeFiles/mbot_encoder_test.dir/lib/pico-sdk/lib/tinyusb/src/common/tusb_fifo.c.obj
                0x0000000010007246                tu_fifo_config
 .text.tu_fifo_count
                0x00000000100072b8       0x26 CMakeFiles/mbot_encoder_test.dir/lib/pico-sdk/lib/tinyusb/src/common/tusb_fifo.c.obj
                0x00000000100072b8                tu_fifo_count
 .text.tu_fifo_empty
                0x00000000100072de       0x10 CMakeFiles/mbot_encoder_test.dir/lib/pico-sdk/lib/tinyusb/src/common/tusb_fifo.c.obj
                0x00000000100072de                tu_fifo_empty
 .text.tu_fifo_remaining
                0x00000000100072ee       0x20 CMakeFiles/mbot_encoder_test.dir/lib/pico-sdk/lib/tinyusb/src/common/tusb_fifo.c.obj
                0x00000000100072ee                tu_fifo_remaining
 .text.tu_fifo_read
                0x000000001000730e       0x42 CMakeFiles/mbot_encoder_test.dir/lib/pico-sdk/lib/tinyusb/src/common/tusb_fifo.c.obj
                0x000000001000730e                tu_fifo_read
 .text.tu_fifo_read_n
                0x0000000010007350        0xa CMakeFiles/mbot_encoder_test.dir/lib/pico-sdk/lib/tinyusb/src/common/tusb_fifo.c.obj
                0x0000000010007350                tu_fifo_read_n
 .text.tu_fifo_write
                0x000000001000735a       0x6c CMakeFiles/mbot_encoder_test.dir/lib/pico-sdk/lib/tinyusb/src/common/tusb_fifo.c.obj
                0x000000001000735a                tu_fifo_write
 .text.tu_fifo_write_n
                0x00000000100073c6        0xa CMakeFiles/mbot_encoder_test.dir/lib/pico-sdk/lib/tinyusb/src/common/tusb_fifo.c.obj
                0x00000000100073c6                tu_fifo_write_n
 .text.tu_fifo_clear
                0x00000000100073d0       0x4c CMakeFiles/mbot_encoder_test.dir/lib/pico-sdk/lib/tinyusb/src/common/tusb_fifo.c.obj
                0x00000000100073d0                tu_fifo_clear
 .text.tu_fifo_set_overwritable
                0x000000001000741c       0x3c CMakeFiles/mbot_encoder_test.dir/lib/pico-sdk/lib/tinyusb/src/common/tusb_fifo.c.obj
                0x000000001000741c                tu_fifo_set_overwritable
 .text._retrieve_unique_id_on_boot
                0x0000000010007458       0x10 CMakeFiles/mbot_encoder_test.dir/lib/pico-sdk/src/rp2_common/pico_unique_id/unique_id.c.obj
 .text.pico_get_unique_board_id_string
                0x0000000010007468       0x60 CMakeFiles/mbot_encoder_test.dir/lib/pico-sdk/src/rp2_common/pico_unique_id/unique_id.c.obj
                0x0000000010007468                pico_get_unique_board_id_string
 .text.flash_get_unique_id
                0x00000000100074c8       0x46 CMakeFiles/mbot_encoder_test.dir/lib/pico-sdk/src/rp2_common/hardware_flash/flash.c.obj
                0x00000000100074c8                flash_get_unique_id
 *fill*         0x000000001000750e        0x2 
 .text._pio_can_add_program_at_offset
                0x0000000010007510       0x3c CMakeFiles/mbot_encoder_test.dir/lib/pico-sdk/src/rp2_common/hardware_pio/pio.c.obj
 .text._pio_find_offset_for_program
                0x000000001000754c       0x7c CMakeFiles/mbot_encoder_test.dir/lib/pico-sdk/src/rp2_common/hardware_pio/pio.c.obj
 .text._pio_add_program_at_offset
                0x00000000100075c8       0x78 CMakeFiles/mbot_encoder_test.dir/lib/pico-sdk/src/rp2_common/hardware_pio/pio.c.obj
 .text.pio_claim_unused_sm
                0x0000000010007640       0x3c CMakeFiles/mbot_encoder_test.dir/lib/pico-sdk/src/rp2_common/hardware_pio/pio.c.obj
                0x0000000010007640                pio_claim_unused_sm
 .text.pio_sm_is_claimed
                0x000000001000767c       0x20 CMakeFiles/mbot_encoder_test.dir/lib/pico-sdk/src/rp2_common/hardware_pio/pio.c.obj
                0x000000001000767c                pio_sm_is_claimed
 .text.pio_add_program
                0x000000001000769c       0x38 CMakeFiles/mbot_encoder_test.dir/lib/pico-sdk/src/rp2_common/hardware_pio/pio.c.obj
                0x000000001000769c                pio_add_program
 .text.pio_sm_set_consecutive_pindirs
                0x00000000100076d4       0x70 CMakeFiles/mbot_encoder_test.dir/lib/pico-sdk/src/rp2_common/hardware_pio/pio.c.obj
                0x00000000100076d4                pio_sm_set_consecutive_pindirs
 .text.pio_sm_init
                0x0000000010007744       0xe4 CMakeFiles/mbot_encoder_test.dir/lib/pico-sdk/src/rp2_common/hardware_pio/pio.c.obj
                0x0000000010007744                pio_sm_init
 .text.quadrature_encoder_set_count
                0x0000000010007828        0xc mbot/libmbotlib.a(encoder.c.obj)
 .text.quadrature_encoder_program_init
                0x0000000010007834      0x160 mbot/libmbotlib.a(encoder.c.obj)
 .text.mbot_encoder_init
                0x0000000010007994      0x188 mbot/libmbotlib.a(encoder.c.obj)
                0x0000000010007994                mbot_encoder_init
 .text.mbot_encoder_read_delta
                0x0000000010007b1c       0xcc mbot/libmbotlib.a(encoder.c.obj)
                0x0000000010007b1c                mbot_encoder_read_delta
 .text.mbot_encoder_read_count
                0x0000000010007be8       0x60 mbot/libmbotlib.a(encoder.c.obj)
                0x0000000010007be8                mbot_encoder_read_count
 .text          0x0000000010007c48       0xfc /usr/lib/gcc/arm-none-eabi/10.3.1/../../../arm-none-eabi/lib/thumb/v6-m/nofp/libg.a(lib_a-fwrite.o)
                0x0000000010007c48                _fwrite_r
                0x0000000010007cc4                fwrite
 .text          0x0000000010007d44      0x574 /usr/lib/gcc/arm-none-eabi/10.3.1/../../../arm-none-eabi/lib/thumb/v6-m/nofp/libg.a(lib_a-mallocr.o)
                0x0000000010007d44                _malloc_r
 .text          0x00000000100082b8        0x8 /usr/lib/gcc/arm-none-eabi/10.3.1/../../../arm-none-eabi/lib/thumb/v6-m/nofp/libg.a(lib_a-mlock.o)
                0x00000000100082b8                __malloc_lock
                0x00000000100082bc                __malloc_unlock
 .text          0x00000000100082c0      0x354 /usr/lib/gcc/arm-none-eabi/10.3.1/../../../arm-none-eabi/lib/thumb/v6-m/nofp/libg.a(lib_a-reallocr.o)
                0x00000000100082c0                _realloc_r
 .text          0x0000000010008614       0x24 /usr/lib/gcc/arm-none-eabi/10.3.1/../../../arm-none-eabi/lib/thumb/v6-m/nofp/libg.a(lib_a-sbrkr.o)
                0x0000000010008614                _sbrk_r
 .text          0x0000000010008638       0x5c /usr/lib/gcc/arm-none-eabi/10.3.1/../../../arm-none-eabi/lib/thumb/v6-m/nofp/libg.a(lib_a-strlen-stub.o)
                0x0000000010008638                strlen
 .text          0x0000000010008694      0x248 /usr/lib/gcc/arm-none-eabi/10.3.1/../../../arm-none-eabi/lib/thumb/v6-m/nofp/libg.a(lib_a-findfp.o)
                0x0000000010008698                _cleanup_r
                0x0000000010008794                __sfmoreglue
                0x00000000100087c4                __sfp
                0x0000000010008874                _cleanup
                0x000000001000888c                __sinit
                0x000000001000889c                __sfp_lock_acquire
                0x00000000100088a0                __sfp_lock_release
                0x00000000100088a4                __sinit_lock_acquire
                0x00000000100088a8                __sinit_lock_release
                0x00000000100088ac                __fp_lock_all
                0x00000000100088c4                __fp_unlock_all
 .text          0x00000000100088dc      0x260 /usr/lib/gcc/arm-none-eabi/10.3.1/../../../arm-none-eabi/lib/thumb/v6-m/nofp/libg.a(lib_a-freer.o)
                0x00000000100088dc                _malloc_trim_r
                0x0000000010008978                _free_r
 .text          0x0000000010008b3c      0x2f4 /usr/lib/gcc/arm-none-eabi/10.3.1/../../../arm-none-eabi/lib/thumb/v6-m/nofp/libg.a(lib_a-fvwrite.o)
                0x0000000010008b3c                __sfvwrite_r
 .text          0x0000000010008e30       0x88 /usr/lib/gcc/arm-none-eabi/10.3.1/../../../arm-none-eabi/lib/thumb/v6-m/nofp/libg.a(lib_a-fwalk.o)
                0x0000000010008e30                _fwalk
                0x0000000010008e70                _fwalk_reent
 .text          0x0000000010008eb8       0x74 /usr/lib/gcc/arm-none-eabi/10.3.1/../../../arm-none-eabi/lib/thumb/v6-m/nofp/libg.a(lib_a-memchr-stub.o)
                0x0000000010008eb8                memchr
 .text          0x0000000010008f2c       0xac /usr/lib/gcc/arm-none-eabi/10.3.1/../../../arm-none-eabi/lib/thumb/v6-m/nofp/libg.a(lib_a-memmove.o)
                0x0000000010008f2c                memmove
 .text          0x0000000010008fd8       0xa4 /usr/lib/gcc/arm-none-eabi/10.3.1/../../../arm-none-eabi/lib/thumb/v6-m/nofp/libg.a(lib_a-stdio.o)
                0x0000000010008fd8                __sread
                0x0000000010009000                __seofread
                0x0000000010009004                __swrite
                0x0000000010009044                __sseek
                0x0000000010009070                __sclose
 .text          0x000000001000907c       0x28 /usr/lib/gcc/arm-none-eabi/10.3.1/../../../arm-none-eabi/lib/thumb/v6-m/nofp/libg.a(lib_a-writer.o)
                0x000000001000907c                _write_r
 .text          0x00000000100090a4       0xdc /usr/lib/gcc/arm-none-eabi/10.3.1/../../../arm-none-eabi/lib/thumb/v6-m/nofp/libg.a(lib_a-wsetup.o)
                0x00000000100090a4                __swsetup_r
 .text          0x0000000010009180       0x24 /usr/lib/gcc/arm-none-eabi/10.3.1/../../../arm-none-eabi/lib/thumb/v6-m/nofp/libg.a(lib_a-closer.o)
                0x0000000010009180                _close_r
 .text          0x00000000100091a4       0xe8 /usr/lib/gcc/arm-none-eabi/10.3.1/../../../arm-none-eabi/lib/thumb/v6-m/nofp/libg.a(lib_a-fclose.o)
                0x0000000010009214                _fclose_r
                0x000000001000924c                fclose
 .text          0x000000001000928c      0x1c0 /usr/lib/gcc/arm-none-eabi/10.3.1/../../../arm-none-eabi/lib/thumb/v6-m/nofp/libg.a(lib_a-fflush.o)
                0x000000001000928c                __sflush_r
                0x00000000100093cc                _fflush_r
                0x00000000100093f8                fflush
 .text          0x000000001000944c       0x28 /usr/lib/gcc/arm-none-eabi/10.3.1/../../../arm-none-eabi/lib/thumb/v6-m/nofp/libg.a(lib_a-lseekr.o)
                0x000000001000944c                _lseek_r
 .text          0x0000000010009474      0x144 /usr/lib/gcc/arm-none-eabi/10.3.1/../../../arm-none-eabi/lib/thumb/v6-m/nofp/libg.a(lib_a-makebuf.o)
                0x0000000010009474                __smakebuf_r
                0x0000000010009558                __swhatbuf_r
 .text          0x00000000100095b8       0x28 /usr/lib/gcc/arm-none-eabi/10.3.1/../../../arm-none-eabi/lib/thumb/v6-m/nofp/libg.a(lib_a-readr.o)
                0x00000000100095b8                _read_r
 .text          0x00000000100095e0       0x28 /usr/lib/gcc/arm-none-eabi/10.3.1/../../../arm-none-eabi/lib/thumb/v6-m/nofp/libg.a(lib_a-fstatr.o)
                0x00000000100095e0                _fstat_r
 .text          0x0000000010009608       0x24 /usr/lib/gcc/arm-none-eabi/10.3.1/../../../arm-none-eabi/lib/thumb/v6-m/nofp/libg.a(lib_a-isattyr.o)
                0x0000000010009608                _isatty_r
 .text          0x000000001000962c       0x10 /usr/lib/gcc/arm-none-eabi/10.3.1/../../../arm-none-eabi/lib/thumb/v6-m/nofp/libnosys.a(close.o)
                0x000000001000962c                _close
 .text          0x000000001000963c       0x10 /usr/lib/gcc/arm-none-eabi/10.3.1/../../../arm-none-eabi/lib/thumb/v6-m/nofp/libnosys.a(fstat.o)
                0x000000001000963c                _fstat
 .text          0x000000001000964c       0x10 /usr/lib/gcc/arm-none-eabi/10.3.1/../../../arm-none-eabi/lib/thumb/v6-m/nofp/libnosys.a(isatty.o)
                0x000000001000964c                _isatty
 .text          0x000000001000965c       0x10 /usr/lib/gcc/arm-none-eabi/10.3.1/../../../arm-none-eabi/lib/thumb/v6-m/nofp/libnosys.a(lseek.o)
                0x000000001000965c                _lseek
 *(.fini)
 .fini          0x000000001000966c        0x4 /usr/lib/gcc/arm-none-eabi/10.3.1/thumb/v6-m/nofp/crti.o
                0x000000001000966c                _fini
 .fini.__stub   0x0000000010009670       0x70 linker stubs
 *crtbegin.o(.ctors)
 *crtbegin?.o(.ctors)
 *(EXCLUDE_FILE(*crtend.o *crtend?.o) .ctors)
 *(SORT_BY_NAME(.ctors.*))
 *(.ctors)
 *crtbegin.o(.dtors)
 *crtbegin?.o(.dtors)
 *(EXCLUDE_FILE(*crtend.o *crtend?.o) .dtors)
 *(SORT_BY_NAME(.dtors.*))
 *(.dtors)
 *(.eh_frame*)
 .eh_frame      0x00000000100096e0        0x0 /usr/lib/gcc/arm-none-eabi/10.3.1/thumb/v6-m/nofp/crtbegin.o
                0x00000000100096e0                . = ALIGN (0x4)

.glue_7         0x00000000100096e0        0x0
 .glue_7        0x00000000100096e0        0x0 linker stubs

.glue_7t        0x00000000100096e0        0x0
 .glue_7t       0x00000000100096e0        0x0 linker stubs

.vfp11_veneer   0x00000000100096e0        0x0
 .vfp11_veneer  0x00000000100096e0        0x0 linker stubs

.v4_bx          0x00000000100096e0        0x0
 .v4_bx         0x00000000100096e0        0x0 linker stubs

.iplt           0x00000000100096e0        0x0
 .iplt          0x00000000100096e0        0x0 /usr/lib/gcc/arm-none-eabi/10.3.1/thumb/v6-m/nofp/crtbegin.o

.rodata         0x00000000100096e0     0x1964
 *(EXCLUDE_FILE(*libm.a: *libc.a:*lib_a-mem*.o *libgcc.a:) .rodata*)
 .rodata.main.str1.4
                0x00000000100096e0       0xa1 CMakeFiles/mbot_encoder_test.dir/tests/mbot_encoder_test.c.obj
 *fill*         0x0000000010009781        0x3 
 .rodata.spin_lock_claim_unused.str1.4
                0x0000000010009784       0x1b CMakeFiles/mbot_encoder_test.dir/lib/pico-sdk/src/rp2_common/hardware_sync/sync.c.obj
 *fill*         0x000000001000979f        0x1 
 .rodata.make_branch.str1.4
                0x00000000100097a0       0x72 CMakeFiles/mbot_encoder_test.dir/lib/pico-sdk/src/rp2_common/hardware_irq/irq.c.obj
 *fill*         0x0000000010009812        0x2 
 .rodata.insert_branch_and_link.str1.4
                0x0000000010009814       0x10 CMakeFiles/mbot_encoder_test.dir/lib/pico-sdk/src/rp2_common/hardware_irq/irq.c.obj
 .rodata.irq_set_exclusive_handler.str1.4
                0x0000000010009824       0x36 CMakeFiles/mbot_encoder_test.dir/lib/pico-sdk/src/rp2_common/hardware_irq/irq.c.obj
 *fill*         0x000000001000985a        0x2 
 .rodata.irq_add_shared_handler.str1.4
                0x000000001000985c       0xd9 CMakeFiles/mbot_encoder_test.dir/lib/pico-sdk/src/rp2_common/hardware_irq/irq.c.obj
 *fill*         0x0000000010009935        0x3 
 .rodata.irq_remove_handler.str1.4
                0x0000000010009938       0x2a CMakeFiles/mbot_encoder_test.dir/lib/pico-sdk/src/rp2_common/hardware_irq/irq.c.obj
 *fill*         0x0000000010009962        0x2 
 .rodata.irq_add_tail_to_free_list.str1.4
                0x0000000010009964       0x3a CMakeFiles/mbot_encoder_test.dir/lib/pico-sdk/src/rp2_common/hardware_irq/irq.c.obj
 *fill*         0x000000001000999e        0x2 
 .rodata.user_irq_claim_unused.str1.4
                0x00000000100099a0       0x1b CMakeFiles/mbot_encoder_test.dir/lib/pico-sdk/src/rp2_common/hardware_irq/irq.c.obj
 *fill*         0x00000000100099bb        0x1 
 .rodata.__func__.0
                0x00000000100099bc       0x1a CMakeFiles/mbot_encoder_test.dir/lib/pico-sdk/src/rp2_common/hardware_irq/irq.c.obj
 *fill*         0x00000000100099d6        0x2 
 .rodata.__func__.1
                0x00000000100099d8       0x17 CMakeFiles/mbot_encoder_test.dir/lib/pico-sdk/src/rp2_common/hardware_irq/irq.c.obj
 *fill*         0x00000000100099ef        0x1 
 .rodata.__func__.2
                0x00000000100099f0       0x13 CMakeFiles/mbot_encoder_test.dir/lib/pico-sdk/src/rp2_common/hardware_irq/irq.c.obj
 *fill*         0x0000000010009a03        0x1 
 .rodata.__func__.3
                0x0000000010009a04        0xc CMakeFiles/mbot_encoder_test.dir/lib/pico-sdk/src/rp2_common/hardware_irq/irq.c.obj
 .rodata.__func__.4
                0x0000000010009a10        0xf CMakeFiles/mbot_encoder_test.dir/lib/pico-sdk/src/rp2_common/hardware_irq/irq.c.obj
 *fill*         0x0000000010009a1f        0x1 
 .rodata.__func__.5
                0x0000000010009a20       0x17 CMakeFiles/mbot_encoder_test.dir/lib/pico-sdk/src/rp2_common/hardware_irq/irq.c.obj
 *fill*         0x0000000010009a37        0x1 
 .rodata.__func__.6
                0x0000000010009a38       0x1a CMakeFiles/mbot_encoder_test.dir/lib/pico-sdk/src/rp2_common/hardware_irq/irq.c.obj
 *fill*         0x0000000010009a52        0x2 
 .rodata.repeating_timer_callback.str1.4
                0x0000000010009a54       0x50 CMakeFiles/mbot_encoder_test.dir/lib/pico-sdk/src/common/pico_time/time.c.obj
 .rodata.alarm_pool_dump_key.str1.4
                0x0000000010009aa4       0x33 CMakeFiles/mbot_encoder_test.dir/lib/pico-sdk/src/common/pico_time/time.c.obj
 *fill*         0x0000000010009ad7        0x1 
 .rodata.ph_add_child_node.str1.4
                0x0000000010009ad8       0x9a CMakeFiles/mbot_encoder_test.dir/lib/pico-sdk/src/common/pico_time/time.c.obj
 *fill*         0x0000000010009b72        0x2 
 .rodata.add_alarm_under_lock.str1.4
                0x0000000010009b74       0x28 CMakeFiles/mbot_encoder_test.dir/lib/pico-sdk/src/common/pico_time/time.c.obj
                                         0x2b (size before relaxing)
 .rodata.alarm_pool_alarm_callback.str1.4
                0x0000000010009b9c       0xea CMakeFiles/mbot_encoder_test.dir/lib/pico-sdk/src/common/pico_time/time.c.obj
 *fill*         0x0000000010009c86        0x2 
 .rodata.alarm_pool_get_default.str1.4
                0x0000000010009c88       0x21 CMakeFiles/mbot_encoder_test.dir/lib/pico-sdk/src/common/pico_time/time.c.obj
 *fill*         0x0000000010009ca9        0x3 
 .rodata.alarm_pool_cancel_alarm.str1.4
                0x0000000010009cac       0x27 CMakeFiles/mbot_encoder_test.dir/lib/pico-sdk/src/common/pico_time/time.c.obj
 *fill*         0x0000000010009cd3        0x1 
 .rodata.sleep_until.str1.4
                0x0000000010009cd4       0x4d CMakeFiles/mbot_encoder_test.dir/lib/pico-sdk/src/common/pico_time/time.c.obj
 *fill*         0x0000000010009d21        0x3 
 .rodata.__func__.1
                0x0000000010009d24       0x18 CMakeFiles/mbot_encoder_test.dir/lib/pico-sdk/src/common/pico_time/time.c.obj
 .rodata.__func__.10
                0x0000000010009d3c       0x15 CMakeFiles/mbot_encoder_test.dir/lib/pico-sdk/src/common/pico_time/time.c.obj
 *fill*         0x0000000010009d51        0x3 
 .rodata.__func__.11
                0x0000000010009d54       0x1a CMakeFiles/mbot_encoder_test.dir/lib/pico-sdk/src/common/pico_time/time.c.obj
 *fill*         0x0000000010009d6e        0x2 
 .rodata.__func__.12
                0x0000000010009d70        0xa CMakeFiles/mbot_encoder_test.dir/lib/pico-sdk/src/common/pico_time/time.c.obj
 *fill*         0x0000000010009d7a        0x2 
 .rodata.__func__.3
                0x0000000010009d7c       0x17 CMakeFiles/mbot_encoder_test.dir/lib/pico-sdk/src/common/pico_time/time.c.obj
 *fill*         0x0000000010009d93        0x1 
 .rodata.__func__.4
                0x0000000010009d94       0x12 CMakeFiles/mbot_encoder_test.dir/lib/pico-sdk/src/common/pico_time/time.c.obj
 *fill*         0x0000000010009da6        0x2 
 .rodata.__func__.5
                0x0000000010009da8        0xd CMakeFiles/mbot_encoder_test.dir/lib/pico-sdk/src/common/pico_time/time.c.obj
 *fill*         0x0000000010009db5        0x3 
 .rodata.__func__.6
                0x0000000010009db8       0x12 CMakeFiles/mbot_encoder_test.dir/lib/pico-sdk/src/common/pico_time/time.c.obj
 *fill*         0x0000000010009dca        0x2 
 .rodata.__func__.7
                0x0000000010009dcc        0xf CMakeFiles/mbot_encoder_test.dir/lib/pico-sdk/src/common/pico_time/time.c.obj
 *fill*         0x0000000010009ddb        0x1 
 .rodata.__func__.8
                0x0000000010009ddc        0xc CMakeFiles/mbot_encoder_test.dir/lib/pico-sdk/src/common/pico_time/time.c.obj
 .rodata.__func__.9
                0x0000000010009de8       0x15 CMakeFiles/mbot_encoder_test.dir/lib/pico-sdk/src/common/pico_time/time.c.obj
 *fill*         0x0000000010009dfd        0x3 
 .rodata.at_the_end_of_time
                0x0000000010009e00        0x8 CMakeFiles/mbot_encoder_test.dir/lib/pico-sdk/src/common/pico_time/time.c.obj
                0x0000000010009e00                at_the_end_of_time
 .rodata.hardware_alarm_claim.str1.4
                0x0000000010009e08       0x22 CMakeFiles/mbot_encoder_test.dir/lib/pico-sdk/src/rp2_common/hardware_timer/timer.c.obj
 .rodata.busy_wait_us.str1.4
                0x0000000010009e2a       0x66 CMakeFiles/mbot_encoder_test.dir/lib/pico-sdk/src/rp2_common/hardware_timer/timer.c.obj
 *fill*         0x0000000010009e2a        0x2 
 .rodata.hardware_alarm_set_target.str1.4
                0x0000000010009e2c       0x6a CMakeFiles/mbot_encoder_test.dir/lib/pico-sdk/src/rp2_common/hardware_timer/timer.c.obj
 *fill*         0x0000000010009e96        0x2 
 .rodata.__func__.0
                0x0000000010009e98       0x1a CMakeFiles/mbot_encoder_test.dir/lib/pico-sdk/src/rp2_common/hardware_timer/timer.c.obj
 *fill*         0x0000000010009eb2        0x2 
 .rodata.__func__.1
                0x0000000010009eb4       0x15 CMakeFiles/mbot_encoder_test.dir/lib/pico-sdk/src/rp2_common/hardware_timer/timer.c.obj
 .rodata.ph_add_child_node.str1.4
                0x0000000010009ec9       0x9a CMakeFiles/mbot_encoder_test.dir/lib/pico-sdk/src/common/pico_util/pheap.c.obj
 *fill*         0x0000000010009ec9        0x3 
 .rodata.ph_remove_any_head.str1.4
                0x0000000010009ecc       0x94 CMakeFiles/mbot_encoder_test.dir/lib/pico-sdk/src/common/pico_util/pheap.c.obj
 .rodata.ph_remove_and_free_node.str1.4
                0x0000000010009f60       0x1e CMakeFiles/mbot_encoder_test.dir/lib/pico-sdk/src/common/pico_util/pheap.c.obj
                                         0x26 (size before relaxing)
 *fill*         0x0000000010009f7e        0x2 
 .rodata.__func__.0
                0x0000000010009f80       0x18 CMakeFiles/mbot_encoder_test.dir/lib/pico-sdk/src/common/pico_util/pheap.c.obj
 .rodata.__func__.1
                0x0000000010009f98       0x13 CMakeFiles/mbot_encoder_test.dir/lib/pico-sdk/src/common/pico_util/pheap.c.obj
 *fill*         0x0000000010009fab        0x1 
 .rodata.__func__.2
                0x0000000010009fac       0x12 CMakeFiles/mbot_encoder_test.dir/lib/pico-sdk/src/common/pico_util/pheap.c.obj
 *fill*         0x0000000010009fbe        0x2 
 .rodata.__func__.3
                0x0000000010009fc0        0xc CMakeFiles/mbot_encoder_test.dir/lib/pico-sdk/src/common/pico_util/pheap.c.obj
 .rodata.str1.4
                0x0000000010009fcc       0x91 CMakeFiles/mbot_encoder_test.dir/lib/pico-sdk/src/common/pico_sync/mutex.c.obj
                                         0xf9 (size before relaxing)
 *fill*         0x000000001000a05d        0x3 
 .rodata.__func__.1
                0x000000001000a060        0xb CMakeFiles/mbot_encoder_test.dir/lib/pico-sdk/src/common/pico_sync/mutex.c.obj
 *fill*         0x000000001000a06b        0x1 
 .rodata.__func__.3
                0x000000001000a06c       0x18 CMakeFiles/mbot_encoder_test.dir/lib/pico-sdk/src/common/pico_sync/mutex.c.obj
 .rodata.__func__.4
                0x000000001000a084       0x15 CMakeFiles/mbot_encoder_test.dir/lib/pico-sdk/src/common/pico_sync/mutex.c.obj
 *fill*         0x000000001000a099        0x3 
 .rodata.__assert_func.str1.4
                0x000000001000a09c       0x3f CMakeFiles/mbot_encoder_test.dir/lib/pico-sdk/src/rp2_common/pico_runtime/runtime.c.obj
                                         0x43 (size before relaxing)
 *fill*         0x000000001000a0db        0x1 
 .rodata.runtime_init.str1.4
                0x000000001000a0dc       0x66 CMakeFiles/mbot_encoder_test.dir/lib/pico-sdk/src/rp2_common/pico_runtime/runtime.c.obj
 *fill*         0x000000001000a142        0x2 
 .rodata.panic.str1.4
                0x000000001000a144       0x10 CMakeFiles/mbot_encoder_test.dir/lib/pico-sdk/src/rp2_common/pico_runtime/runtime.c.obj
                                         0x12 (size before relaxing)
 .rodata.__func__.1
                0x000000001000a154        0xd CMakeFiles/mbot_encoder_test.dir/lib/pico-sdk/src/rp2_common/pico_runtime/runtime.c.obj
 *fill*         0x000000001000a161        0x3 
 .rodata.clock_configure.str1.4
                0x000000001000a164       0x5c CMakeFiles/mbot_encoder_test.dir/lib/pico-sdk/src/rp2_common/hardware_clocks/clocks.c.obj
 .rodata.__func__.1
                0x000000001000a1c0       0x10 CMakeFiles/mbot_encoder_test.dir/lib/pico-sdk/src/rp2_common/hardware_clocks/clocks.c.obj
 .rodata.pll_init.str1.4
                0x000000001000a1d0      0x13f CMakeFiles/mbot_encoder_test.dir/lib/pico-sdk/src/rp2_common/hardware_pll/pll.c.obj
 *fill*         0x000000001000a30f        0x1 
 .rodata.__func__.0
                0x000000001000a310        0x9 CMakeFiles/mbot_encoder_test.dir/lib/pico-sdk/src/rp2_common/hardware_pll/pll.c.obj
 *fill*         0x000000001000a319        0x3 
 .rodata._ftoa.str1.4
                0x000000001000a31c       0x15 CMakeFiles/mbot_encoder_test.dir/lib/pico-sdk/src/rp2_common/pico_printf/printf.c.obj
 *fill*         0x000000001000a331        0x3 
 .rodata._vsnprintf
                0x000000001000a334      0x1e0 CMakeFiles/mbot_encoder_test.dir/lib/pico-sdk/src/rp2_common/pico_printf/printf.c.obj
 *fill*         0x000000001000a514        0x4 
 .rodata.pow10.0
                0x000000001000a518       0x50 CMakeFiles/mbot_encoder_test.dir/lib/pico-sdk/src/rp2_common/pico_printf/printf.c.obj
 .rodata.__aeabi_double_init.str1.4
                0x000000001000a568       0xad CMakeFiles/mbot_encoder_test.dir/lib/pico-sdk/src/rp2_common/pico_double/double_init_rom.c.obj
 *fill*         0x000000001000a615        0x3 
 .rodata.__func__.0
                0x000000001000a618       0x14 CMakeFiles/mbot_encoder_test.dir/lib/pico-sdk/src/rp2_common/pico_double/double_init_rom.c.obj
 .rodata.__aeabi_float_init.str1.4
                0x000000001000a62c       0x7f CMakeFiles/mbot_encoder_test.dir/lib/pico-sdk/src/rp2_common/pico_float/float_init_rom.c.obj
                                         0x83 (size before relaxing)
 *fill*         0x000000001000a6ab        0x1 
 .rodata.__func__.0
                0x000000001000a6ac       0x13 CMakeFiles/mbot_encoder_test.dir/lib/pico-sdk/src/rp2_common/pico_float/float_init_rom.c.obj
 *fill*         0x000000001000a6bf        0x1 
 .rodata.str1.4
                0x000000001000a6c0       0x48 CMakeFiles/mbot_encoder_test.dir/lib/pico-sdk/src/rp2_common/pico_standard_link/binary_info.c.obj
 .rodata.__bi_44
                0x000000001000a708        0xc CMakeFiles/mbot_encoder_test.dir/lib/pico-sdk/src/rp2_common/pico_standard_link/binary_info.c.obj
 .rodata.__bi_75
                0x000000001000a714        0xc CMakeFiles/mbot_encoder_test.dir/lib/pico-sdk/src/rp2_common/pico_standard_link/binary_info.c.obj
 .rodata.__bi_81
                0x000000001000a720        0xc CMakeFiles/mbot_encoder_test.dir/lib/pico-sdk/src/rp2_common/pico_standard_link/binary_info.c.obj
 .rodata.crlf_str.3
                0x000000001000a72c        0x2 CMakeFiles/mbot_encoder_test.dir/lib/pico-sdk/src/rp2_common/pico_stdio/stdio.c.obj
 *fill*         0x000000001000a72e        0x2 
 .rodata._resetd_driver
                0x000000001000a730       0x18 CMakeFiles/mbot_encoder_test.dir/lib/pico-sdk/src/rp2_common/pico_stdio_usb/reset_interface.c.obj
 .rodata.timer_task.str1.4
                0x000000001000a748       0x72 CMakeFiles/mbot_encoder_test.dir/lib/pico-sdk/src/rp2_common/pico_stdio_usb/stdio_usb.c.obj
 .rodata.stdio_usb_init.str1.4
                0x000000001000a7ba       0x66 CMakeFiles/mbot_encoder_test.dir/lib/pico-sdk/src/rp2_common/pico_stdio_usb/stdio_usb.c.obj
 *fill*         0x000000001000a7ba        0x2 
 .rodata.str1.4
                0x000000001000a7bc       0x13 CMakeFiles/mbot_encoder_test.dir/lib/pico-sdk/src/rp2_common/pico_stdio_usb/stdio_usb.c.obj
 *fill*         0x000000001000a7cf        0x1 
 .rodata.__bi_167.2
                0x000000001000a7d0        0xc CMakeFiles/mbot_encoder_test.dir/lib/pico-sdk/src/rp2_common/pico_stdio_usb/stdio_usb.c.obj
 .rodata.__func__.0
                0x000000001000a7dc       0x15 CMakeFiles/mbot_encoder_test.dir/lib/pico-sdk/src/rp2_common/pico_stdio_usb/stdio_usb.c.obj
 *fill*         0x000000001000a7f1        0x3 
 .rodata.__func__.1
                0x000000001000a7f4        0xb CMakeFiles/mbot_encoder_test.dir/lib/pico-sdk/src/rp2_common/pico_stdio_usb/stdio_usb.c.obj
 *fill*         0x000000001000a7ff        0x1 
 .rodata.str1.4
                0x000000001000a800       0x2e CMakeFiles/mbot_encoder_test.dir/lib/pico-sdk/src/rp2_common/pico_stdio_usb/stdio_usb_descriptors.c.obj
 *fill*         0x000000001000a82e        0x2 
 .rodata.usbd_desc_cfg
                0x000000001000a830       0x96 CMakeFiles/mbot_encoder_test.dir/lib/pico-sdk/src/rp2_common/pico_stdio_usb/stdio_usb_descriptors.c.obj
 *fill*         0x000000001000a8c6        0x2 
 .rodata.usbd_desc_device
                0x000000001000a8c8       0x12 CMakeFiles/mbot_encoder_test.dir/lib/pico-sdk/src/rp2_common/pico_stdio_usb/stdio_usb_descriptors.c.obj
 *fill*         0x000000001000a8da        0x2 
 .rodata.usbd_desc_str
                0x000000001000a8dc       0x18 CMakeFiles/mbot_encoder_test.dir/lib/pico-sdk/src/rp2_common/pico_stdio_usb/stdio_usb_descriptors.c.obj
 .rodata._hw_endpoint_alloc.str1.4
                0x000000001000a8f4       0xbd CMakeFiles/mbot_encoder_test.dir/lib/pico-sdk/lib/tinyusb/src/portable/raspberrypi/rp2040/dcd_rp2040.c.obj
 *fill*         0x000000001000a9b1        0x3 
 .rodata.dcd_rp2040_irq.str1.4
                0x000000001000a9b4       0x14 CMakeFiles/mbot_encoder_test.dir/lib/pico-sdk/lib/tinyusb/src/portable/raspberrypi/rp2040/dcd_rp2040.c.obj
 .rodata.dcd_int_enable.str1.4
                0x000000001000a9c8        0xc CMakeFiles/mbot_encoder_test.dir/lib/pico-sdk/lib/tinyusb/src/portable/raspberrypi/rp2040/dcd_rp2040.c.obj
 .rodata.__func__.0
                0x000000001000a9d4        0xe CMakeFiles/mbot_encoder_test.dir/lib/pico-sdk/lib/tinyusb/src/portable/raspberrypi/rp2040/dcd_rp2040.c.obj
 *fill*         0x000000001000a9e2        0x2 
 .rodata.__func__.1
                0x000000001000a9e4        0xe CMakeFiles/mbot_encoder_test.dir/lib/pico-sdk/lib/tinyusb/src/portable/raspberrypi/rp2040/dcd_rp2040.c.obj
 *fill*         0x000000001000a9f2        0x2 
 .rodata.__func__.3
                0x000000001000a9f4       0x10 CMakeFiles/mbot_encoder_test.dir/lib/pico-sdk/lib/tinyusb/src/portable/raspberrypi/rp2040/dcd_rp2040.c.obj
 .rodata.__func__.5
                0x000000001000aa04        0xf CMakeFiles/mbot_encoder_test.dir/lib/pico-sdk/lib/tinyusb/src/portable/raspberrypi/rp2040/dcd_rp2040.c.obj
 *fill*         0x000000001000aa13        0x1 
 .rodata.__func__.6
                0x000000001000aa14       0x13 CMakeFiles/mbot_encoder_test.dir/lib/pico-sdk/lib/tinyusb/src/portable/raspberrypi/rp2040/dcd_rp2040.c.obj
 *fill*         0x000000001000aa27        0x1 
 .rodata.__func__.7
                0x000000001000aa28        0x9 CMakeFiles/mbot_encoder_test.dir/lib/pico-sdk/lib/tinyusb/src/portable/raspberrypi/rp2040/dcd_rp2040.c.obj
 *fill*         0x000000001000aa31        0x3 
 .rodata.sync_ep_buffer.str1.4
                0x000000001000aa34       0x99 CMakeFiles/mbot_encoder_test.dir/lib/pico-sdk/lib/tinyusb/src/portable/raspberrypi/rp2040/rp2040_usb.c.obj
 *fill*         0x000000001000aacd        0x3 
 .rodata._hw_endpoint_buffer_control_update32.str1.4
                0x000000001000aad0       0x1f CMakeFiles/mbot_encoder_test.dir/lib/pico-sdk/lib/tinyusb/src/portable/raspberrypi/rp2040/rp2040_usb.c.obj
 *fill*         0x000000001000aaef        0x1 
 .rodata.hw_endpoint_xfer_start.str1.4
                0x000000001000aaf0       0x38 CMakeFiles/mbot_encoder_test.dir/lib/pico-sdk/lib/tinyusb/src/portable/raspberrypi/rp2040/rp2040_usb.c.obj
 .rodata.hw_endpoint_xfer_continue.str1.4
                0x000000001000ab28       0x29 CMakeFiles/mbot_encoder_test.dir/lib/pico-sdk/lib/tinyusb/src/portable/raspberrypi/rp2040/rp2040_usb.c.obj
 *fill*         0x000000001000ab51        0x3 
 .rodata.str1.4
                0x000000001000ab54        0x7 CMakeFiles/mbot_encoder_test.dir/lib/pico-sdk/lib/tinyusb/src/portable/raspberrypi/rp2040/rp2040_usb.c.obj
 *fill*         0x000000001000ab5b        0x1 
 .rodata.__func__.0
                0x000000001000ab5c        0xf CMakeFiles/mbot_encoder_test.dir/lib/pico-sdk/lib/tinyusb/src/portable/raspberrypi/rp2040/rp2040_usb.c.obj
 *fill*         0x000000001000ab6b        0x1 
 .rodata.process_set_config.str1.4
                0x000000001000ab6c       0x17 CMakeFiles/mbot_encoder_test.dir/lib/pico-sdk/lib/tinyusb/src/device/usbd.c.obj
 *fill*         0x000000001000ab83        0x1 
 .rodata.process_get_descriptor
                0x000000001000ab84       0x40 CMakeFiles/mbot_encoder_test.dir/lib/pico-sdk/lib/tinyusb/src/device/usbd.c.obj
 .rodata.process_control_request
                0x000000001000abc4       0x28 CMakeFiles/mbot_encoder_test.dir/lib/pico-sdk/lib/tinyusb/src/device/usbd.c.obj
 .rodata.tud_task
                0x000000001000abec       0x24 CMakeFiles/mbot_encoder_test.dir/lib/pico-sdk/lib/tinyusb/src/device/usbd.c.obj
 .rodata.__func__.2
                0x000000001000ac10        0xf CMakeFiles/mbot_encoder_test.dir/lib/pico-sdk/lib/tinyusb/src/device/usbd.c.obj
 *fill*         0x000000001000ac1f        0x1 
 .rodata.__func__.3
                0x000000001000ac20        0xf CMakeFiles/mbot_encoder_test.dir/lib/pico-sdk/lib/tinyusb/src/device/usbd.c.obj
 *fill*         0x000000001000ac2f        0x1 
 .rodata.__func__.4
                0x000000001000ac30       0x14 CMakeFiles/mbot_encoder_test.dir/lib/pico-sdk/lib/tinyusb/src/device/usbd.c.obj
 .rodata.__func__.5
                0x000000001000ac44       0x10 CMakeFiles/mbot_encoder_test.dir/lib/pico-sdk/lib/tinyusb/src/device/usbd.c.obj
 .rodata.__func__.6
                0x000000001000ac54       0x17 CMakeFiles/mbot_encoder_test.dir/lib/pico-sdk/lib/tinyusb/src/device/usbd.c.obj
 *fill*         0x000000001000ac6b        0x1 
 .rodata.__func__.7
                0x000000001000ac6c       0x13 CMakeFiles/mbot_encoder_test.dir/lib/pico-sdk/lib/tinyusb/src/device/usbd.c.obj
 *fill*         0x000000001000ac7f        0x1 
 .rodata.__func__.8
                0x000000001000ac80       0x18 CMakeFiles/mbot_encoder_test.dir/lib/pico-sdk/lib/tinyusb/src/device/usbd.c.obj
 .rodata.__func__.9
                0x000000001000ac98        0x9 CMakeFiles/mbot_encoder_test.dir/lib/pico-sdk/lib/tinyusb/src/device/usbd.c.obj
 *fill*         0x000000001000aca1        0x3 
 .rodata._usbd_driver
                0x000000001000aca4       0x18 CMakeFiles/mbot_encoder_test.dir/lib/pico-sdk/lib/tinyusb/src/device/usbd.c.obj
 .rodata.tud_control_xfer.str1.4
                0x000000001000acbc       0x17 CMakeFiles/mbot_encoder_test.dir/lib/pico-sdk/lib/tinyusb/src/device/usbd_control.c.obj
 .rodata.__func__.0
                0x000000001000acbc       0x15 CMakeFiles/mbot_encoder_test.dir/lib/pico-sdk/lib/tinyusb/src/device/usbd_control.c.obj
 *fill*         0x000000001000acd1        0x3 
 .rodata.__func__.1
                0x000000001000acd4       0x11 CMakeFiles/mbot_encoder_test.dir/lib/pico-sdk/lib/tinyusb/src/device/usbd_control.c.obj
 .rodata.tud_cdc_n_write_flush.str1.4
                0x000000001000ace5       0x17 CMakeFiles/mbot_encoder_test.dir/lib/pico-sdk/lib/tinyusb/src/class/cdc/cdc_device.c.obj
 *fill*         0x000000001000ace5        0x3 
 .rodata.__func__.0
                0x000000001000ace8        0xd CMakeFiles/mbot_encoder_test.dir/lib/pico-sdk/lib/tinyusb/src/class/cdc/cdc_device.c.obj
 *fill*         0x000000001000acf5        0x3 
 .rodata.__func__.1
                0x000000001000acf8        0xa CMakeFiles/mbot_encoder_test.dir/lib/pico-sdk/lib/tinyusb/src/class/cdc/cdc_device.c.obj