Archive member included to satisfy reference by file (symbol)

mbot/libmbotlib.a(motor.c.obj)
                              CMakeFiles/mbot_classic_motor_test.dir/tests/mbot_classic_motor_test.c.obj (mbot_motor_init_freq)
/usr/lib/gcc/arm-none-eabi/10.3.1/thumb/v6-m/nofp/libgcc.a(_dvmd_tls.o)
                              CMakeFiles/mbot_classic_motor_test.dir/lib/pico-sdk/src/rp2_common/pico_divider/divider.S.obj (__aeabi_idiv0)
/usr/lib/gcc/arm-none-eabi/10.3.1/../../../arm-none-eabi/lib/thumb/v6-m/nofp/libg.a(lib_a-atexit.o)
                              /usr/lib/gcc/arm-none-eabi/10.3.1/../../../arm-none-eabi/lib/thumb/v6-m/nofp/crt0.o (atexit)
/usr/lib/gcc/arm-none-eabi/10.3.1/../../../arm-none-eabi/lib/thumb/v6-m/nofp/libg.a(lib_a-calloc.o)
                              CMakeFiles/mbot_classic_motor_test.dir/lib/pico-sdk/src/rp2_common/pico_malloc/pico_malloc.c.obj (calloc)
/usr/lib/gcc/arm-none-eabi/10.3.1/../../../arm-none-eabi/lib/thumb/v6-m/nofp/libg.a(lib_a-callocr.o)
                              /usr/lib/gcc/arm-none-eabi/10.3.1/../../../arm-none-eabi/lib/thumb/v6-m/nofp/libg.a(lib_a-calloc.o) (_calloc_r)
/usr/lib/gcc/arm-none-eabi/10.3.1/../../../arm-none-eabi/lib/thumb/v6-m/nofp/libg.a(lib_a-ctype_.o)
                              CMakeFiles/mbot_classic_motor_test.dir/lib/pico-sdk/lib/tinyusb/src/tusb.c.obj (_ctype_)
/usr/lib/gcc/arm-none-eabi/10.3.1/../../../arm-none-eabi/lib/thumb/v6-m/nofp/libg.a(lib_a-fini.o)
                              /usr/lib/gcc/arm-none-eabi/10.3.1/../../../arm-none-eabi/lib/thumb/v6-m/nofp/crt0.o (__libc_fini_array)
/usr/lib/gcc/arm-none-eabi/10.3.1/../../../arm-none-eabi/lib/thumb/v6-m/nofp/libg.a(lib_a-fwrite.o)
                              mbot/libmbotlib.a(motor.c.obj) (fwrite)
/usr/lib/gcc/arm-none-eabi/10.3.1/../../../arm-none-eabi/lib/thumb/v6-m/nofp/libg.a(lib_a-impure.o)
                              mbot/libmbotlib.a(motor.c.obj) (_impure_ptr)
/usr/lib/gcc/arm-none-eabi/10.3.1/../../../arm-none-eabi/lib/thumb/v6-m/nofp/libg.a(lib_a-init.o)
                              /usr/lib/gcc/arm-none-eabi/10.3.1/../../../arm-none-eabi/lib/thumb/v6-m/nofp/crt0.o (__libc_init_array)
/usr/lib/gcc/arm-none-eabi/10.3.1/../../../arm-none-eabi/lib/thumb/v6-m/nofp/libg.a(lib_a-malloc.o)
                              CMakeFiles/mbot_classic_motor_test.dir/lib/pico-sdk/src/rp2_common/pico_malloc/pico_malloc.c.obj (malloc)
/usr/lib/gcc/arm-none-eabi/10.3.1/../../../arm-none-eabi/lib/thumb/v6-m/nofp/libg.a(lib_a-mallocr.o)
                              /usr/lib/gcc/arm-none-eabi/10.3.1/../../../arm-none-eabi/lib/thumb/v6-m/nofp/libg.a(lib_a-callocr.o) (_malloc_r)
/usr/lib/gcc/arm-none-eabi/10.3.1/../../../arm-none-eabi/lib/thumb/v6-m/nofp/libg.a(lib_a-mlock.o)
                              /usr/lib/gcc/arm-none-eabi/10.3.1/../../../arm-none-eabi/lib/thumb/v6-m/nofp/libg.a(lib_a-mallocr.o) (__malloc_lock)
/usr/lib/gcc/arm-none-eabi/10.3.1/../../../arm-none-eabi/lib/thumb/v6-m/nofp/libg.a(lib_a-realloc.o)
                              CMakeFiles/mbot_classic_motor_test.dir/lib/pico-sdk/src/rp2_common/pico_malloc/pico_malloc.c.obj (realloc)
/usr/lib/gcc/arm-none-eabi/10.3.1/../../../arm-none-eabi/lib/thumb/v6-m/nofp/libg.a(lib_a-reallocr.o)
                              /usr/lib/gcc/arm-none-eabi/10.3.1/../../../arm-none-eabi/lib/thumb/v6-m/nofp/libg.a(lib_a-realloc.o) (_realloc_r)
/usr/lib/gcc/arm-none-eabi/10.3.1/../../../arm-none-eabi/lib/thumb/v6-m/nofp/libg.a(lib_a-sbrkr.o)
                              /usr/lib/gcc/arm-none-eabi/10.3.1/../../../arm-none-eabi/lib/thumb/v6-m/nofp/libg.a(lib_a-mallocr.o) (_sbrk_r)
/usr/lib/gcc/arm-none-eabi/10.3.1/../../../arm-none-eabi/lib/thumb/v6-m/nofp/libg.a(lib_a-strlen-stub.o)
                              CMakeFiles/mbot_classic_motor_test.dir/lib/pico-sdk/src/rp2_common/pico_stdio/stdio.c.obj (strlen)
/usr/lib/gcc/arm-none-eabi/10.3.1/../../../arm-none-eabi/lib/thumb/v6-m/nofp/libg.a(lib_a-__atexit.o)
                              /usr/lib/gcc/arm-none-eabi/10.3.1/../../../arm-none-eabi/lib/thumb/v6-m/nofp/libg.a(lib_a-atexit.o) (__register_exitproc)
/usr/lib/gcc/arm-none-eabi/10.3.1/../../../arm-none-eabi/lib/thumb/v6-m/nofp/libg.a(lib_a-findfp.o)
                              /usr/lib/gcc/arm-none-eabi/10.3.1/../../../arm-none-eabi/lib/thumb/v6-m/nofp/libg.a(lib_a-fwrite.o) (__sinit)
/usr/lib/gcc/arm-none-eabi/10.3.1/../../../arm-none-eabi/lib/thumb/v6-m/nofp/libg.a(lib_a-freer.o)
                              /usr/lib/gcc/arm-none-eabi/10.3.1/../../../arm-none-eabi/lib/thumb/v6-m/nofp/libg.a(lib_a-malloc.o) (_free_r)
/usr/lib/gcc/arm-none-eabi/10.3.1/../../../arm-none-eabi/lib/thumb/v6-m/nofp/libg.a(lib_a-fvwrite.o)
                              /usr/lib/gcc/arm-none-eabi/10.3.1/../../../arm-none-eabi/lib/thumb/v6-m/nofp/libg.a(lib_a-fwrite.o) (__sfvwrite_r)
/usr/lib/gcc/arm-none-eabi/10.3.1/../../../arm-none-eabi/lib/thumb/v6-m/nofp/libg.a(lib_a-fwalk.o)
[...]
Memory Configuration

Name             Origin             Length             Attributes
FLASH            0x0000000010000000 0x0000000000200000 xr
RAM              0x0000000020000000 0x0000000000040000 xrw
SCRATCH_X        0x0000000020040000 0x0000000000001000 xrw
SCRATCH_Y        0x0000000020041000 0x0000000000001000 xrw
*default*        0x0000000000000000 0xffffffffffffffff

Linker script and memory map

LOAD /usr/lib/gcc/arm-none-eabi/10.3.1/thumb/v6-m/nofp/crti.o
LOAD /usr/lib/gcc/arm-none-eabi/10.3.1/thumb/v6-m/nofp/crtbegin.o
LOAD /usr/lib/gcc/arm-none-eabi/10.3.1/../../../arm-none-eabi/lib/thumb/v6-m/nofp/crt0.o

.flash_begin    0x0000000010000000        0x0
                0x0000000010000000                __flash_binary_start = .

.boot2          0x0000000010000000      0x100
                0x0000000010000000                __boot2_start__ = .
 *(.boot2)
 .boot2         0x0000000010000000      0x100 /tmp/cc0wZrjx.o
                0x0000000010000100                __boot2_end__ = .
                0x0000000000000001                ASSERT (((__boot2_end__ - __boot2_start__) == 0x100), ERROR: Pico second stage bootloader must be 256 bytes in size)

.text           0x0000000010000100     0x9510
                0x0000000010000100                __logical_binary_start = .
 *(.vectors)
 .vectors       0x0000000010000100       0xd4 CMakeFiles/mbot_classic_motor_test.dir/lib/pico-sdk/src/rp2_common/pico_standard_link/crt0.S.obj
                0x0000000010000100                __vectors
                0x0000000010000100                __VECTOR_TABLE
                0x00000000100001c0                isr_invalid
                0x00000000100001c0                __default_isrs_start
                0x00000000100001c2                isr_nmi
                0x00000000100001c4                isr_hardfault
                0x00000000100001c6                isr_svcall
                0x00000000100001c8                isr_pendsv
                0x00000000100001ca                isr_systick
                0x00000000100001cc                isr_irq30
                0x00000000100001cc                __unhandled_user_irq
                0x00000000100001cc                isr_irq13
                0x00000000100001cc                isr_irq27
                0x00000000100001cc                isr_irq31
                0x00000000100001cc                isr_irq5
                0x00000000100001cc                isr_irq11
                0x00000000100001cc                isr_irq23
                0x00000000100001cc                isr_irq18
                0x00000000100001cc                isr_irq28
                0x00000000100001cc                isr_irq19
                0x00000000100001cc                isr_irq0
                0x00000000100001cc                isr_irq6
                0x00000000100001cc                isr_irq22
                0x00000000100001cc                isr_irq17
                0x00000000100001cc                isr_irq14
                0x00000000100001cc                isr_irq2
                0x00000000100001cc                isr_irq10
                0x00000000100001cc                isr_irq8
                0x00000000100001cc                isr_irq24
                0x00000000100001cc                isr_irq1
                0x00000000100001cc                isr_irq7
                0x00000000100001cc                isr_irq21
                0x00000000100001cc                isr_irq20
                0x00000000100001cc                isr_irq15
                0x00000000100001cc                isr_irq25
                0x00000000100001cc                isr_irq4
                0x00000000100001cc                isr_irq16
                0x00000000100001cc                isr_irq29
                0x00000000100001cc                isr_irq26
                0x00000000100001cc                __default_isrs_end
                0x00000000100001cc                isr_irq3
                0x00000000100001cc                isr_irq12
                0x00000000100001cc                isr_irq9
                0x00000000100001d2                unhandled_user_irq_num_in_r0
 *(.binary_info_header)
 .binary_info_header
                0x00000000100001d4       0x14 CMakeFiles/mbot_classic_motor_test.dir/lib/pico-sdk/src/rp2_common/pico_standard_link/crt0.S.obj
                0x00000000100001e8                __binary_info_header_end = .
 *(.reset)
 .reset         0x00000000100001e8       0xa8 CMakeFiles/mbot_classic_motor_test.dir/lib/pico-sdk/src/rp2_common/pico_standard_link/crt0.S.obj
                0x00000000100001e8                _entry_point
                0x0000000010000266                __get_current_exception
 .reset         0x0000000010000290       0x30 CMakeFiles/mbot_classic_motor_test.dir/lib/pico-sdk/src/rp2_common/pico_standard_link/binary_info.c.obj
 *(.init)
 .init          0x00000000100002c0        0x4 /usr/lib/gcc/arm-none-eabi/10.3.1/thumb/v6-m/nofp/crti.o
                0x00000000100002c0                _init
 *(EXCLUDE_FILE(*libm.a: *libc.a:*lib_a-mem*.o *libgcc.a:) .text*)
 .text          0x00000000100002c4       0x98 /usr/lib/gcc/arm-none-eabi/10.3.1/thumb/v6-m/nofp/crtbegin.o
 .text.mbot_init_pico
                0x000000001000035c       0x4c CMakeFiles/mbot_classic_motor_test.dir/tests/mbot_classic_motor_test.c.obj
                0x000000001000035c                mbot_init_pico
 .text.drive_motor_up_down
                0x00000000100003a8       0xec CMakeFiles/mbot_classic_motor_test.dir/tests/mbot_classic_motor_test.c.obj
                0x00000000100003a8                drive_motor_up_down
 .text.blink    0x0000000010000494       0x18 CMakeFiles/mbot_classic_motor_test.dir/tests/mbot_classic_motor_test.c.obj
                0x0000000010000494                blink
 .text.main     0x00000000100004ac       0x9c CMakeFiles/mbot_classic_motor_test.dir/tests/mbot_classic_motor_test.c.obj
                0x00000000100004ac                main
 .text.set_sys_clock_pll
                0x0000000010000548       0x78 CMakeFiles/mbot_classic_motor_test.dir/lib/pico-sdk/src/rp2_common/pico_stdlib/stdlib.c.obj
                0x0000000010000548                set_sys_clock_pll
 .text.check_sys_clock_khz
                0x00000000100005c0       0xb0 CMakeFiles/mbot_classic_motor_test.dir/lib/pico-sdk/src/rp2_common/pico_stdlib/stdlib.c.obj
                0x00000000100005c0                check_sys_clock_khz
 .text.gpio_set_function
                0x0000000010000670       0x30 CMakeFiles/mbot_classic_motor_test.dir/lib/pico-sdk/src/rp2_common/hardware_gpio/gpio.c.obj
                0x0000000010000670                gpio_set_function
 .text.gpio_get_function
                0x00000000100006a0       0x14 CMakeFiles/mbot_classic_motor_test.dir/lib/pico-sdk/src/rp2_common/hardware_gpio/gpio.c.obj
                0x00000000100006a0                gpio_get_function
 .text.gpio_init
                0x00000000100006b4       0x16 CMakeFiles/mbot_classic_motor_test.dir/lib/pico-sdk/src/rp2_common/hardware_gpio/gpio.c.obj
                0x00000000100006b4                gpio_init
 *fill*         0x00000000100006ca        0x2 
 .text.hw_claim_lock
                0x00000000100006cc       0x18 CMakeFiles/mbot_classic_motor_test.dir/lib/pico-sdk/src/rp2_common/hardware_claim/claim.c.obj
                0x00000000100006cc                hw_claim_lock
 .text.hw_claim_unlock
                0x00000000100006e4       0x14 CMakeFiles/mbot_classic_motor_test.dir/lib/pico-sdk/src/rp2_common/hardware_claim/claim.c.obj
                0x00000000100006e4                hw_claim_unlock
 .text.hw_claim_or_assert
                0x00000000100006f8       0x32 CMakeFiles/mbot_classic_motor_test.dir/lib/pico-sdk/src/rp2_common/hardware_claim/claim.c.obj
                0x00000000100006f8                hw_claim_or_assert
 .text.hw_claim_unused_from_range
                0x000000001000072a       0x50 CMakeFiles/mbot_classic_motor_test.dir/lib/pico-sdk/src/rp2_common/hardware_claim/claim.c.obj
                0x000000001000072a                hw_claim_unused_from_range
 *fill*         0x000000001000077a        0x2 
 .text.running_on_fpga
                0x000000001000077c       0x14 CMakeFiles/mbot_classic_motor_test.dir/lib/pico-sdk/src/rp2_common/pico_platform/platform.c.obj
                0x000000001000077c                running_on_fpga
 .text.spin_locks_reset
                0x0000000010000790       0x20 CMakeFiles/mbot_classic_motor_test.dir/lib/pico-sdk/src/rp2_common/hardware_sync/sync.c.obj
                0x0000000010000790                spin_locks_reset
 .text.next_striped_spin_lock_num
                0x00000000100007b0       0x1c CMakeFiles/mbot_classic_motor_test.dir/lib/pico-sdk/src/rp2_common/hardware_sync/sync.c.obj
                0x00000000100007b0                next_striped_spin_lock_num
 .text.spin_lock_claim_unused
                0x00000000100007cc       0x20 CMakeFiles/mbot_classic_motor_test.dir/lib/pico-sdk/src/rp2_common/hardware_sync/sync.c.obj
                0x00000000100007cc                spin_lock_claim_unused
 .text.set_raw_irq_handler_and_unlock
                0x00000000100007ec       0x28 CMakeFiles/mbot_classic_motor_test.dir/lib/pico-sdk/src/rp2_common/hardware_irq/irq.c.obj
 .text.make_branch
                0x0000000010000814       0x48 CMakeFiles/mbot_classic_motor_test.dir/lib/pico-sdk/src/rp2_common/hardware_irq/irq.c.obj
 .text.insert_branch_and_link
                0x000000001000085c       0x40 CMakeFiles/mbot_classic_motor_test.dir/lib/pico-sdk/src/rp2_common/hardware_irq/irq.c.obj
 .text.irq_is_enabled
                0x000000001000089c       0x18 CMakeFiles/mbot_classic_motor_test.dir/lib/pico-sdk/src/rp2_common/hardware_irq/irq.c.obj
                0x000000001000089c                irq_is_enabled
 .text.irq_set_mask_enabled
                0x00000000100008b4       0x20 CMakeFiles/mbot_classic_motor_test.dir/lib/pico-sdk/src/rp2_common/hardware_irq/irq.c.obj
                0x00000000100008b4                irq_set_mask_enabled
 .text.irq_set_enabled
                0x00000000100008d4        0xe CMakeFiles/mbot_classic_motor_test.dir/lib/pico-sdk/src/rp2_common/hardware_irq/irq.c.obj
                0x00000000100008d4                irq_set_enabled
 *fill*         0x00000000100008e2        0x2 
 .text.irq_set_pending
                0x00000000100008e4       0x10 CMakeFiles/mbot_classic_motor_test.dir/lib/pico-sdk/src/rp2_common/hardware_irq/irq.c.obj
                0x00000000100008e4                irq_set_pending
 .text.irq_get_vtable_handler
                0x00000000100008f4       0x10 CMakeFiles/mbot_classic_motor_test.dir/lib/pico-sdk/src/rp2_common/hardware_irq/irq.c.obj
                0x00000000100008f4                irq_get_vtable_handler
 .text.irq_has_shared_handler
                0x0000000010000904       0x24 CMakeFiles/mbot_classic_motor_test.dir/lib/pico-sdk/src/rp2_common/hardware_irq/irq.c.obj
                0x0000000010000904                irq_has_shared_handler
 .text.irq_set_exclusive_handler
                0x0000000010000928       0x54 CMakeFiles/mbot_classic_motor_test.dir/lib/pico-sdk/src/rp2_common/hardware_irq/irq.c.obj
                0x0000000010000928                irq_set_exclusive_handler
 .text.irq_add_shared_handler
                0x000000001000097c      0x230 CMakeFiles/mbot_classic_motor_test.dir/lib/pico-sdk/src/rp2_common/hardware_irq/irq.c.obj
                0x000000001000097c                irq_add_shared_handler
 .text.irq_remove_handler
                0x0000000010000bac      0x1a8 CMakeFiles/mbot_classic_motor_test.dir/lib/pico-sdk/src/rp2_common/hardware_irq/irq.c.obj
                0x0000000010000bac                irq_remove_handler
 .text.irq_add_tail_to_free_list
                0x0000000010000d54       0xf0 CMakeFiles/mbot_classic_motor_test.dir/lib/pico-sdk/src/rp2_common/hardware_irq/irq.c.obj
                0x0000000010000d54                irq_add_tail_to_free_list
 .text.irq_init_priorities
                0x0000000010000e44       0x1c CMakeFiles/mbot_classic_motor_test.dir/lib/pico-sdk/src/rp2_common/hardware_irq/irq.c.obj
                0x0000000010000e44                irq_init_priorities
 .text.user_irq_claim_unused
                0x0000000010000e60       0x30 CMakeFiles/mbot_classic_motor_test.dir/lib/pico-sdk/src/rp2_common/hardware_irq/irq.c.obj
                0x0000000010000e60                user_irq_claim_unused
 .text.lock_init
                0x0000000010000e90       0x10 CMakeFiles/mbot_classic_motor_test.dir/lib/pico-sdk/src/common/pico_sync/lock_core.c.obj
                0x0000000010000e90                lock_init
 .text.alarm_pool_post_alloc_init
                0x0000000010000ea0       0x40 CMakeFiles/mbot_classic_motor_test.dir/lib/pico-sdk/src/common/pico_time/time.c.obj
 .text.sleep_until_callback
                0x0000000010000ee0       0x30 CMakeFiles/mbot_classic_motor_test.dir/lib/pico-sdk/src/common/pico_time/time.c.obj
 .text.timer_pool_entry_comparator
                0x0000000010000f10       0x7c CMakeFiles/mbot_classic_motor_test.dir/lib/pico-sdk/src/common/pico_time/time.c.obj
                0x0000000010000f10                timer_pool_entry_comparator
 .text.ph_add_child_node
                0x0000000010000f8c       0xa4 CMakeFiles/mbot_classic_motor_test.dir/lib/pico-sdk/src/common/pico_time/time.c.obj
 .text.ph_merge_nodes
                0x0000000010001030       0x3e CMakeFiles/mbot_classic_motor_test.dir/lib/pico-sdk/src/common/pico_time/time.c.obj
 *fill*         0x000000001000106e        0x2 
 .text.add_alarm_under_lock
                0x0000000010001070      0x174 CMakeFiles/mbot_classic_motor_test.dir/lib/pico-sdk/src/common/pico_time/time.c.obj
 .text.alarm_pool_alarm_callback
                0x00000000100011e4      0x328 CMakeFiles/mbot_classic_motor_test.dir/lib/pico-sdk/src/common/pico_time/time.c.obj
 .text.alarm_pool_init_default
                0x000000001000150c       0x38 CMakeFiles/mbot_classic_motor_test.dir/lib/pico-sdk/src/common/pico_time/time.c.obj
                0x000000001000150c                alarm_pool_init_default
 .text.alarm_pool_get_default
                0x0000000010001544       0x2c CMakeFiles/mbot_classic_motor_test.dir/lib/pico-sdk/src/common/pico_time/time.c.obj
                0x0000000010001544                alarm_pool_get_default
 .text.alarm_pool_add_alarm_at
                0x0000000010001570      0x170 CMakeFiles/mbot_classic_motor_test.dir/lib/pico-sdk/src/common/pico_time/time.c.obj
                0x0000000010001570                alarm_pool_add_alarm_at
 .text.alarm_pool_cancel_alarm
                0x00000000100016e0       0xf0 CMakeFiles/mbot_classic_motor_test.dir/lib/pico-sdk/src/common/pico_time/time.c.obj
                0x00000000100016e0                alarm_pool_cancel_alarm
 .text.sleep_until
                0x00000000100017d0       0xfc CMakeFiles/mbot_classic_motor_test.dir/lib/pico-sdk/src/common/pico_time/time.c.obj
                0x00000000100017d0                sleep_until
 .text.sleep_us
                0x00000000100018cc       0x58 CMakeFiles/mbot_classic_motor_test.dir/lib/pico-sdk/src/common/pico_time/time.c.obj
                0x00000000100018cc                sleep_us
 .text.sleep_ms
                0x0000000010001924       0x14 CMakeFiles/mbot_classic_motor_test.dir/lib/pico-sdk/src/common/pico_time/time.c.obj
                0x0000000010001924                sleep_ms
 .text.best_effort_wfe_or_timeout
                0x0000000010001938       0x80 CMakeFiles/mbot_classic_motor_test.dir/lib/pico-sdk/src/common/pico_time/time.c.obj
                0x0000000010001938                best_effort_wfe_or_timeout
 .text.hardware_alarm_irq_handler
                0x00000000100019b8       0x8c CMakeFiles/mbot_classic_motor_test.dir/lib/pico-sdk/src/rp2_common/hardware_timer/timer.c.obj
 .text.hardware_alarm_claim
                0x0000000010001a44       0x18 CMakeFiles/mbot_classic_motor_test.dir/lib/pico-sdk/src/rp2_common/hardware_timer/timer.c.obj
                0x0000000010001a44                hardware_alarm_claim
 .text.time_us_64
                0x0000000010001a5c       0x18 CMakeFiles/mbot_classic_motor_test.dir/lib/pico-sdk/src/rp2_common/hardware_timer/timer.c.obj
                0x0000000010001a5c                time_us_64
 .text.busy_wait_until
                0x0000000010001a74       0x28 CMakeFiles/mbot_classic_motor_test.dir/lib/pico-sdk/src/rp2_common/hardware_timer/timer.c.obj
                0x0000000010001a74                busy_wait_until
 .text.busy_wait_us
                0x0000000010001a9c       0x48 CMakeFiles/mbot_classic_motor_test.dir/lib/pico-sdk/src/rp2_common/hardware_timer/timer.c.obj
                0x0000000010001a9c                busy_wait_us
 .text.hardware_alarm_set_callback
                0x0000000010001ae4       0x90 CMakeFiles/mbot_classic_motor_test.dir/lib/pico-sdk/src/rp2_common/hardware_timer/timer.c.obj
                0x0000000010001ae4                hardware_alarm_set_callback
 .text.hardware_alarm_set_target
                0x0000000010001b74       0xe8 CMakeFiles/mbot_classic_motor_test.dir/lib/pico-sdk/src/rp2_common/hardware_timer/timer.c.obj
                0x0000000010001b74                hardware_alarm_set_target
 .text.hardware_alarm_cancel
                0x0000000010001c5c       0x40 CMakeFiles/mbot_classic_motor_test.dir/lib/pico-sdk/src/rp2_common/hardware_timer/timer.c.obj
                0x0000000010001c5c                hardware_alarm_cancel
 .text.ph_add_child_node
                0x0000000010001c9c       0xa4 CMakeFiles/mbot_classic_motor_test.dir/lib/pico-sdk/src/common/pico_util/pheap.c.obj
 .text.ph_merge_nodes
                0x0000000010001d40       0x3e CMakeFiles/mbot_classic_motor_test.dir/lib/pico-sdk/src/common/pico_util/pheap.c.obj
 *fill*         0x0000000010001d7e        0x2 
 .text.ph_clear
                0x0000000010001d80       0x70 CMakeFiles/mbot_classic_motor_test.dir/lib/pico-sdk/src/common/pico_util/pheap.c.obj
                0x0000000010001d80                ph_clear
 .text.ph_post_alloc_init
                0x0000000010001df0        0xe CMakeFiles/mbot_classic_motor_test.dir/lib/pico-sdk/src/common/pico_util/pheap.c.obj
                0x0000000010001df0                ph_post_alloc_init
 *fill*         0x0000000010001dfe        0x2 
 .text.ph_merge_two_pass
                0x0000000010001e00       0xa8 CMakeFiles/mbot_classic_motor_test.dir/lib/pico-sdk/src/common/pico_util/pheap.c.obj
                0x0000000010001e00                ph_merge_two_pass
 .text.ph_remove_any_head
                0x0000000010001ea8      0x108 CMakeFiles/mbot_classic_motor_test.dir/lib/pico-sdk/src/common/pico_util/pheap.c.obj
 .text.ph_remove_head
                0x0000000010001fb0       0x14 CMakeFiles/mbot_classic_motor_test.dir/lib/pico-sdk/src/common/pico_util/pheap.c.obj
                0x0000000010001fb0                ph_remove_head
 .text.ph_remove_and_free_node
                0x0000000010001fc4       0xf8 CMakeFiles/mbot_classic_motor_test.dir/lib/pico-sdk/src/common/pico_util/pheap.c.obj
                0x0000000010001fc4                ph_remove_and_free_node
 .text.mutex_init
                0x00000000100020bc       0x1a CMakeFiles/mbot_classic_motor_test.dir/lib/pico-sdk/src/common/pico_sync/mutex.c.obj
                0x00000000100020bc                mutex_init
 .text.recursive_mutex_init
                0x00000000100020d6       0x1e CMakeFiles/mbot_classic_motor_test.dir/lib/pico-sdk/src/common/pico_sync/mutex.c.obj
                0x00000000100020d6                recursive_mutex_init
 .text.critical_section_init_with_lock_num
                0x00000000100020f4       0x14 CMakeFiles/mbot_classic_motor_test.dir/lib/pico-sdk/src/common/pico_sync/critical_section.c.obj
                0x00000000100020f4                critical_section_init_with_lock_num
 .text.critical_section_init
                0x0000000010002108       0x14 CMakeFiles/mbot_classic_motor_test.dir/lib/pico-sdk/src/common/pico_sync/critical_section.c.obj
                0x0000000010002108                critical_section_init
 .text._exit    0x000000001000211c        0x4 CMakeFiles/mbot_classic_motor_test.dir/lib/pico-sdk/src/rp2_common/pico_runtime/runtime.c.obj
                0x000000001000211c                _exit
 .text._sbrk    0x0000000010002120       0x38 CMakeFiles/mbot_classic_motor_test.dir/lib/pico-sdk/src/rp2_common/pico_runtime/runtime.c.obj
                0x0000000010002120                _sbrk
 .text.exit     0x0000000010002158        0x6 CMakeFiles/mbot_classic_motor_test.dir/lib/pico-sdk/src/rp2_common/pico_runtime/runtime.c.obj
                0x0000000010002158                exit
 *fill*         0x000000001000215e        0x2 
 .text.__assert_func
                0x0000000010002160       0x3c CMakeFiles/mbot_classic_motor_test.dir/lib/pico-sdk/src/rp2_common/pico_runtime/runtime.c.obj
                0x0000000010002160                __assert_func
 .text.runtime_init
                0x000000001000219c       0xf8 CMakeFiles/mbot_classic_motor_test.dir/lib/pico-sdk/src/rp2_common/pico_runtime/runtime.c.obj
                0x000000001000219c                runtime_init
 .text.panic    0x0000000010002294       0x30 CMakeFiles/mbot_classic_motor_test.dir/lib/pico-sdk/src/rp2_common/pico_runtime/runtime.c.obj
                0x0000000010002294                panic
 .text.clock_configure
                0x00000000100022c4      0x104 CMakeFiles/mbot_classic_motor_test.dir/lib/pico-sdk/src/rp2_common/hardware_clocks/clocks.c.obj
                0x00000000100022c4                clock_configure
 .text.clocks_init
                0x00000000100023c8      0x100 CMakeFiles/mbot_classic_motor_test.dir/lib/pico-sdk/src/rp2_common/hardware_clocks/clocks.c.obj
                0x00000000100023c8                clocks_init
 .text.clock_get_hz
                0x00000000100024c8        0xc CMakeFiles/mbot_classic_motor_test.dir/lib/pico-sdk/src/rp2_common/hardware_clocks/clocks.c.obj
                0x00000000100024c8                clock_get_hz
 .text.pll_init
                0x00000000100024d4      0x140 CMakeFiles/mbot_classic_motor_test.dir/lib/pico-sdk/src/rp2_common/hardware_pll/pll.c.obj
                0x00000000100024d4                pll_init
 .text.watchdog_start_tick
                0x0000000010002614       0x10 CMakeFiles/mbot_classic_motor_test.dir/lib/pico-sdk/src/rp2_common/hardware_watchdog/watchdog.c.obj
                0x0000000010002614                watchdog_start_tick
 .text.watchdog_update
                0x0000000010002624       0x14 CMakeFiles/mbot_classic_motor_test.dir/lib/pico-sdk/src/rp2_common/hardware_watchdog/watchdog.c.obj
                0x0000000010002624                watchdog_update
 .text._watchdog_enable
                0x0000000010002638       0x78 CMakeFiles/mbot_classic_motor_test.dir/lib/pico-sdk/src/rp2_common/hardware_watchdog/watchdog.c.obj
                0x0000000010002638                _watchdog_enable
 .text.watchdog_reboot
                0x00000000100026b0       0x48 CMakeFiles/mbot_classic_motor_test.dir/lib/pico-sdk/src/rp2_common/hardware_watchdog/watchdog.c.obj
                0x00000000100026b0                watchdog_reboot
 .text.xosc_init
                0x00000000100026f8       0x28 CMakeFiles/mbot_classic_motor_test.dir/lib/pico-sdk/src/rp2_common/hardware_xosc/xosc.c.obj
                0x00000000100026f8                xosc_init
 .text._out_null
                0x0000000010002720        0x2 CMakeFiles/mbot_classic_motor_test.dir/lib/pico-sdk/src/rp2_common/pico_printf/printf.c.obj
 .text._out_fct
                0x0000000010002722        0xe CMakeFiles/mbot_classic_motor_test.dir/lib/pico-sdk/src/rp2_common/pico_printf/printf.c.obj
 .text._atoi    0x0000000010002730       0x24 CMakeFiles/mbot_classic_motor_test.dir/lib/pico-sdk/src/rp2_common/pico_printf/printf.c.obj
 .text._out_rev
                0x0000000010002754       0xae CMakeFiles/mbot_classic_motor_test.dir/lib/pico-sdk/src/rp2_common/pico_printf/printf.c.obj
 .text._ntoa_format
                0x0000000010002802      0x112 CMakeFiles/mbot_classic_motor_test.dir/lib/pico-sdk/src/rp2_common/pico_printf/printf.c.obj
 .text._ntoa_long
                0x0000000010002914       0xbc CMakeFiles/mbot_classic_motor_test.dir/lib/pico-sdk/src/rp2_common/pico_printf/printf.c.obj
 .text._ntoa_long_long
                0x00000000100029d0       0xe2 CMakeFiles/mbot_classic_motor_test.dir/lib/pico-sdk/src/rp2_common/pico_printf/printf.c.obj
 *fill*         0x0000000010002ab2        0x2 
 .text._etoa    0x0000000010002ab4      0x414 CMakeFiles/mbot_classic_motor_test.dir/lib/pico-sdk/src/rp2_common/pico_printf/printf.c.obj
 .text._ftoa    0x0000000010002ec8      0x354 CMakeFiles/mbot_classic_motor_test.dir/lib/pico-sdk/src/rp2_common/pico_printf/printf.c.obj
 .text._vsnprintf
                0x000000001000321c      0x624 CMakeFiles/mbot_classic_motor_test.dir/lib/pico-sdk/src/rp2_common/pico_printf/printf.c.obj
 .text.vfctprintf
                0x0000000010003840       0x20 CMakeFiles/mbot_classic_motor_test.dir/lib/pico-sdk/src/rp2_common/pico_printf/printf.c.obj
                0x0000000010003840                vfctprintf
 .text          0x0000000010003860       0x10 CMakeFiles/mbot_classic_motor_test.dir/lib/pico-sdk/src/rp2_common/pico_bit_ops/bit_ops_aeabi.S.obj
 .text.rom_func_lookup
                0x0000000010003870       0x10 CMakeFiles/mbot_classic_motor_test.dir/lib/pico-sdk/src/rp2_common/pico_bootrom/bootrom.c.obj
                0x0000000010003870                rom_func_lookup
 .text.rom_data_lookup
                0x0000000010003880       0x10 CMakeFiles/mbot_classic_motor_test.dir/lib/pico-sdk/src/rp2_common/pico_bootrom/bootrom.c.obj
                0x0000000010003880                rom_data_lookup
 .text.rom_funcs_lookup
                0x0000000010003890       0x36 CMakeFiles/mbot_classic_motor_test.dir/lib/pico-sdk/src/rp2_common/pico_bootrom/bootrom.c.obj
                0x0000000010003890                rom_funcs_lookup
 *fill*         0x00000000100038c6        0x2 
 .text.__wrap___aeabi_idiv
                0x00000000100038c8       0x50 CMakeFiles/mbot_classic_motor_test.dir/lib/pico-sdk/src/rp2_common/pico_divider/divider.S.obj
                0x00000000100038c8                __wrap___aeabi_idivmod
                0x00000000100038c8                divmod_s32s32
                0x00000000100038c8                div_s32s32
                0x00000000100038c8                __wrap___aeabi_idiv
                0x00000000100038d0                divmod_s32s32_unsafe
                0x00000000100038fc                divmod_s32s32_savestate
 .text.__wrap___aeabi_uidiv
                0x0000000010003918       0x4c CMakeFiles/mbot_classic_motor_test.dir/lib/pico-sdk/src/rp2_common/pico_divider/divider.S.obj
                0x0000000010003918                __wrap___aeabi_uidiv
                0x0000000010003918                __wrap___aeabi_uidivmod
                0x0000000010003918                div_u32u32
                0x0000000010003918                divmod_u32u32
                0x0000000010003920                divmod_u32u32_unsafe
                0x0000000010003948                divmod_u32u32_savestate
 .text.__wrap___aeabi_ldiv
                0x0000000010003964      0x434 CMakeFiles/mbot_classic_motor_test.dir/lib/pico-sdk/src/rp2_common/pico_divider/divider.S.obj
                0x0000000010003964                div_s64s64
                0x0000000010003964                divmod_s64s64
                0x0000000010003964                __wrap___aeabi_ldivmod
                0x000000001000399c                div_u64u64
                0x000000001000399c                divmod_u64u64
                0x000000001000399c                __wrap___aeabi_uldivmod
                0x00000000100039ac                divmod_u64u64_savestate
                0x00000000100039d4                divmod_s64s64_unsafe
                0x0000000010003a5c                divmod_u64u64_unsafe
 .text.__wrap___aeabi_darithmetic
                0x0000000010003d98       0x80 CMakeFiles/mbot_classic_motor_test.dir/lib/pico-sdk/src/rp2_common/pico_double/double_aeabi.S.obj
                0x0000000010003d98                __wrap___aeabi_drsub
                0x0000000010003d9e                __wrap___aeabi_dsub
                0x0000000010003db0                __wrap___aeabi_dadd
                0x0000000010003dc2                __wrap___aeabi_ddiv
                0x0000000010003dfe                __wrap___aeabi_dmul
 .text.__wrap___aeabi_cdcmple
                0x0000000010003e18       0x6c CMakeFiles/mbot_classic_motor_test.dir/lib/pico-sdk/src/rp2_common/pico_double/double_aeabi.S.obj
                0x0000000010003e18                __wrap___aeabi_cdrcmple
                0x0000000010003e28                __wrap___aeabi_cdcmple
                0x0000000010003e28                __wrap___aeabi_cdcmpeq
 .text.__wrap___aeabi_dcmplt
                0x0000000010003e84        0xc CMakeFiles/mbot_classic_motor_test.dir/lib/pico-sdk/src/rp2_common/pico_double/double_aeabi.S.obj
                0x0000000010003e84                __wrap___aeabi_dcmplt
 .text.__wrap___aeabi_dcmple
                0x0000000010003e90       0x10 CMakeFiles/mbot_classic_motor_test.dir/lib/pico-sdk/src/rp2_common/pico_double/double_aeabi.S.obj
                0x0000000010003e90                __wrap___aeabi_dcmple
 .text.__wrap___aeabi_dcmpge
                0x0000000010003ea0       0x10 CMakeFiles/mbot_classic_motor_test.dir/lib/pico-sdk/src/rp2_common/pico_double/double_aeabi.S.obj
                0x0000000010003ea0                __wrap___aeabi_dcmpge
 .text.__wrap___aeabi_dcmpgt
                0x0000000010003eb0        0xa CMakeFiles/mbot_classic_motor_test.dir/lib/pico-sdk/src/rp2_common/pico_double/double_aeabi.S.obj
                0x0000000010003eb0                __wrap___aeabi_dcmpgt
 .text.__wrap___aeabi_dcmpun
                0x0000000010003eba       0x1c CMakeFiles/mbot_classic_motor_test.dir/lib/pico-sdk/src/rp2_common/pico_double/double_aeabi.S.obj
                0x0000000010003eba                __wrap___aeabi_dcmpun
 *fill*         0x0000000010003ed6        0x2 
 .text.__wrap___aeabi_i2d
                0x0000000010003ed8       0x38 CMakeFiles/mbot_classic_motor_test.dir/lib/pico-sdk/src/rp2_common/pico_double/double_aeabi.S.obj
                0x0000000010003ed8                __wrap___aeabi_ui2d
                0x0000000010003ee0                __wrap___aeabi_i2d
 .text.__wrap___aeabi_d2iz
                0x0000000010003f10       0x48 CMakeFiles/mbot_classic_motor_test.dir/lib/pico-sdk/src/rp2_common/pico_double/double_aeabi.S.obj
                0x0000000010003f10                __wrap___aeabi_d2iz
                0x0000000010003f10                double2int_z
 .text.__wrap___aeabi_d2uiz
                0x0000000010003f58       0x18 CMakeFiles/mbot_classic_motor_test.dir/lib/pico-sdk/src/rp2_common/pico_double/double_aeabi.S.obj
                0x0000000010003f58                double2uint
                0x0000000010003f58                __wrap___aeabi_d2uiz
 .text.__wrap___aeabi_d2f
                0x0000000010003f70       0x18 CMakeFiles/mbot_classic_motor_test.dir/lib/pico-sdk/src/rp2_common/pico_double/double_aeabi.S.obj
                0x0000000010003f70                __wrap___aeabi_d2f
 .text.__aeabi_double_init
                0x0000000010003f88       0xc8 CMakeFiles/mbot_classic_motor_test.dir/lib/pico-sdk/src/rp2_common/pico_double/double_init_rom.c.obj
                0x0000000010003f88                __aeabi_double_init
 .text.double_table_shim_on_use_helper
                0x0000000010004050       0x34 CMakeFiles/mbot_classic_motor_test.dir/lib/pico-sdk/src/rp2_common/pico_double/double_v1_rom_shim.S.obj
                0x0000000010004050                double_table_shim_on_use_helper
 .text.__wrap___aeabi_dsub
                0x0000000010004084       0x10 CMakeFiles/mbot_classic_motor_test.dir/lib/pico-sdk/src/rp2_common/pico_double/double_v1_rom_shim.S.obj
                0x0000000010004084                drsub_shim
                0x000000001000408a                dsub_shim
 .text.dadd_shim
                0x0000000010004094      0x15c CMakeFiles/mbot_classic_motor_test.dir/lib/pico-sdk/src/rp2_common/pico_double/double_v1_rom_shim.S.obj
                0x0000000010004094                dadd_shim
 .text.dmul_shim
                0x00000000100041f0      0x15c CMakeFiles/mbot_classic_motor_test.dir/lib/pico-sdk/src/rp2_common/pico_double/double_v1_rom_shim.S.obj
                0x00000000100041f0                dmul_shim
 .text.ddiv_shim
                0x000000001000434c      0x1b0 CMakeFiles/mbot_classic_motor_test.dir/lib/pico-sdk/src/rp2_common/pico_double/double_v1_rom_shim.S.obj
                0x000000001000434c                ddiv_shim
 .text.double2uint_shim
                0x00000000100044fc        0xe CMakeFiles/mbot_classic_motor_test.dir/lib/pico-sdk/src/rp2_common/pico_double/double_v1_rom_shim.S.obj
                0x00000000100044fc                double2uint_shim
                0x00000000100044fe                double2ufix_shim
 *fill*         0x000000001000450a        0x2 
 .text.double2uint64_shim
                0x000000001000450c       0x70 CMakeFiles/mbot_classic_motor_test.dir/lib/pico-sdk/src/rp2_common/pico_double/double_v1_rom_shim.S.obj
                0x000000001000450c                double2uint64_shim
                0x000000001000450e                double2ufix64_shim
                0x000000001000452e                d2fix_a
 .text.double2float_shim
                0x000000001000457c       0x5c CMakeFiles/mbot_classic_motor_test.dir/lib/pico-sdk/src/rp2_common/pico_double/double_v1_rom_shim.S.obj
                0x000000001000457c                double2float_shim
 .text.dunpacks
                0x00000000100045d8       0x3c CMakeFiles/mbot_classic_motor_test.dir/lib/pico-sdk/src/rp2_common/pico_double/double_v1_rom_shim.S.obj
                0x00000000100045d8                dunpacks
 .text.__aeabi_lmul
                0x0000000010004614       0x32 CMakeFiles/mbot_classic_motor_test.dir/lib/pico-sdk/src/rp2_common/pico_int64_ops/pico_int64_ops_aeabi.S.obj
                0x0000000010004614                __wrap___aeabi_lmul
 *fill*         0x0000000010004646        0x2 
 .text.__wrap___aeabi_farithmetic
                0x0000000010004648       0x58 CMakeFiles/mbot_classic_motor_test.dir/lib/pico-sdk/src/rp2_common/pico_float/float_aeabi.S.obj
                0x0000000010004648                __wrap___aeabi_frsub
                0x000000001000464e                __wrap___aeabi_fsub
                0x0000000010004658                __wrap___aeabi_fadd
                0x0000000010004662                __wrap___aeabi_fdiv
                0x000000001000468e                __wrap___aeabi_fmul
 .text.__wrap___aeabi_cfcmple
                0x00000000100046a0       0x50 CMakeFiles/mbot_classic_motor_test.dir/lib/pico-sdk/src/rp2_common/pico_float/float_aeabi.S.obj
                0x00000000100046a0                __wrap___aeabi_cfrcmple
                0x00000000100046ac                __wrap___aeabi_cfcmpeq
                0x00000000100046ac                __wrap___aeabi_cfcmple
 .text.__wrap___aeabi_fcmplt
                0x00000000100046f0        0xc CMakeFiles/mbot_classic_motor_test.dir/lib/pico-sdk/src/rp2_common/pico_float/float_aeabi.S.obj
                0x00000000100046f0                __wrap___aeabi_fcmplt
 .text.__wrap___aeabi_fcmpge
                0x00000000100046fc       0x10 CMakeFiles/mbot_classic_motor_test.dir/lib/pico-sdk/src/rp2_common/pico_float/float_aeabi.S.obj
                0x00000000100046fc                __wrap___aeabi_fcmpge
 .text.__wrap___aeabi_fcmpgt
                0x000000001000470c        0xa CMakeFiles/mbot_classic_motor_test.dir/lib/pico-sdk/src/rp2_common/pico_float/float_aeabi.S.obj
                0x000000001000470c                __wrap___aeabi_fcmpgt
 *fill*         0x0000000010004716        0x2 
 .text.__wrap___aeabi_i2f
                0x0000000010004718       0x44 CMakeFiles/mbot_classic_motor_test.dir/lib/pico-sdk/src/rp2_common/pico_float/float_aeabi.S.obj
                0x0000000010004718                __wrap___aeabi_i2f
 .text.__wrap___aeabi_f2uiz
                0x000000001000475c       0x10 CMakeFiles/mbot_classic_motor_test.dir/lib/pico-sdk/src/rp2_common/pico_float/float_aeabi.S.obj
                0x000000001000475c                __wrap___aeabi_f2uiz
 .text.__wrap___aeabi_f2d
                0x000000001000476c       0x14 CMakeFiles/mbot_classic_motor_test.dir/lib/pico-sdk/src/rp2_common/pico_float/float_aeabi.S.obj
                0x000000001000476c                __wrap___aeabi_f2d
 .text.__aeabi_float_init
                0x0000000010004780       0xfc CMakeFiles/mbot_classic_motor_test.dir/lib/pico-sdk/src/rp2_common/pico_float/float_init_rom.c.obj
                0x0000000010004780                __aeabi_float_init
 .text.float_table_shim_on_use_helper
                0x000000001000487c       0x34 CMakeFiles/mbot_classic_motor_test.dir/lib/pico-sdk/src/rp2_common/pico_float/float_v1_rom_shim.S.obj
                0x000000001000487c                float_table_shim_on_use_helper
 .text.float2double_shim
                0x00000000100048b0       0x30 CMakeFiles/mbot_classic_motor_test.dir/lib/pico-sdk/src/rp2_common/pico_float/float_v1_rom_shim.S.obj
                0x00000000100048b0                float2double_shim
 .text          0x00000000100048e0       0x10 CMakeFiles/mbot_classic_motor_test.dir/lib/pico-sdk/src/rp2_common/pico_mem_ops/mem_ops_aeabi.S.obj
                0x00000000100048e0                __aeabi_mem_init
 .text.memset   0x00000000100048f0        0xc CMakeFiles/mbot_classic_motor_test.dir/lib/pico-sdk/src/rp2_common/pico_mem_ops/mem_ops_aeabi.S.obj
                0x00000000100048f0                __wrap_memset
 .text.memcpy   0x00000000100048fc        0xc CMakeFiles/mbot_classic_motor_test.dir/lib/pico-sdk/src/rp2_common/pico_mem_ops/mem_ops_aeabi.S.obj
                0x00000000100048fc                __wrap___aeabi_memcpy
                0x00000000100048fc                __wrap_memcpy
 .text.stdio_out_chars_no_crlf
                0x0000000010004908        0xe CMakeFiles/mbot_classic_motor_test.dir/lib/pico-sdk/src/rp2_common/pico_stdio/stdio.c.obj
 *fill*         0x0000000010004916        0x2 
 .text.stdio_out_chars_crlf
                0x0000000010004918       0x80 CMakeFiles/mbot_classic_motor_test.dir/lib/pico-sdk/src/rp2_common/pico_stdio/stdio.c.obj
 .text.stdio_stack_buffer_flush
                0x0000000010004998       0x44 CMakeFiles/mbot_classic_motor_test.dir/lib/pico-sdk/src/rp2_common/pico_stdio/stdio.c.obj
 .text.stdio_buffered_printer
                0x00000000100049dc       0x20 CMakeFiles/mbot_classic_motor_test.dir/lib/pico-sdk/src/rp2_common/pico_stdio/stdio.c.obj
 .text.stdio_get_until
                0x00000000100049fc       0x80 CMakeFiles/mbot_classic_motor_test.dir/lib/pico-sdk/src/rp2_common/pico_stdio/stdio.c.obj
 .text.stdout_serialize_begin
                0x0000000010004a7c       0x30 CMakeFiles/mbot_classic_motor_test.dir/lib/pico-sdk/src/rp2_common/pico_stdio/stdio.c.obj
                0x0000000010004a7c                stdout_serialize_begin
 .text.stdout_serialize_end
                0x0000000010004aac       0x10 CMakeFiles/mbot_classic_motor_test.dir/lib/pico-sdk/src/rp2_common/pico_stdio/stdio.c.obj
                0x0000000010004aac                stdout_serialize_end
 .text.stdio_put_string
                0x0000000010004abc       0x98 CMakeFiles/mbot_classic_motor_test.dir/lib/pico-sdk/src/rp2_common/pico_stdio/stdio.c.obj
 .text._read    0x0000000010004b54       0x24 CMakeFiles/mbot_classic_motor_test.dir/lib/pico-sdk/src/rp2_common/pico_stdio/stdio.c.obj
                0x0000000010004b54                _read
 .text._write   0x0000000010004b78       0x22 CMakeFiles/mbot_classic_motor_test.dir/lib/pico-sdk/src/rp2_common/pico_stdio/stdio.c.obj
                0x0000000010004b78                _write
 *fill*         0x0000000010004b9a        0x2 
 .text.stdio_set_driver_enabled
                0x0000000010004b9c       0x2c CMakeFiles/mbot_classic_motor_test.dir/lib/pico-sdk/src/rp2_common/pico_stdio/stdio.c.obj
                0x0000000010004b9c                stdio_set_driver_enabled
 .text.stdio_flush
                0x0000000010004bc8       0x20 CMakeFiles/mbot_classic_motor_test.dir/lib/pico-sdk/src/rp2_common/pico_stdio/stdio.c.obj
                0x0000000010004bc8                stdio_flush
 .text.__wrap_puts
                0x0000000010004be8       0x1e CMakeFiles/mbot_classic_motor_test.dir/lib/pico-sdk/src/rp2_common/pico_stdio/stdio.c.obj
                0x0000000010004be8                __wrap_puts
 *fill*         0x0000000010004c06        0x2 
 .text.__wrap_vprintf
                0x0000000010004c08       0x44 CMakeFiles/mbot_classic_motor_test.dir/lib/pico-sdk/src/rp2_common/pico_stdio/stdio.c.obj
                0x0000000010004c08                __wrap_vprintf
 .text.__wrap_printf
                0x0000000010004c4c       0x18 CMakeFiles/mbot_classic_motor_test.dir/lib/pico-sdk/src/rp2_common/pico_stdio/stdio.c.obj
                0x0000000010004c4c                __wrap_printf
 .text.stdio_init_all
                0x0000000010004c64        0x8 CMakeFiles/mbot_classic_motor_test.dir/lib/pico-sdk/src/rp2_common/pico_stdio/stdio.c.obj
                0x0000000010004c64                stdio_init_all
 .text.resetd_init
                0x0000000010004c6c        0x2 CMakeFiles/mbot_classic_motor_test.dir/lib/pico-sdk/src/rp2_common/pico_stdio_usb/reset_interface.c.obj
 *fill*         0x0000000010004c6e        0x2 
 .text.resetd_reset
                0x0000000010004c70        0xc CMakeFiles/mbot_classic_motor_test.dir/lib/pico-sdk/src/rp2_common/pico_stdio_usb/reset_interface.c.obj
 .text.resetd_open
                0x0000000010004c7c       0x34 CMakeFiles/mbot_classic_motor_test.dir/lib/pico-sdk/src/rp2_common/pico_stdio_usb/reset_interface.c.obj
 .text.resetd_xfer_cb
                0x0000000010004cb0        0x4 CMakeFiles/mbot_classic_motor_test.dir/lib/pico-sdk/src/rp2_common/pico_stdio_usb/reset_interface.c.obj
 .text.reset_usb_boot
                0x0000000010004cb4       0x18 CMakeFiles/mbot_classic_motor_test.dir/lib/pico-sdk/src/rp2_common/pico_stdio_usb/reset_interface.c.obj
 .text.resetd_control_xfer_cb
                0x0000000010004ccc       0x5c CMakeFiles/mbot_classic_motor_test.dir/lib/pico-sdk/src/rp2_common/pico_stdio_usb/reset_interface.c.obj
 .text.usbd_app_driver_get_cb
                0x0000000010004d28        0xc CMakeFiles/mbot_classic_motor_test.dir/lib/pico-sdk/src/rp2_common/pico_stdio_usb/reset_interface.c.obj
                0x0000000010004d28                usbd_app_driver_get_cb
 .text.tud_cdc_line_coding_cb
                0x0000000010004d34       0x28 CMakeFiles/mbot_classic_motor_test.dir/lib/pico-sdk/src/rp2_common/pico_stdio_usb/reset_interface.c.obj
                0x0000000010004d34                tud_cdc_line_coding_cb
 .text.stdio_usb_in_chars
                0x0000000010004d5c       0x70 CMakeFiles/mbot_classic_motor_test.dir/lib/pico-sdk/src/rp2_common/pico_stdio_usb/stdio_usb.c.obj
                0x0000000010004d5c                stdio_usb_in_chars
 .text.low_priority_worker_irq
                0x0000000010004dcc       0x20 CMakeFiles/mbot_classic_motor_test.dir/lib/pico-sdk/src/rp2_common/pico_stdio_usb/stdio_usb.c.obj
 .text.stdio_usb_out_chars
                0x0000000010004dec       0xd4 CMakeFiles/mbot_classic_motor_test.dir/lib/pico-sdk/src/rp2_common/pico_stdio_usb/stdio_usb.c.obj
 .text.timer_task
                0x0000000010004ec0       0x40 CMakeFiles/mbot_classic_motor_test.dir/lib/pico-sdk/src/rp2_common/pico_stdio_usb/stdio_usb.c.obj
 .text.usb_irq  0x0000000010004f00       0x10 CMakeFiles/mbot_classic_motor_test.dir/lib/pico-sdk/src/rp2_common/pico_stdio_usb/stdio_usb.c.obj
 .text.stdio_usb_init
                0x0000000010004f10       0xec CMakeFiles/mbot_classic_motor_test.dir/lib/pico-sdk/src/rp2_common/pico_stdio_usb/stdio_usb.c.obj
                0x0000000010004f10                stdio_usb_init
 .text.tud_descriptor_device_cb
                0x0000000010004ffc        0x8 CMakeFiles/mbot_classic_motor_test.dir/lib/pico-sdk/src/rp2_common/pico_stdio_usb/stdio_usb_descriptors.c.obj
                0x0000000010004ffc                tud_descriptor_device_cb
 .text.tud_descriptor_configuration_cb
                0x0000000010005004        0x8 CMakeFiles/mbot_classic_motor_test.dir/lib/pico-sdk/src/rp2_common/pico_stdio_usb/stdio_usb_descriptors.c.obj
                0x0000000010005004                tud_descriptor_configuration_cb
 .text.tud_descriptor_string_cb
                0x000000001000500c       0x6c CMakeFiles/mbot_classic_motor_test.dir/lib/pico-sdk/src/rp2_common/pico_stdio_usb/stdio_usb_descriptors.c.obj
                0x000000001000500c                tud_descriptor_string_cb
 .text.hw_endpoint_get_by_addr
                0x0000000010005078       0x18 CMakeFiles/mbot_classic_motor_test.dir/lib/pico-sdk/lib/tinyusb/src/portable/raspberrypi/rp2040/dcd_rp2040.c.obj
 .text.reset_ep0_pid
                0x0000000010005090       0x28 CMakeFiles/mbot_classic_motor_test.dir/lib/pico-sdk/lib/tinyusb/src/portable/raspberrypi/rp2040/dcd_rp2040.c.obj
 .text._hw_endpoint_alloc
                0x00000000100050b8       0x70 CMakeFiles/mbot_classic_motor_test.dir/lib/pico-sdk/lib/tinyusb/src/portable/raspberrypi/rp2040/dcd_rp2040.c.obj
 .text.hw_endpoint_init
                0x0000000010005128       0x88 CMakeFiles/mbot_classic_motor_test.dir/lib/pico-sdk/lib/tinyusb/src/portable/raspberrypi/rp2040/dcd_rp2040.c.obj
 .text.reset_non_control_endpoints
                0x00000000100051b0       0x40 CMakeFiles/mbot_classic_motor_test.dir/lib/pico-sdk/lib/tinyusb/src/portable/raspberrypi/rp2040/dcd_rp2040.c.obj
 .text.hw_handle_buff_status
                0x00000000100051f0       0x8c CMakeFiles/mbot_classic_motor_test.dir/lib/pico-sdk/lib/tinyusb/src/portable/raspberrypi/rp2040/dcd_rp2040.c.obj
 .text.dcd_rp2040_irq
                0x000000001000527c       0xc0 CMakeFiles/mbot_classic_motor_test.dir/lib/pico-sdk/lib/tinyusb/src/portable/raspberrypi/rp2040/dcd_rp2040.c.obj
 .text.hw_endpoint_xfer
                0x000000001000533c       0x14 CMakeFiles/mbot_classic_motor_test.dir/lib/pico-sdk/lib/tinyusb/src/portable/raspberrypi/rp2040/dcd_rp2040.c.obj
 .text.dcd_int_enable
                0x0000000010005350       0x2c CMakeFiles/mbot_classic_motor_test.dir/lib/pico-sdk/lib/tinyusb/src/portable/raspberrypi/rp2040/dcd_rp2040.c.obj
                0x0000000010005350                dcd_int_enable
 .text.dcd_set_address
                0x000000001000537c       0x2c CMakeFiles/mbot_classic_motor_test.dir/lib/pico-sdk/lib/tinyusb/src/portable/raspberrypi/rp2040/dcd_rp2040.c.obj
                0x000000001000537c                dcd_set_address
 .text.dcd_connect
                0x00000000100053a8       0x10 CMakeFiles/mbot_classic_motor_test.dir/lib/pico-sdk/lib/tinyusb/src/portable/raspberrypi/rp2040/dcd_rp2040.c.obj
                0x00000000100053a8                dcd_connect
 .text.dcd_init
                0x00000000100053b8       0x7c CMakeFiles/mbot_classic_motor_test.dir/lib/pico-sdk/lib/tinyusb/src/portable/raspberrypi/rp2040/dcd_rp2040.c.obj
                0x00000000100053b8                dcd_init
 .text.dcd_edpt0_status_complete
                0x0000000010005434       0x1c CMakeFiles/mbot_classic_motor_test.dir/lib/pico-sdk/lib/tinyusb/src/portable/raspberrypi/rp2040/dcd_rp2040.c.obj
                0x0000000010005434                dcd_edpt0_status_complete
 .text.dcd_edpt_open
                0x0000000010005450       0x40 CMakeFiles/mbot_classic_motor_test.dir/lib/pico-sdk/lib/tinyusb/src/portable/raspberrypi/rp2040/dcd_rp2040.c.obj
                0x0000000010005450                dcd_edpt_open
 .text.dcd_edpt_close_all
                0x0000000010005490        0x8 CMakeFiles/mbot_classic_motor_test.dir/lib/pico-sdk/lib/tinyusb/src/portable/raspberrypi/rp2040/dcd_rp2040.c.obj
                0x0000000010005490                dcd_edpt_close_all
 .text.dcd_edpt_xfer
                0x0000000010005498       0x30 CMakeFiles/mbot_classic_motor_test.dir/lib/pico-sdk/lib/tinyusb/src/portable/raspberrypi/rp2040/dcd_rp2040.c.obj
                0x0000000010005498                dcd_edpt_xfer
 .text.dcd_edpt_stall
                0x00000000100054c8       0x2c CMakeFiles/mbot_classic_motor_test.dir/lib/pico-sdk/lib/tinyusb/src/portable/raspberrypi/rp2040/dcd_rp2040.c.obj
                0x00000000100054c8                dcd_edpt_stall
 .text.dcd_edpt_clear_stall
                0x00000000100054f4       0x20 CMakeFiles/mbot_classic_motor_test.dir/lib/pico-sdk/lib/tinyusb/src/portable/raspberrypi/rp2040/dcd_rp2040.c.obj
                0x00000000100054f4                dcd_edpt_clear_stall
 .text.prepare_ep_buffer
                0x0000000010005514       0x70 CMakeFiles/mbot_classic_motor_test.dir/lib/pico-sdk/lib/tinyusb/src/portable/raspberrypi/rp2040/rp2040_usb.c.obj
 .text.sync_ep_buffer
                0x0000000010005584       0x7c CMakeFiles/mbot_classic_motor_test.dir/lib/pico-sdk/lib/tinyusb/src/portable/raspberrypi/rp2040/rp2040_usb.c.obj
 .text._hw_endpoint_xfer_sync
                0x0000000010005600       0x28 CMakeFiles/mbot_classic_motor_test.dir/lib/pico-sdk/lib/tinyusb/src/portable/raspberrypi/rp2040/rp2040_usb.c.obj
 .text.rp2040_usb_init
                0x0000000010005628       0x4c CMakeFiles/mbot_classic_motor_test.dir/lib/pico-sdk/lib/tinyusb/src/portable/raspberrypi/rp2040/rp2040_usb.c.obj
                0x0000000010005628                rp2040_usb_init
 .text.hw_endpoint_reset_transfer
                0x0000000010005674        0xc CMakeFiles/mbot_classic_motor_test.dir/lib/pico-sdk/lib/tinyusb/src/portable/raspberrypi/rp2040/rp2040_usb.c.obj
                0x0000000010005674                hw_endpoint_reset_transfer
 .text._hw_endpoint_buffer_control_update32
                0x0000000010005680       0x58 CMakeFiles/mbot_classic_motor_test.dir/lib/pico-sdk/lib/tinyusb/src/portable/raspberrypi/rp2040/rp2040_usb.c.obj
                0x0000000010005680                _hw_endpoint_buffer_control_update32
 .text._hw_endpoint_start_next_buffer
                0x00000000100056d8       0x74 CMakeFiles/mbot_classic_motor_test.dir/lib/pico-sdk/lib/tinyusb/src/portable/raspberrypi/rp2040/rp2040_usb.c.obj
 .text.hw_endpoint_xfer_start
                0x000000001000574c       0x48 CMakeFiles/mbot_classic_motor_test.dir/lib/pico-sdk/lib/tinyusb/src/portable/raspberrypi/rp2040/rp2040_usb.c.obj
                0x000000001000574c                hw_endpoint_xfer_start
 .text.hw_endpoint_xfer_continue
                0x0000000010005794       0x38 CMakeFiles/mbot_classic_motor_test.dir/lib/pico-sdk/lib/tinyusb/src/portable/raspberrypi/rp2040/rp2040_usb.c.obj
                0x0000000010005794                hw_endpoint_xfer_continue
 .text.configuration_reset
                0x00000000100057cc       0x84 CMakeFiles/mbot_classic_motor_test.dir/lib/pico-sdk/lib/tinyusb/src/device/usbd.c.obj
 .text.usbd_reset
                0x0000000010005850        0xc CMakeFiles/mbot_classic_motor_test.dir/lib/pico-sdk/lib/tinyusb/src/device/usbd.c.obj
 .text.invoke_class_control
                0x000000001000585c       0x1a CMakeFiles/mbot_classic_motor_test.dir/lib/pico-sdk/lib/tinyusb/src/device/usbd.c.obj
 *fill*         0x0000000010005876        0x2 
 .text.process_set_config
                0x0000000010005878      0x1b0 CMakeFiles/mbot_classic_motor_test.dir/lib/pico-sdk/lib/tinyusb/src/device/usbd.c.obj
 .text.process_get_descriptor
                0x0000000010005a28       0xec CMakeFiles/mbot_classic_motor_test.dir/lib/pico-sdk/lib/tinyusb/src/device/usbd.c.obj
 .text.tud_mounted
                0x0000000010005b14       0x10 CMakeFiles/mbot_classic_motor_test.dir/lib/pico-sdk/lib/tinyusb/src/device/usbd.c.obj
                0x0000000010005b14                tud_mounted
 .text.tud_suspended
                0x0000000010005b24       0x10 CMakeFiles/mbot_classic_motor_test.dir/lib/pico-sdk/lib/tinyusb/src/device/usbd.c.obj
                0x0000000010005b24                tud_suspended
 .text.tud_inited
                0x0000000010005b34        0xc CMakeFiles/mbot_classic_motor_test.dir/lib/pico-sdk/lib/tinyusb/src/device/usbd.c.obj
                0x0000000010005b34                tud_inited
 .text.tud_init
                0x0000000010005b40       0xcc CMakeFiles/mbot_classic_motor_test.dir/lib/pico-sdk/lib/tinyusb/src/device/usbd.c.obj
                0x0000000010005b40                tud_init
 .text.dcd_event_handler
                0x0000000010005c0c      0x1e0 CMakeFiles/mbot_classic_motor_test.dir/lib/pico-sdk/lib/tinyusb/src/device/usbd.c.obj
                0x0000000010005c0c                dcd_event_handler
 .text.dcd_event_bus_signal
                0x0000000010005dec       0x26 CMakeFiles/mbot_classic_motor_test.dir/lib/pico-sdk/lib/tinyusb/src/device/usbd.c.obj
                0x0000000010005dec                dcd_event_bus_signal
 .text.dcd_event_bus_reset
                0x0000000010005e12       0x2a CMakeFiles/mbot_classic_motor_test.dir/lib/pico-sdk/lib/tinyusb/src/device/usbd.c.obj
                0x0000000010005e12                dcd_event_bus_reset
 .text.dcd_event_setup_received
                0x0000000010005e3c       0x34 CMakeFiles/mbot_classic_motor_test.dir/lib/pico-sdk/lib/tinyusb/src/device/usbd.c.obj
                0x0000000010005e3c                dcd_event_setup_received
 .text.dcd_event_xfer_complete
                0x0000000010005e70       0x44 CMakeFiles/mbot_classic_motor_test.dir/lib/pico-sdk/lib/tinyusb/src/device/usbd.c.obj
                0x0000000010005e70                dcd_event_xfer_complete
 .text.usbd_edpt_open
                0x0000000010005eb4       0x58 CMakeFiles/mbot_classic_motor_test.dir/lib/pico-sdk/lib/tinyusb/src/device/usbd.c.obj
                0x0000000010005eb4                usbd_edpt_open
 .text.usbd_open_edpt_pair
                0x0000000010005f0c       0x8c CMakeFiles/mbot_classic_motor_test.dir/lib/pico-sdk/lib/tinyusb/src/device/usbd.c.obj
                0x0000000010005f0c                usbd_open_edpt_pair
 .text.usbd_edpt_claim
                0x0000000010005f98       0x8c CMakeFiles/mbot_classic_motor_test.dir/lib/pico-sdk/lib/tinyusb/src/device/usbd.c.obj
                0x0000000010005f98                usbd_edpt_claim
 .text.usbd_edpt_release
                0x0000000010006024       0x68 CMakeFiles/mbot_classic_motor_test.dir/lib/pico-sdk/lib/tinyusb/src/device/usbd.c.obj
                0x0000000010006024                usbd_edpt_release
 .text.usbd_edpt_xfer
                0x000000001000608c       0x80 CMakeFiles/mbot_classic_motor_test.dir/lib/pico-sdk/lib/tinyusb/src/device/usbd.c.obj
                0x000000001000608c                usbd_edpt_xfer
 .text.usbd_edpt_stall
                0x000000001000610c       0x40 CMakeFiles/mbot_classic_motor_test.dir/lib/pico-sdk/lib/tinyusb/src/device/usbd.c.obj
                0x000000001000610c                usbd_edpt_stall
 .text.usbd_edpt_clear_stall
                0x000000001000614c       0x40 CMakeFiles/mbot_classic_motor_test.dir/lib/pico-sdk/lib/tinyusb/src/device/usbd.c.obj
                0x000000001000614c                usbd_edpt_clear_stall
 .text.usbd_edpt_stalled
                0x000000001000618c       0x1c CMakeFiles/mbot_classic_motor_test.dir/lib/pico-sdk/lib/tinyusb/src/device/usbd.c.obj
                0x000000001000618c                usbd_edpt_stalled
 .text.process_control_request
                0x00000000100061a8      0x3b8 CMakeFiles/mbot_classic_motor_test.dir/lib/pico-sdk/lib/tinyusb/src/device/usbd.c.obj
 .text.tud_task
                0x0000000010006560      0x218 CMakeFiles/mbot_classic_motor_test.dir/lib/pico-sdk/lib/tinyusb/src/device/usbd.c.obj
                0x0000000010006560                tud_task
 .text._data_stage_xact
                0x0000000010006778       0x58 CMakeFiles/mbot_classic_motor_test.dir/lib/pico-sdk/lib/tinyusb/src/device/usbd_control.c.obj
 .text.tud_control_status
                0x00000000100067d0       0x38 CMakeFiles/mbot_classic_motor_test.dir/lib/pico-sdk/lib/tinyusb/src/device/usbd_control.c.obj
                0x00000000100067d0                tud_control_status
 .text.tud_control_xfer
                0x0000000010006808       0xa8 CMakeFiles/mbot_classic_motor_test.dir/lib/pico-sdk/lib/tinyusb/src/device/usbd_control.c.obj
                0x0000000010006808                tud_control_xfer
 .text.usbd_control_reset
                0x00000000100068b0       0x14 CMakeFiles/mbot_classic_motor_test.dir/lib/pico-sdk/lib/tinyusb/src/device/usbd_control.c.obj
                0x00000000100068b0                usbd_control_reset
 .text.usbd_control_set_complete_callback
                0x00000000100068c4        0xc CMakeFiles/mbot_classic_motor_test.dir/lib/pico-sdk/lib/tinyusb/src/device/usbd_control.c.obj
                0x00000000100068c4                usbd_control_set_complete_callback
 .text.usbd_control_set_request
                0x00000000100068d0       0x1c CMakeFiles/mbot_classic_motor_test.dir/lib/pico-sdk/lib/tinyusb/src/device/usbd_control.c.obj
                0x00000000100068d0                usbd_control_set_request
 .text.usbd_control_xfer_cb
                0x00000000100068ec       0xfc CMakeFiles/mbot_classic_motor_test.dir/lib/pico-sdk/lib/tinyusb/src/device/usbd_control.c.obj
                0x00000000100068ec                usbd_control_xfer_cb
 .text._prep_out_transaction
                0x00000000100069e8       0x50 CMakeFiles/mbot_classic_motor_test.dir/lib/pico-sdk/lib/tinyusb/src/class/cdc/cdc_device.c.obj
 .text.tud_cdc_n_connected
                0x0000000010006a38       0x44 CMakeFiles/mbot_classic_motor_test.dir/lib/pico-sdk/lib/tinyusb/src/class/cdc/cdc_device.c.obj
                0x0000000010006a38                tud_cdc_n_connected
 .text.tud_cdc_n_available
                0x0000000010006a7c       0x1c CMakeFiles/mbot_classic_motor_test.dir/lib/pico-sdk/lib/tinyusb/src/class/cdc/cdc_device.c.obj
                0x0000000010006a7c                tud_cdc_n_available
 .text.tud_cdc_n_read
                0x0000000010006a98       0x28 CMakeFiles/mbot_classic_motor_test.dir/lib/pico-sdk/lib/tinyusb/src/class/cdc/cdc_device.c.obj
                0x0000000010006a98                tud_cdc_n_read
 .text.tud_cdc_n_write_flush
                0x0000000010006ac0       0xc8 CMakeFiles/mbot_classic_motor_test.dir/lib/pico-sdk/lib/tinyusb/src/class/cdc/cdc_device.c.obj
                0x0000000010006ac0                tud_cdc_n_write_flush
 .text.tud_cdc_n_write
                0x0000000010006b88       0x38 CMakeFiles/mbot_classic_motor_test.dir/lib/pico-sdk/lib/tinyusb/src/class/cdc/cdc_device.c.obj
                0x0000000010006b88                tud_cdc_n_write
 .text.tud_cdc_n_write_available
                0x0000000010006bc0       0x1c CMakeFiles/mbot_classic_motor_test.dir/lib/pico-sdk/lib/tinyusb/src/class/cdc/cdc_device.c.obj
                0x0000000010006bc0                tud_cdc_n_write_available
 .text.cdcd_init
                0x0000000010006bdc       0xc0 CMakeFiles/mbot_classic_motor_test.dir/lib/pico-sdk/lib/tinyusb/src/class/cdc/cdc_device.c.obj
                0x0000000010006bdc                cdcd_init
 .text.cdcd_reset
                0x0000000010006c9c       0x48 CMakeFiles/mbot_classic_motor_test.dir/lib/pico-sdk/lib/tinyusb/src/class/cdc/cdc_device.c.obj
                0x0000000010006c9c                cdcd_reset
 .text.cdcd_open
                0x0000000010006ce4       0xf8 CMakeFiles/mbot_classic_motor_test.dir/lib/pico-sdk/lib/tinyusb/src/class/cdc/cdc_device.c.obj
                0x0000000010006ce4                cdcd_open
 .text.cdcd_control_xfer_cb
                0x0000000010006ddc      0x134 CMakeFiles/mbot_classic_motor_test.dir/lib/pico-sdk/lib/tinyusb/src/class/cdc/cdc_device.c.obj
                0x0000000010006ddc                cdcd_control_xfer_cb
 .text.cdcd_xfer_cb
                0x0000000010006f10      0x144 CMakeFiles/mbot_classic_motor_test.dir/lib/pico-sdk/lib/tinyusb/src/class/cdc/cdc_device.c.obj
                0x0000000010006f10                cdcd_xfer_cb
 .text.tusb_init
                0x0000000010007054       0x24 CMakeFiles/mbot_classic_motor_test.dir/lib/pico-sdk/lib/tinyusb/src/tusb.c.obj
                0x0000000010007054                tusb_init
 .text.tusb_inited
                0x0000000010007078        0xe CMakeFiles/mbot_classic_motor_test.dir/lib/pico-sdk/lib/tinyusb/src/tusb.c.obj
                0x0000000010007078                tusb_inited
 *fill*         0x0000000010007086        0x2 
 .text.tu_edpt_validate
                0x0000000010007088       0xa8 CMakeFiles/mbot_classic_motor_test.dir/lib/pico-sdk/lib/tinyusb/src/tusb.c.obj
                0x0000000010007088                tu_edpt_validate
 .text.tu_edpt_bind_driver
                0x0000000010007130       0x2a CMakeFiles/mbot_classic_motor_test.dir/lib/pico-sdk/lib/tinyusb/src/tusb.c.obj
                0x0000000010007130                tu_edpt_bind_driver
 .text.advance_pointer
                0x000000001000715a       0x18 CMakeFiles/mbot_classic_motor_test.dir/lib/pico-sdk/lib/tinyusb/src/common/tusb_fifo.c.obj
 .text.backward_pointer
                0x0000000010007172       0x1e CMakeFiles/mbot_classic_motor_test.dir/lib/pico-sdk/lib/tinyusb/src/common/tusb_fifo.c.obj
 .text.get_relative_pointer
                0x0000000010007190       0x10 CMakeFiles/mbot_classic_motor_test.dir/lib/pico-sdk/lib/tinyusb/src/common/tusb_fifo.c.obj
 .text._tu_fifo_peek
                0x00000000100071a0       0x50 CMakeFiles/mbot_classic_motor_test.dir/lib/pico-sdk/lib/tinyusb/src/common/tusb_fifo.c.obj
 .text._ff_pull_const_addr
                0x00000000100071f0       0x4c CMakeFiles/mbot_classic_motor_test.dir/lib/pico-sdk/lib/tinyusb/src/common/tusb_fifo.c.obj
 .text._ff_pull_n
                0x000000001000723c      0x10c CMakeFiles/mbot_classic_motor_test.dir/lib/pico-sdk/lib/tinyusb/src/common/tusb_fifo.c.obj
 .text._tu_fifo_peek_n
                0x0000000010007348       0x5e CMakeFiles/mbot_classic_motor_test.dir/lib/pico-sdk/lib/tinyusb/src/common/tusb_fifo.c.obj
 .text._tu_fifo_read_n
                0x00000000100073a6       0x4e CMakeFiles/mbot_classic_motor_test.dir/lib/pico-sdk/lib/tinyusb/src/common/tusb_fifo.c.obj
 .text._ff_push_const_addr
                0x00000000100073f4       0x40 CMakeFiles/mbot_classic_motor_test.dir/lib/pico-sdk/lib/tinyusb/src/common/tusb_fifo.c.obj
 .text._ff_push_n
                0x0000000010007434      0x108 CMakeFiles/mbot_classic_motor_test.dir/lib/pico-sdk/lib/tinyusb/src/common/tusb_fifo.c.obj
 .text._tu_fifo_write_n
                0x000000001000753c       0x9e CMakeFiles/mbot_classic_motor_test.dir/lib/pico-sdk/lib/tinyusb/src/common/tusb_fifo.c.obj
 .text.tu_fifo_config
                0x00000000100075da       0x72 CMakeFiles/mbot_classic_motor_test.dir/lib/pico-sdk/lib/tinyusb/src/common/tusb_fifo.c.obj
                0x00000000100075da                tu_fifo_config
 .text.tu_fifo_count
                0x000000001000764c       0x26 CMakeFiles/mbot_classic_motor_test.dir/lib/pico-sdk/lib/tinyusb/src/common/tusb_fifo.c.obj
                0x000000001000764c                tu_fifo_count
 .text.tu_fifo_empty
                0x0000000010007672       0x10 CMakeFiles/mbot_classic_motor_test.dir/lib/pico-sdk/lib/tinyusb/src/common/tusb_fifo.c.obj
                0x0000000010007672                tu_fifo_empty
 .text.tu_fifo_remaining
                0x0000000010007682       0x20 CMakeFiles/mbot_classic_motor_test.dir/lib/pico-sdk/lib/tinyusb/src/common/tusb_fifo.c.obj
                0x0000000010007682                tu_fifo_remaining
 .text.tu_fifo_read
                0x00000000100076a2       0x42 CMakeFiles/mbot_classic_motor_test.dir/lib/pico-sdk/lib/tinyusb/src/common/tusb_fifo.c.obj
                0x00000000100076a2                tu_fifo_read
 .text.tu_fifo_read_n
                0x00000000100076e4        0xa CMakeFiles/mbot_classic_motor_test.dir/lib/pico-sdk/lib/tinyusb/src/common/tusb_fifo.c.obj
                0x00000000100076e4                tu_fifo_read_n
 .text.tu_fifo_write
                0x00000000100076ee       0x6c CMakeFiles/mbot_classic_motor_test.dir/lib/pico-sdk/lib/tinyusb/src/common/tusb_fifo.c.obj
                0x00000000100076ee                tu_fifo_write
 .text.tu_fifo_write_n
                0x000000001000775a        0xa CMakeFiles/mbot_classic_motor_test.dir/lib/pico-sdk/lib/tinyusb/src/common/tusb_fifo.c.obj
                0x000000001000775a                tu_fifo_write_n
 .text.tu_fifo_clear
                0x0000000010007764       0x4c CMakeFiles/mbot_classic_motor_test.dir/lib/pico-sdk/lib/tinyusb/src/common/tusb_fifo.c.obj
                0x0000000010007764                tu_fifo_clear
 .text.tu_fifo_set_overwritable
                0x00000000100077b0       0x3c CMakeFiles/mbot_classic_motor_test.dir/lib/pico-sdk/lib/tinyusb/src/common/tusb_fifo.c.obj
                0x00000000100077b0                tu_fifo_set_overwritable
 .text._retrieve_unique_id_on_boot
                0x00000000100077ec       0x10 CMakeFiles/mbot_classic_motor_test.dir/lib/pico-sdk/src/rp2_common/pico_unique_id/unique_id.c.obj
 .text.pico_get_unique_board_id_string
                0x00000000100077fc       0x60 CMakeFiles/mbot_classic_motor_test.dir/lib/pico-sdk/src/rp2_common/pico_unique_id/unique_id.c.obj
                0x00000000100077fc                pico_get_unique_board_id_string
 .text.flash_get_unique_id
                0x000000001000785c       0x46 CMakeFiles/mbot_classic_motor_test.dir/lib/pico-sdk/src/rp2_common/hardware_flash/flash.c.obj
                0x000000001000785c                flash_get_unique_id
 *fill*         0x00000000100078a2        0x2 
 .text.mbot_motor_init_freq
                0x00000000100078a4      0x12c mbot/libmbotlib.a(motor.c.obj)
                0x00000000100078a4                mbot_motor_init_freq
 .text.mbot_motor_cleanup
                0x00000000100079d0       0x74 mbot/libmbotlib.a(motor.c.obj)
                0x00000000100079d0                mbot_motor_cleanup
 .text.mbot_motor_set_duty
                0x0000000010007a44      0x130 mbot/libmbotlib.a(motor.c.obj)
                0x0000000010007a44                mbot_motor_set_duty
 .text          0x0000000010007b74       0xfc /usr/lib/gcc/arm-none-eabi/10.3.1/../../../arm-none-eabi/lib/thumb/v6-m/nofp/libg.a(lib_a-fwrite.o)
                0x0000000010007b74                _fwrite_r
                0x0000000010007bf0                fwrite
 .text          0x0000000010007c70      0x574 /usr/lib/gcc/arm-none-eabi/10.3.1/../../../arm-none-eabi/lib/thumb/v6-m/nofp/libg.a(lib_a-mallocr.o)
                0x0000000010007c70                _malloc_r
 .text          0x00000000100081e4        0x8 /usr/lib/gcc/arm-none-eabi/10.3.1/../../../arm-none-eabi/lib/thumb/v6-m/nofp/libg.a(lib_a-mlock.o)
                0x00000000100081e4                __malloc_lock
                0x00000000100081e8                __malloc_unlock
 .text          0x00000000100081ec      0x354 /usr/lib/gcc/arm-none-eabi/10.3.1/../../../arm-none-eabi/lib/thumb/v6-m/nofp/libg.a(lib_a-reallocr.o)
                0x00000000100081ec                _realloc_r
 .text          0x0000000010008540       0x24 /usr/lib/gcc/arm-none-eabi/10.3.1/../../../arm-none-eabi/lib/thumb/v6-m/nofp/libg.a(lib_a-sbrkr.o)
                0x0000000010008540                _sbrk_r
 .text          0x0000000010008564       0x5c /usr/lib/gcc/arm-none-eabi/10.3.1/../../../arm-none-eabi/lib/thumb/v6-m/nofp/libg.a(lib_a-strlen-stub.o)
                0x0000000010008564                strlen
 .text          0x00000000100085c0      0x248 /usr/lib/gcc/arm-none-eabi/10.3.1/../../../arm-none-eabi/lib/thumb/v6-m/nofp/libg.a(lib_a-findfp.o)
                0x00000000100085c4                _cleanup_r
                0x00000000100086c0                __sfmoreglue
                0x00000000100086f0                __sfp
                0x00000000100087a0                _cleanup
                0x00000000100087b8                __sinit
                0x00000000100087c8                __sfp_lock_acquire
                0x00000000100087cc                __sfp_lock_release
                0x00000000100087d0                __sinit_lock_acquire
                0x00000000100087d4                __sinit_lock_release
                0x00000000100087d8                __fp_lock_all
                0x00000000100087f0                __fp_unlock_all
 .text          0x0000000010008808      0x260 /usr/lib/gcc/arm-none-eabi/10.3.1/../../../arm-none-eabi/lib/thumb/v6-m/nofp/libg.a(lib_a-freer.o)
                0x0000000010008808                _malloc_trim_r
                0x00000000100088a4                _free_r
 .text          0x0000000010008a68      0x2f4 /usr/lib/gcc/arm-none-eabi/10.3.1/../../../arm-none-eabi/lib/thumb/v6-m/nofp/libg.a(lib_a-fvwrite.o)
                0x0000000010008a68                __sfvwrite_r
 .text          0x0000000010008d5c       0x88 /usr/lib/gcc/arm-none-eabi/10.3.1/../../../arm-none-eabi/lib/thumb/v6-m/nofp/libg.a(lib_a-fwalk.o)
                0x0000000010008d5c                _fwalk
                0x0000000010008d9c                _fwalk_reent
 .text          0x0000000010008de4       0x74 /usr/lib/gcc/arm-none-eabi/10.3.1/../../../arm-none-eabi/lib/thumb/v6-m/nofp/libg.a(lib_a-memchr-stub.o)
                0x0000000010008de4                memchr
 .text          0x0000000010008e58       0xac /usr/lib/gcc/arm-none-eabi/10.3.1/../../../arm-none-eabi/lib/thumb/v6-m/nofp/libg.a(lib_a-memmove.o)
                0x0000000010008e58                memmove
 .text          0x0000000010008f04       0xa4 /usr/lib/gcc/arm-none-eabi/10.3.1/../../../arm-none-eabi/lib/thumb/v6-m/nofp/libg.a(lib_a-stdio.o)
                0x0000000010008f04                __sread
                0x0000000010008f2c                __seofread
                0x0000000010008f30                __swrite
                0x0000000010008f70                __sseek
                0x0000000010008f9c                __sclose
 .text          0x0000000010008fa8       0x28 /usr/lib/gcc/arm-none-eabi/10.3.1/../../../arm-none-eabi/lib/thumb/v6-m/nofp/libg.a(lib_a-writer.o)
                0x0000000010008fa8                _write_r
 .text          0x0000000010008fd0       0xdc /usr/lib/gcc/arm-none-eabi/10.3.1/../../../arm-none-eabi/lib/thumb/v6-m/nofp/libg.a(lib_a-wsetup.o)
                0x0000000010008fd0                __swsetup_r
 .text          0x00000000100090ac       0x24 /usr/lib/gcc/arm-none-eabi/10.3.1/../../../arm-none-eabi/lib/thumb/v6-m/nofp/libg.a(lib_a-closer.o)
                0x00000000100090ac                _close_r
 .text          0x00000000100090d0       0xe8 /usr/lib/gcc/arm-none-eabi/10.3.1/../../../arm-none-eabi/lib/thumb/v6-m/nofp/libg.a(lib_a-fclose.o)
                0x0000000010009140                _fclose_r
                0x0000000010009178                fclose
 .text          0x00000000100091b8      0x1c0 /usr/lib/gcc/arm-none-eabi/10.3.1/../../../arm-none-eabi/lib/thumb/v6-m/nofp/libg.a(lib_a-fflush.o)
                0x00000000100091b8                __sflush_r
                0x00000000100092f8                _fflush_r
                0x0000000010009324                fflush
 .text          0x0000000010009378       0x28 /usr/lib/gcc/arm-none-eabi/10.3.1/../../../arm-none-eabi/lib/thumb/v6-m/nofp/libg.a(lib_a-lseekr.o)
                0x0000000010009378                _lseek_r
 .text          0x00000000100093a0      0x144 /usr/lib/gcc/arm-none-eabi/10.3.1/../../../arm-none-eabi/lib/thumb/v6-m/nofp/libg.a(lib_a-makebuf.o)
                0x00000000100093a0                __smakebuf_r
                0x0000000010009484                __swhatbuf_r
 .text          0x00000000100094e4       0x28 /usr/lib/gcc/arm-none-eabi/10.3.1/../../../arm-none-eabi/lib/thumb/v6-m/nofp/libg.a(lib_a-readr.o)
                0x00000000100094e4                _read_r
 .text          0x000000001000950c       0x28 /usr/lib/gcc/arm-none-eabi/10.3.1/../../../arm-none-eabi/lib/thumb/v6-m/nofp/libg.a(lib_a-fstatr.o)
                0x000000001000950c                _fstat_r
 .text          0x0000000010009534       0x24 /usr/lib/gcc/arm-none-eabi/10.3.1/../../../arm-none-eabi/lib/thumb/v6-m/nofp/libg.a(lib_a-isattyr.o)
                0x0000000010009534                _isatty_r
 .text          0x0000000010009558       0x10 /usr/lib/gcc/arm-none-eabi/10.3.1/../../../arm-none-eabi/lib/thumb/v6-m/nofp/libnosys.a(close.o)
                0x0000000010009558                _close
 .text          0x0000000010009568       0x10 /usr/lib/gcc/arm-none-eabi/10.3.1/../../../arm-none-eabi/lib/thumb/v6-m/nofp/libnosys.a(fstat.o)
                0x0000000010009568                _fstat
 .text          0x0000000010009578       0x10 /usr/lib/gcc/arm-none-eabi/10.3.1/../../../arm-none-eabi/lib/thumb/v6-m/nofp/libnosys.a(isatty.o)
                0x0000000010009578                _isatty
 .text          0x0000000010009588       0x10 /usr/lib/gcc/arm-none-eabi/10.3.1/../../../arm-none-eabi/lib/thumb/v6-m/nofp/libnosys.a(lseek.o)
                0x0000000010009588                _lseek
 *(.fini)
 .fini          0x0000000010009598        0x4 /usr/lib/gcc/arm-none-eabi/10.3.1/thumb/v6-m/nofp/crti.o
                0x0000000010009598                _fini
 *fill*         0x000000001000959c        0x4 
 .fini.__stub   0x00000000100095a0       0x70 linker stubs
 *crtbegin.o(.ctors)
 *crtbegin?.o(.ctors)
 *(EXCLUDE_FILE(*crtend.o *crtend?.o) .ctors)
 *(SORT_BY_NAME(.ctors.*))
 *(.ctors)
 *crtbegin.o(.dtors)
 *crtbegin?.o(.dtors)
 *(EXCLUDE_FILE(*crtend.o *crtend?.o) .dtors)
 *(SORT_BY_NAME(.dtors.*))
 *(.dtors)
 *(.eh_frame*)
 .eh_frame      0x0000000010009610        0x0 /usr/lib/gcc/arm-none-eabi/10.3.1/thumb/v6-m/nofp/crtbegin.o
                0x0000000010009610                . = ALIGN (0x4)

.glue_7         0x0000000010009610        0x0
 .glue_7        0x0000000010009610        0x0 linker stubs

.glue_7t        0x0000000010009610        0x0
 .glue_7t       0x0000000010009610        0x0 linker stubs

.vfp11_veneer   0x0000000010009610        0x0
 .vfp11_veneer  0x0000000010009610        0x0 linker stubs

.v4_bx          0x0000000010009610        0x0
 .v4_bx         0x0000000010009610        0x0 linker stubs

.iplt           0x0000000010009610        0x0
 .iplt          0x0000000010009610        0x0 /usr/lib/gcc/arm-none-eabi/10.3.1/thumb/v6-m/nofp/crtbegin.o

.rodata         0x0000000010009610     0x18f4
 *(EXCLUDE_FILE(*libm.a: *libc.a:*lib_a-mem*.o *libgcc.a:) .rodata*)
 .rodata.mbot_init_pico.str1.4
                0x0000000010009610       0x46 CMakeFiles/mbot_classic_motor_test.dir/tests/mbot_classic_motor_test.c.obj
 *fill*         0x0000000010009656        0x2 
 .rodata.drive_motor_up_down.str1.4
                0x0000000010009658       0x16 CMakeFiles/mbot_classic_motor_test.dir/tests/mbot_classic_motor_test.c.obj
 *fill*         0x000000001000966e        0x2 
 .rodata.main.str1.4
                0x0000000010009670       0x5e CMakeFiles/mbot_classic_motor_test.dir/tests/mbot_classic_motor_test.c.obj
 *fill*         0x00000000100096ce        0x2 
 .rodata.spin_lock_claim_unused.str1.4
                0x00000000100096d0       0x1b CMakeFiles/mbot_classic_motor_test.dir/lib/pico-sdk/src/rp2_common/hardware_sync/sync.c.obj
 *fill*         0x00000000100096eb        0x1 
 .rodata.make_branch.str1.4
                0x00000000100096ec       0x72 CMakeFiles/mbot_classic_motor_test.dir/lib/pico-sdk/src/rp2_common/hardware_irq/irq.c.obj
 *fill*         0x000000001000975e        0x2 
 .rodata.insert_branch_and_link.str1.4
                0x0000000010009760       0x10 CMakeFiles/mbot_classic_motor_test.dir/lib/pico-sdk/src/rp2_common/hardware_irq/irq.c.obj
 .rodata.irq_set_exclusive_handler.str1.4
                0x0000000010009770       0x36 CMakeFiles/mbot_classic_motor_test.dir/lib/pico-sdk/src/rp2_common/hardware_irq/irq.c.obj
 *fill*         0x00000000100097a6        0x2 
 .rodata.irq_add_shared_handler.str1.4
                0x00000000100097a8       0xd9 CMakeFiles/mbot_classic_motor_test.dir/lib/pico-sdk/src/rp2_common/hardware_irq/irq.c.obj
 *fill*         0x0000000010009881        0x3 
 .rodata.irq_remove_handler.str1.4
                0x0000000010009884       0x2a CMakeFiles/mbot_classic_motor_test.dir/lib/pico-sdk/src/rp2_common/hardware_irq/irq.c.obj
 *fill*         0x00000000100098ae        0x2 
 .rodata.irq_add_tail_to_free_list.str1.4
                0x00000000100098b0       0x3a CMakeFiles/mbot_classic_motor_test.dir/lib/pico-sdk/src/rp2_common/hardware_irq/irq.c.obj
 *fill*         0x00000000100098ea        0x2 
 .rodata.user_irq_claim_unused.str1.4
                0x00000000100098ec       0x1b CMakeFiles/mbot_classic_motor_test.dir/lib/pico-sdk/src/rp2_common/hardware_irq/irq.c.obj
 *fill*         0x0000000010009907        0x1 
 .rodata.__func__.0
                0x0000000010009908       0x1a CMakeFiles/mbot_classic_motor_test.dir/lib/pico-sdk/src/rp2_common/hardware_irq/irq.c.obj
 *fill*         0x0000000010009922        0x2 
 .rodata.__func__.1
                0x0000000010009924       0x17 CMakeFiles/mbot_classic_motor_test.dir/lib/pico-sdk/src/rp2_common/hardware_irq/irq.c.obj
 *fill*         0x000000001000993b        0x1 
 .rodata.__func__.2
                0x000000001000993c       0x13 CMakeFiles/mbot_classic_motor_test.dir/lib/pico-sdk/src/rp2_common/hardware_irq/irq.c.obj
 *fill*         0x000000001000994f        0x1 
 .rodata.__func__.3
                0x0000000010009950        0xc CMakeFiles/mbot_classic_motor_test.dir/lib/pico-sdk/src/rp2_common/hardware_irq/irq.c.obj
 .rodata.__func__.4
                0x000000001000995c        0xf CMakeFiles/mbot_classic_motor_test.dir/lib/pico-sdk/src/rp2_common/hardware_irq/irq.c.obj
 *fill*         0x000000001000996b        0x1 
 .rodata.__func__.5
                0x000000001000996c       0x17 CMakeFiles/mbot_classic_motor_test.dir/lib/pico-sdk/src/rp2_common/hardware_irq/irq.c.obj
 *fill*         0x0000000010009983        0x1 
 .rodata.__func__.6
                0x0000000010009984       0x1a CMakeFiles/mbot_classic_motor_test.dir/lib/pico-sdk/src/rp2_common/hardware_irq/irq.c.obj
 *fill*         0x000000001000999e        0x2 
 .rodata.repeating_timer_callback.str1.4
                0x00000000100099a0       0x50 CMakeFiles/mbot_classic_motor_test.dir/lib/pico-sdk/src/common/pico_time/time.c.obj
 .rodata.alarm_pool_dump_key.str1.4
                0x00000000100099f0       0x33 CMakeFiles/mbot_classic_motor_test.dir/lib/pico-sdk/src/common/pico_time/time.c.obj
 *fill*         0x0000000010009a23        0x1 
 .rodata.ph_add_child_node.str1.4
                0x0000000010009a24       0x9a CMakeFiles/mbot_classic_motor_test.dir/lib/pico-sdk/src/common/pico_time/time.c.obj
 *fill*         0x0000000010009abe        0x2 
 .rodata.add_alarm_under_lock.str1.4
                0x0000000010009ac0       0x28 CMakeFiles/mbot_classic_motor_test.dir/lib/pico-sdk/src/common/pico_time/time.c.obj
                                         0x2b (size before relaxing)
 .rodata.alarm_pool_alarm_callback.str1.4
                0x0000000010009ae8       0xea CMakeFiles/mbot_classic_motor_test.dir/lib/pico-sdk/src/common/pico_time/time.c.obj
 *fill*         0x0000000010009bd2        0x2 
 .rodata.alarm_pool_get_default.str1.4
                0x0000000010009bd4       0x21 CMakeFiles/mbot_classic_motor_test.dir/lib/pico-sdk/src/common/pico_time/time.c.obj
 *fill*         0x0000000010009bf5        0x3 
 .rodata.alarm_pool_cancel_alarm.str1.4
                0x0000000010009bf8       0x27 CMakeFiles/mbot_classic_motor_test.dir/lib/pico-sdk/src/common/pico_time/time.c.obj
 *fill*         0x0000000010009c1f        0x1 
 .rodata.sleep_until.str1.4
                0x0000000010009c20       0x4d CMakeFiles/mbot_classic_motor_test.dir/lib/pico-sdk/src/common/pico_time/time.c.obj
 *fill*         0x0000000010009c6d        0x3 
 .rodata.__func__.1
                0x0000000010009c70       0x18 CMakeFiles/mbot_classic_motor_test.dir/lib/pico-sdk/src/common/pico_time/time.c.obj
 .rodata.__func__.10
                0x0000000010009c88       0x15 CMakeFiles/mbot_classic_motor_test.dir/lib/pico-sdk/src/common/pico_time/time.c.obj
 *fill*         0x0000000010009c9d        0x3 
 .rodata.__func__.11
                0x0000000010009ca0       0x1a CMakeFiles/mbot_classic_motor_test.dir/lib/pico-sdk/src/common/pico_time/time.c.obj
 *fill*         0x0000000010009cba        0x2 
 .rodata.__func__.12
                0x0000000010009cbc        0xa CMakeFiles/mbot_classic_motor_test.dir/lib/pico-sdk/src/common/pico_time/time.c.obj
 *fill*         0x0000000010009cc6        0x2 
 .rodata.__func__.3
                0x0000000010009cc8       0x17 CMakeFiles/mbot_classic_motor_test.dir/lib/pico-sdk/src/common/pico_time/time.c.obj
 *fill*         0x0000000010009cdf        0x1 
 .rodata.__func__.4
                0x0000000010009ce0       0x12 CMakeFiles/mbot_classic_motor_test.dir/lib/pico-sdk/src/common/pico_time/time.c.obj
 *fill*         0x0000000010009cf2        0x2 
 .rodata.__func__.5
                0x0000000010009cf4        0xd CMakeFiles/mbot_classic_motor_test.dir/lib/pico-sdk/src/common/pico_time/time.c.obj
 *fill*         0x0000000010009d01        0x3 
 .rodata.__func__.6
                0x0000000010009d04       0x12 CMakeFiles/mbot_classic_motor_test.dir/lib/pico-sdk/src/common/pico_time/time.c.obj
 *fill*         0x0000000010009d16        0x2 
 .rodata.__func__.7
                0x0000000010009d18        0xf CMakeFiles/mbot_classic_motor_test.dir/lib/pico-sdk/src/common/pico_time/time.c.obj
 *fill*         0x0000000010009d27        0x1 
 .rodata.__func__.8
                0x0000000010009d28        0xc CMakeFiles/mbot_classic_motor_test.dir/lib/pico-sdk/src/common/pico_time/time.c.obj
 .rodata.__func__.9
                0x0000000010009d34       0x15 CMakeFiles/mbot_classic_motor_test.dir/lib/pico-sdk/src/common/pico_time/time.c.obj
 *fill*         0x0000000010009d49        0x7 
 .rodata.at_the_end_of_time
                0x0000000010009d50        0x8 CMakeFiles/mbot_classic_motor_test.dir/lib/pico-sdk/src/common/pico_time/time.c.obj
                0x0000000010009d50                at_the_end_of_time
 .rodata.hardware_alarm_claim.str1.4
                0x0000000010009d58       0x22 CMakeFiles/mbot_classic_motor_test.dir/lib/pico-sdk/src/rp2_common/hardware_timer/timer.c.obj
 .rodata.busy_wait_us.str1.4
                0x0000000010009d7a       0x66 CMakeFiles/mbot_classic_motor_test.dir/lib/pico-sdk/src/rp2_common/hardware_timer/timer.c.obj
 *fill*         0x0000000010009d7a        0x2 
 .rodata.hardware_alarm_set_target.str1.4
                0x0000000010009d7c       0x6a CMakeFiles/mbot_classic_motor_test.dir/lib/pico-sdk/src/rp2_common/hardware_timer/timer.c.obj
 *fill*         0x0000000010009de6        0x2 
 .rodata.__func__.0
                0x0000000010009de8       0x1a CMakeFiles/mbot_classic_motor_test.dir/lib/pico-sdk/src/rp2_common/hardware_timer/timer.c.obj
 *fill*         0x0000000010009e02        0x2 
 .rodata.__func__.1
                0x0000000010009e04       0x15 CMakeFiles/mbot_classic_motor_test.dir/lib/pico-sdk/src/rp2_common/hardware_timer/timer.c.obj
 .rodata.ph_add_child_node.str1.4
                0x0000000010009e19       0x9a CMakeFiles/mbot_classic_motor_test.dir/lib/pico-sdk/src/common/pico_util/pheap.c.obj
 *fill*         0x0000000010009e19        0x3 
 .rodata.ph_remove_any_head.str1.4
                0x0000000010009e1c       0x94 CMakeFiles/mbot_classic_motor_test.dir/lib/pico-sdk/src/common/pico_util/pheap.c.obj
 .rodata.ph_remove_and_free_node.str1.4
                0x0000000010009eb0       0x1e CMakeFiles/mbot_classic_motor_test.dir/lib/pico-sdk/src/common/pico_util/pheap.c.obj
                                         0x26 (size before relaxing)
 *fill*         0x0000000010009ece        0x2 
 .rodata.__func__.0
                0x0000000010009ed0       0x18 CMakeFiles/mbot_classic_motor_test.dir/lib/pico-sdk/src/common/pico_util/pheap.c.obj
 .rodata.__func__.1
                0x0000000010009ee8       0x13 CMakeFiles/mbot_classic_motor_test.dir/lib/pico-sdk/src/common/pico_util/pheap.c.obj
 *fill*         0x0000000010009efb        0x1 
 .rodata.__func__.2
                0x0000000010009efc       0x12 CMakeFiles/mbot_classic_motor_test.dir/lib/pico-sdk/src/common/pico_util/pheap.c.obj
 *fill*         0x0000000010009f0e        0x2 
 .rodata.__func__.3
                0x0000000010009f10        0xc CMakeFiles/mbot_classic_motor_test.dir/lib/pico-sdk/src/common/pico_util/pheap.c.obj
 .rodata.str1.4
                0x0000000010009f1c       0x91 CMakeFiles/mbot_classic_motor_test.dir/lib/pico-sdk/src/common/pico_sync/mutex.c.obj
                                         0xf9 (size before relaxing)
 *fill*         0x0000000010009fad        0x3 
 .rodata.__func__.1
                0x0000000010009fb0        0xb CMakeFiles/mbot_classic_motor_test.dir/lib/pico-sdk/src/common/pico_sync/mutex.c.obj
 *fill*         0x0000000010009fbb        0x1 
 .rodata.__func__.3
                0x0000000010009fbc       0x18 CMakeFiles/mbot_classic_motor_test.dir/lib/pico-sdk/src/common/pico_sync/mutex.c.obj
 .rodata.__func__.4
                0x0000000010009fd4       0x15 CMakeFiles/mbot_classic_motor_test.dir/lib/pico-sdk/src/common/pico_sync/mutex.c.obj
 *fill*         0x0000000010009fe9        0x3 
 .rodata.__assert_func.str1.4
                0x0000000010009fec       0x3f CMakeFiles/mbot_classic_motor_test.dir/lib/pico-sdk/src/rp2_common/pico_runtime/runtime.c.obj
                                         0x43 (size before relaxing)
 *fill*         0x000000001000a02b        0x1 
 .rodata.runtime_init.str1.4
                0x000000001000a02c       0x66 CMakeFiles/mbot_classic_motor_test.dir/lib/pico-sdk/src/rp2_common/pico_runtime/runtime.c.obj
 *fill*         0x000000001000a092        0x2 
 .rodata.panic.str1.4
                0x000000001000a094       0x10 CMakeFiles/mbot_classic_motor_test.dir/lib/pico-sdk/src/rp2_common/pico_runtime/runtime.c.obj
                                         0x12 (size before relaxing)
 .rodata.__func__.1
                0x000000001000a0a4        0xd CMakeFiles/mbot_classic_motor_test.dir/lib/pico-sdk/src/rp2_common/pico_runtime/runtime.c.obj
 *fill*         0x000000001000a0b1        0x3 
 .rodata.clock_configure.str1.4
                0x000000001000a0b4       0x5c CMakeFiles/mbot_classic_motor_test.dir/lib/pico-sdk/src/rp2_common/hardware_clocks/clocks.c.obj
 .rodata.__func__.1
                0x000000001000a110       0x10 CMakeFiles/mbot_classic_motor_test.dir/lib/pico-sdk/src/rp2_common/hardware_clocks/clocks.c.obj
 .rodata.pll_init.str1.4
                0x000000001000a120      0x13f CMakeFiles/mbot_classic_motor_test.dir/lib/pico-sdk/src/rp2_common/hardware_pll/pll.c.obj
 *fill*         0x000000001000a25f        0x1 
 .rodata.__func__.0
                0x000000001000a260        0x9 CMakeFiles/mbot_classic_motor_test.dir/lib/pico-sdk/src/rp2_common/hardware_pll/pll.c.obj
 *fill*         0x000000001000a269        0x3 
 .rodata._ftoa.str1.4
                0x000000001000a26c       0x15 CMakeFiles/mbot_classic_motor_test.dir/lib/pico-sdk/src/rp2_common/pico_printf/printf.c.obj
 *fill*         0x000000001000a281        0x3 
 .rodata._vsnprintf
                0x000000001000a284      0x1e0 CMakeFiles/mbot_classic_motor_test.dir/lib/pico-sdk/src/rp2_common/pico_printf/printf.c.obj
 *fill*         0x000000001000a464        0x4 
 .rodata.pow10.0
                0x000000001000a468       0x50 CMakeFiles/mbot_classic_motor_test.dir/lib/pico-sdk/src/rp2_common/pico_printf/printf.c.obj
 .rodata.__aeabi_double_init.str1.4
                0x000000001000a4b8       0xad CMakeFiles/mbot_classic_motor_test.dir/lib/pico-sdk/src/rp2_common/pico_double/double_init_rom.c.obj
 *fill*         0x000000001000a565        0x3 
 .rodata.__func__.0
                0x000000001000a568       0x14 CMakeFiles/mbot_classic_motor_test.dir/lib/pico-sdk/src/rp2_common/pico_double/double_init_rom.c.obj
 .rodata.__aeabi_float_init.str1.4
                0x000000001000a57c       0x7f CMakeFiles/mbot_classic_motor_test.dir/lib/pico-sdk/src/rp2_common/pico_float/float_init_rom.c.obj
                                         0x83 (size before relaxing)
 *fill*         0x000000001000a5fb        0x1 
 .rodata.__func__.0
                0x000000001000a5fc       0x13 CMakeFiles/mbot_classic_motor_test.dir/lib/pico-sdk/src/rp2_common/pico_float/float_init_rom.c.obj
 *fill*         0x000000001000a60f        0x1 
 .rodata.str1.4
                0x000000001000a610       0x4c CMakeFiles/mbot_classic_motor_test.dir/lib/pico-sdk/src/rp2_common/pico_standard_link/binary_info.c.obj
 .rodata.__bi_44
                0x000000001000a65c        0xc CMakeFiles/mbot_classic_motor_test.dir/lib/pico-sdk/src/rp2_common/pico_standard_link/binary_info.c.obj
 .rodata.__bi_75
                0x000000001000a668        0xc CMakeFiles/mbot_classic_motor_test.dir/lib/pico-sdk/src/rp2_common/pico_standard_link/binary_info.c.obj
 .rodata.__bi_81
                0x000000001000a674        0xc CMakeFiles/mbot_classic_motor_test.dir/lib/pico-sdk/src/rp2_common/pico_standard_link/binary_info.c.obj
 .rodata.crlf_str.3
                0x000000001000a680        0x2 CMakeFiles/mbot_classic_motor_test.dir/lib/pico-sdk/src/rp2_common/pico_stdio/stdio.c.obj
 *fill*         0x000000001000a682        0x2 
 .rodata._resetd_driver
                0x000000001000a684       0x18 CMakeFiles/mbot_classic_motor_test.dir/lib/pico-sdk/src/rp2_common/pico_stdio_usb/reset_interface.c.obj
 .rodata.timer_task.str1.4
                0x000000001000a69c       0x72 CMakeFiles/mbot_classic_motor_test.dir/lib/pico-sdk/src/rp2_common/pico_stdio_usb/stdio_usb.c.obj
 .rodata.stdio_usb_init.str1.4
                0x000000001000a70e       0x66 CMakeFiles/mbot_classic_motor_test.dir/lib/pico-sdk/src/rp2_common/pico_stdio_usb/stdio_usb.c.obj
 *fill*         0x000000001000a70e        0x2 
 .rodata.str1.4
                0x000000001000a710       0x13 CMakeFiles/mbot_classic_motor_test.dir/lib/pico-sdk/src/rp2_common/pico_stdio_usb/stdio_usb.c.obj
 *fill*         0x000000001000a723        0x1 
 .rodata.__bi_167.2
                0x000000001000a724        0xc CMakeFiles/mbot_classic_motor_test.dir/lib/pico-sdk/src/rp2_common/pico_stdio_usb/stdio_usb.c.obj
 .rodata.__func__.0
                0x000000001000a730       0x15 CMakeFiles/mbot_classic_motor_test.dir/lib/pico-sdk/src/rp2_common/pico_stdio_usb/stdio_usb.c.obj
 *fill*         0x000000001000a745        0x3 
 .rodata.__func__.1
                0x000000001000a748        0xb CMakeFiles/mbot_classic_motor_test.dir/lib/pico-sdk/src/rp2_common/pico_stdio_usb/stdio_usb.c.obj
 *fill*         0x000000001000a753        0x1 
 .rodata.str1.4
                0x000000001000a754       0x2e CMakeFiles/mbot_classic_motor_test.dir/lib/pico-sdk/src/rp2_common/pico_stdio_usb/stdio_usb_descriptors.c.obj
 *fill*         0x000000001000a782        0x2 
 .rodata.usbd_desc_cfg
                0x000000001000a784       0x96 CMakeFiles/mbot_classic_motor_test.dir/lib/pico-sdk/src/rp2_common/pico_stdio_usb/stdio_usb_descriptors.c.obj
 *fill*         0x000000001000a81a        0x2 
 .rodata.usbd_desc_device
                0x000000001000a81c       0x12 CMakeFiles/mbot_classic_motor_test.dir/lib/pico-sdk/src/rp2_common/pico_stdio_usb/stdio_usb_descriptors.c.obj
 *fill*         0x000000001000a82e        0x2 
 .rodata.usbd_desc_str
                0x000000001000a830       0x18 CMakeFiles/mbot_classic_motor_test.dir/lib/pico-sdk/src/rp2_common/pico_stdio_usb/stdio_usb_descriptors.c.obj
 .rodata._hw_endpoint_alloc.str1.4
                0x000000001000a848       0xbd CMakeFiles/mbot_classic_motor_test.dir/lib/pico-sdk/lib/tinyusb/src/portable/raspberrypi/rp2040/dcd_rp2040.c.obj
 *fill*         0x000000001000a905        0x3 
 .rodata.dcd_rp2040_irq.str1.4
                0x000000001000a908       0x14 CMakeFiles/mbot_classic_motor_test.dir/lib/pico-sdk/lib/tinyusb/src/portable/raspberrypi/rp2040/dcd_rp2040.c.obj
 .rodata.dcd_int_enable.str1.4
                0x000000001000a91c        0xc CMakeFiles/mbot_classic_motor_test.dir/lib/pico-sdk/lib/tinyusb/src/portable/raspberrypi/rp2040/dcd_rp2040.c.obj
 .rodata.__func__.0
                0x000000001000a928        0xe CMakeFiles/mbot_classic_motor_test.dir/lib/pico-sdk/lib/tinyusb/src/portable/raspberrypi/rp2040/dcd_rp2040.c.obj
 *fill*         0x000000001000a936        0x2 
 .rodata.__func__.1
                0x000000001000a938        0xe CMakeFiles/mbot_classic_motor_test.dir/lib/pico-sdk/lib/tinyusb/src/portable/raspberrypi/rp2040/dcd_rp2040.c.obj
 *fill*         0x000000001000a946        0x2 
 .rodata.__func__.3
                0x000000001000a948       0x10 CMakeFiles/mbot_classic_motor_test.dir/lib/pico-sdk/lib/tinyusb/src/portable/raspberrypi/rp2040/dcd_rp2040.c.obj
 .rodata.__func__.5
                0x000000001000a958        0xf CMakeFiles/mbot_classic_motor_test.dir/lib/pico-sdk/lib/tinyusb/src/portable/raspberrypi/rp2040/dcd_rp2040.c.obj
 *fill*         0x000000001000a967        0x1 
 .rodata.__func__.6
                0x000000001000a968       0x13 CMakeFiles/mbot_classic_motor_test.dir/lib/pico-sdk/lib/tinyusb/src/portable/raspberrypi/rp2040/dcd_rp2040.c.obj
 *fill*         0x000000001000a97b        0x1 
 .rodata.__func__.7
                0x000000001000a97c        0x9 CMakeFiles/mbot_classic_motor_test.dir/lib/pico-sdk/lib/tinyusb/src/portable/raspberrypi/rp2040/dcd_rp2040.c.obj
 *fill*         0x000000001000a985        0x3 
 .rodata.sync_ep_buffer.str1.4
                0x000000001000a988       0x99 CMakeFiles/mbot_classic_motor_test.dir/lib/pico-sdk/lib/tinyusb/src/portable/raspberrypi/rp2040/rp2040_usb.c.obj
 *fill*         0x000000001000aa21        0x3 
 .rodata._hw_endpoint_buffer_control_update32.str1.4
                0x000000001000aa24       0x1f CMakeFiles/mbot_classic_motor_test.dir/lib/pico-sdk/lib/tinyusb/src/portable/raspberrypi/rp2040/rp2040_usb.c.obj
 *fill*         0x000000001000aa43        0x1 
 .rodata.hw_endpoint_xfer_start.str1.4
                0x000000001000aa44       0x38 CMakeFiles/mbot_classic_motor_test.dir/lib/pico-sdk/lib/tinyusb/src/portable/raspberrypi/rp2040/rp2040_usb.c.obj
 .rodata.hw_endpoint_xfer_continue.str1.4
                0x000000001000aa7c       0x29 CMakeFiles/mbot_classic_motor_test.dir/lib/pico-sdk/lib/tinyusb/src/portable/raspberrypi/rp2040/rp2040_usb.c.obj
 *fill*         0x000000001000aaa5        0x3 
 .rodata.str1.4